Component: ARM Compiler 5.06 update 6 (build 750) Tool: armlink [4d35ed]

==============================================================================

Section Cross References

    startup_stm32l433xx.o(RESET) refers to startup_stm32l433xx.o(STACK) for __initial_sp
    startup_stm32l433xx.o(RESET) refers to startup_stm32l433xx.o(.text) for Reset_Handler
    startup_stm32l433xx.o(RESET) refers to stm32l4xx_it.o(i.NMI_Handler) for NMI_Handler
    startup_stm32l433xx.o(RESET) refers to stm32l4xx_it.o(i.HardFault_Handler) for HardFault_Handler
    startup_stm32l433xx.o(RESET) refers to stm32l4xx_it.o(i.MemManage_Handler) for MemManage_Handler
    startup_stm32l433xx.o(RESET) refers to stm32l4xx_it.o(i.BusFault_Handler) for BusFault_Handler
    startup_stm32l433xx.o(RESET) refers to stm32l4xx_it.o(i.UsageFault_Handler) for UsageFault_Handler
    startup_stm32l433xx.o(RESET) refers to port.o(.emb_text) for SVC_Handler
    startup_stm32l433xx.o(RESET) refers to stm32l4xx_it.o(i.DebugMon_Handler) for DebugMon_Handler
    startup_stm32l433xx.o(RESET) refers to stm32l4xx_it.o(i.SysTick_Handler) for SysTick_Handler
    startup_stm32l433xx.o(RESET) refers to stm32l4xx_it.o(i.EXTI1_IRQHandler) for EXTI1_IRQHandler
    startup_stm32l433xx.o(RESET) refers to stm32l4xx_it.o(i.EXTI4_IRQHandler) for EXTI4_IRQHandler
    startup_stm32l433xx.o(RESET) refers to stm32l4xx_it.o(i.DMA1_Channel4_IRQHandler) for DMA1_Channel4_IRQHandler
    startup_stm32l433xx.o(RESET) refers to stm32l4xx_it.o(i.DMA1_Channel5_IRQHandler) for DMA1_Channel5_IRQHandler
    startup_stm32l433xx.o(RESET) refers to stm32l4xx_it.o(i.USART1_IRQHandler) for USART1_IRQHandler
    startup_stm32l433xx.o(.text) refers to system_stm32l4xx.o(i.SystemInit) for SystemInit
    startup_stm32l433xx.o(.text) refers to entry.o(.ARM.Collect$$$$00000000) for __main
    bsp_uart.o(i.HAL_GPIO_EXTI_Callback) refers to printfa.o(i.__0printf) for __2printf
    bsp_uart.o(i.HAL_GPIO_EXTI_Callback) refers to bsp_uart.o(.data) for shake_cnt
    bsp_uart.o(i.HAL_UART_TxCpltCallback) refers to bsp_uart.o(.bss) for RS232SendType3
    bsp_uart.o(i.UsartReceive_IDLE) refers to stm32l4xx_hal_uart.o(i.HAL_UART_DMAStop) for HAL_UART_DMAStop
    bsp_uart.o(i.UsartReceive_IDLE) refers to queue.o(i.xQueueGenericSendFromISR) for xQueueGenericSendFromISR
    bsp_uart.o(i.UsartReceive_IDLE) refers to stm32l4xx_hal_uart.o(i.HAL_UART_Receive_DMA) for HAL_UART_Receive_DMA
    bsp_uart.o(i.UsartReceive_IDLE) refers to bsp_uart.o(.data) for p_RS232RecvType3
    bsp_uart.o(i.UsartReceive_IDLE) refers to bsp_uart.o(.bss) for RS232RecvType3
    bsp_uart.o(i.fputc) refers to stm32l4xx_hal_uart.o(i.HAL_UART_Transmit) for HAL_UART_Transmit
    bsp_uart.o(i.fputc) refers to usart.o(.bss) for huart1
    bsp_uart.o(i.uart_init) refers to memseta.o(.text) for __aeabi_memclr
    bsp_uart.o(i.uart_init) refers to stm32l4xx_hal_uart.o(i.HAL_UART_Receive_DMA) for HAL_UART_Receive_DMA
    bsp_uart.o(i.uart_init) refers to bsp_uart.o(.bss) for RS232RecvType3
    bsp_uart.o(i.uart_init) refers to bsp_uart.o(.data) for p_RS232RecvType3
    bsp_uart.o(i.uart_init) refers to usart.o(.bss) for huart1
    bsp_uart.o(i.uart_queue_init) refers to queue.o(i.xQueueGenericCreate) for xQueueGenericCreate
    bsp_uart.o(i.uart_queue_init) refers to bsp_uart.o(.data) for xRS232SendQueue3
    bsp_uart.o(.data) refers to bsp_uart.o(.bss) for RS232RecvType3
    qma6981.o(i.QMA6981Init) refers to qma6981.o(i.QMA6981_INT_Register_config) for QMA6981_INT_Register_config
    qma6981.o(i.QMA6981Init) refers to qma6981.o(i.qma6981_int_enable) for qma6981_int_enable
    qma6981.o(i.QMA6981Init) refers to printfa.o(i.__0printf) for __2printf
    qma6981.o(i.QMA6981Init) refers to qma6981.o(.data) for g_sensor_open
    qma6981.o(i.QMA6981Read) refers to stm32l4xx_hal_i2c.o(i.HAL_I2C_Master_Transmit) for HAL_I2C_Master_Transmit
    qma6981.o(i.QMA6981Read) refers to main.o(i.Error_Handler) for Error_Handler
    qma6981.o(i.QMA6981Read) refers to stm32l4xx_hal_i2c.o(i.HAL_I2C_GetState) for HAL_I2C_GetState
    qma6981.o(i.QMA6981Read) refers to stm32l4xx_hal_i2c.o(i.HAL_I2C_GetError) for HAL_I2C_GetError
    qma6981.o(i.QMA6981Read) refers to stm32l4xx_hal.o(i.HAL_Delay) for HAL_Delay
    qma6981.o(i.QMA6981Read) refers to stm32l4xx_hal_i2c.o(i.HAL_I2C_Master_Receive) for HAL_I2C_Master_Receive
    qma6981.o(i.QMA6981Read) refers to i2c.o(.bss) for hi2c2
    qma6981.o(i.QMA6981ReadStep) refers to qma6981.o(i.QMA6981Read) for QMA6981Read
    qma6981.o(i.QMA6981SetMode) refers to qma6981.o(i.QMA6981Write) for QMA6981Write
    qma6981.o(i.QMA6981SoftReset) refers to qma6981.o(i.QMA6981Write) for QMA6981Write
    qma6981.o(i.QMA6981SoftReset) refers to stm32l4xx_hal.o(i.HAL_Delay) for HAL_Delay
    qma6981.o(i.QMA6981Write) refers to stm32l4xx_hal_i2c.o(i.HAL_I2C_Master_Transmit) for HAL_I2C_Master_Transmit
    qma6981.o(i.QMA6981Write) refers to main.o(i.Error_Handler) for Error_Handler
[...]
    i.DMA_SetConfig                          0x08000930   Section        0  stm32l4xx_hal_dma.o(i.DMA_SetConfig)
    DMA_SetConfig                            0x08000931   Thumb Code    48  stm32l4xx_hal_dma.o(i.DMA_SetConfig)
    i.DebugMon_Handler                       0x08000960   Section        0  stm32l4xx_it.o(i.DebugMon_Handler)
    i.EXTI1_IRQHandler                       0x08000962   Section        0  stm32l4xx_it.o(i.EXTI1_IRQHandler)
    i.EXTI4_IRQHandler                       0x08000968   Section        0  stm32l4xx_it.o(i.EXTI4_IRQHandler)
    i.Error_Handler                          0x0800096e   Section        0  main.o(i.Error_Handler)
    i.HAL_DMA_Abort                          0x08000970   Section        0  stm32l4xx_hal_dma.o(i.HAL_DMA_Abort)
    i.HAL_DMA_Abort_IT                       0x080009ca   Section        0  stm32l4xx_hal_dma.o(i.HAL_DMA_Abort_IT)
    i.HAL_DMA_GetError                       0x08000a26   Section        0  stm32l4xx_hal_dma.o(i.HAL_DMA_GetError)
    i.HAL_DMA_IRQHandler                     0x08000a2c   Section        0  stm32l4xx_hal_dma.o(i.HAL_DMA_IRQHandler)
    i.HAL_DMA_Init                           0x08000b2c   Section        0  stm32l4xx_hal_dma.o(i.HAL_DMA_Init)
    i.HAL_DMA_Start_IT                       0x08000c38   Section        0  stm32l4xx_hal_dma.o(i.HAL_DMA_Start_IT)
    i.HAL_Delay                              0x08000cd4   Section        0  stm32l4xx_hal.o(i.HAL_Delay)
    i.HAL_GPIO_EXTI_Callback                 0x08000cfc   Section        0  bsp_uart.o(i.HAL_GPIO_EXTI_Callback)
    i.HAL_GPIO_EXTI_IRQHandler               0x08000d44   Section        0  stm32l4xx_hal_gpio.o(i.HAL_GPIO_EXTI_IRQHandler)
    i.HAL_GPIO_Init                          0x08000d60   Section        0  stm32l4xx_hal_gpio.o(i.HAL_GPIO_Init)
    i.HAL_GPIO_WritePin                      0x08000f28   Section        0  stm32l4xx_hal_gpio.o(i.HAL_GPIO_WritePin)
    i.HAL_GetTick                            0x08000f34   Section        0  stm32l4xx_hal.o(i.HAL_GetTick)
    i.HAL_I2CEx_ConfigAnalogFilter           0x08000f40   Section        0  stm32l4xx_hal_i2c_ex.o(i.HAL_I2CEx_ConfigAnalogFilter)
    i.HAL_I2CEx_ConfigDigitalFilter          0x08000faa   Section        0  stm32l4xx_hal_i2c_ex.o(i.HAL_I2CEx_ConfigDigitalFilter)
    i.HAL_I2C_GetError                       0x08001012   Section        0  stm32l4xx_hal_i2c.o(i.HAL_I2C_GetError)
    i.HAL_I2C_GetState                       0x08001018   Section        0  stm32l4xx_hal_i2c.o(i.HAL_I2C_GetState)
    i.HAL_I2C_Init                           0x08001020   Section        0  stm32l4xx_hal_i2c.o(i.HAL_I2C_Init)
    i.HAL_I2C_Master_Receive                 0x080010e4   Section        0  stm32l4xx_hal_i2c.o(i.HAL_I2C_Master_Receive)
    i.HAL_I2C_Master_Transmit                0x08001248   Section        0  stm32l4xx_hal_i2c.o(i.HAL_I2C_Master_Transmit)
    i.HAL_I2C_MspInit                        0x080013a8   Section        0  i2c.o(i.HAL_I2C_MspInit)
    i.HAL_IncTick                            0x08001424   Section        0  stm32l4xx_hal.o(i.HAL_IncTick)
    i.HAL_Init                               0x0800143c   Section        0  stm32l4xx_hal.o(i.HAL_Init)
    i.HAL_InitTick                           0x0800145c   Section        0  stm32l4xx_hal.o(i.HAL_InitTick)
    i.HAL_MspInit                            0x080014b4   Section        0  stm32l4xx_hal_msp.o(i.HAL_MspInit)
    i.HAL_NVIC_EnableIRQ                     0x080014fc   Section        0  stm32l4xx_hal_cortex.o(i.HAL_NVIC_EnableIRQ)
    i.HAL_NVIC_SetPriority                   0x0800151c   Section        0  stm32l4xx_hal_cortex.o(i.HAL_NVIC_SetPriority)
    i.HAL_NVIC_SetPriorityGrouping           0x080015a0   Section        0  stm32l4xx_hal_cortex.o(i.HAL_NVIC_SetPriorityGrouping)
    i.HAL_PWREx_ControlVoltageScaling        0x080015c8   Section        0  stm32l4xx_hal_pwr_ex.o(i.HAL_PWREx_ControlVoltageScaling)
    i.HAL_PWREx_GetVoltageRange              0x08001654   Section        0  stm32l4xx_hal_pwr_ex.o(i.HAL_PWREx_GetVoltageRange)
    i.HAL_PWR_EnableBkUpAccess               0x08001664   Section        0  stm32l4xx_hal_pwr.o(i.HAL_PWR_EnableBkUpAccess)
    i.HAL_RCCEx_EnableMSIPLLMode             0x08001678   Section        0  stm32l4xx_hal_rcc_ex.o(i.HAL_RCCEx_EnableMSIPLLMode)
    i.HAL_RCCEx_PeriphCLKConfig              0x0800168c   Section        0  stm32l4xx_hal_rcc_ex.o(i.HAL_RCCEx_PeriphCLKConfig)
    i.HAL_RCC_ClockConfig                    0x08001a60   Section        0  stm32l4xx_hal_rcc.o(i.HAL_RCC_ClockConfig)
    i.HAL_RCC_GetHCLKFreq                    0x08001bdc   Section        0  stm32l4xx_hal_rcc.o(i.HAL_RCC_GetHCLKFreq)
    i.HAL_RCC_GetPCLK1Freq                   0x08001be8   Section        0  stm32l4xx_hal_rcc.o(i.HAL_RCC_GetPCLK1Freq)
    i.HAL_RCC_GetPCLK2Freq                   0x08001c0c   Section        0  stm32l4xx_hal_rcc.o(i.HAL_RCC_GetPCLK2Freq)
    i.HAL_RCC_GetSysClockFreq                0x08001c30   Section        0  stm32l4xx_hal_rcc.o(i.HAL_RCC_GetSysClockFreq)
    i.HAL_RCC_OscConfig                      0x08001d1c   Section        0  stm32l4xx_hal_rcc.o(i.HAL_RCC_OscConfig)
    i.HAL_SYSTICK_Config                     0x08002420   Section        0  stm32l4xx_hal_cortex.o(i.HAL_SYSTICK_Config)
    i.HAL_UARTEx_WakeupCallback              0x08002454   Section        0  stm32l4xx_hal_uart_ex.o(i.HAL_UARTEx_WakeupCallback)
    i.HAL_UART_DMAStop                       0x08002456   Section        0  stm32l4xx_hal_uart.o(i.HAL_UART_DMAStop)
    i.HAL_UART_ErrorCallback                 0x080024e2   Section        0  stm32l4xx_hal_uart.o(i.HAL_UART_ErrorCallback)
    i.HAL_UART_IRQHandler                    0x080024e4   Section        0  stm32l4xx_hal_uart.o(i.HAL_UART_IRQHandler)
    i.HAL_UART_Init                          0x08002674   Section        0  stm32l4xx_hal_uart.o(i.HAL_UART_Init)
    i.HAL_UART_MspInit                       0x080026e8   Section        0  usart.o(i.HAL_UART_MspInit)
    i.HAL_UART_Receive_DMA                   0x080027e8   Section        0  stm32l4xx_hal_uart.o(i.HAL_UART_Receive_DMA)
    i.HAL_UART_RxCpltCallback                0x080028a8   Section        0  stm32l4xx_hal_uart.o(i.HAL_UART_RxCpltCallback)
    i.HAL_UART_RxHalfCpltCallback            0x080028aa   Section        0  stm32l4xx_hal_uart.o(i.HAL_UART_RxHalfCpltCallback)
    i.HAL_UART_Transmit                      0x080028ac   Section        0  stm32l4xx_hal_uart.o(i.HAL_UART_Transmit)
    i.HAL_UART_TxCpltCallback                0x08002984   Section        0  bsp_uart.o(i.HAL_UART_TxCpltCallback)
    i.HardFault_Handler                      0x080029ac   Section        0  stm32l4xx_it.o(i.HardFault_Handler)
    i.I2C_Flush_TXDR                         0x080029ae   Section        0  stm32l4xx_hal_i2c.o(i.I2C_Flush_TXDR)
    I2C_Flush_TXDR                           0x080029af   Thumb Code    40  stm32l4xx_hal_i2c.o(i.I2C_Flush_TXDR)
    i.I2C_IsAcknowledgeFailed                0x080029d8   Section        0  stm32l4xx_hal_i2c.o(i.I2C_IsAcknowledgeFailed)
    I2C_IsAcknowledgeFailed                  0x080029d9   Thumb Code   148  stm32l4xx_hal_i2c.o(i.I2C_IsAcknowledgeFailed)
    i.I2C_TransferConfig                     0x08002a70   Section        0  stm32l4xx_hal_i2c.o(i.I2C_TransferConfig)
    I2C_TransferConfig                       0x08002a71   Thumb Code    52  stm32l4xx_hal_i2c.o(i.I2C_TransferConfig)
    i.I2C_WaitOnFlagUntilTimeout             0x08002aa4   Section        0  stm32l4xx_hal_i2c.o(i.I2C_WaitOnFlagUntilTimeout)
    I2C_WaitOnFlagUntilTimeout               0x08002aa5   Thumb Code    94  stm32l4xx_hal_i2c.o(i.I2C_WaitOnFlagUntilTimeout)
    i.I2C_WaitOnRXNEFlagUntilTimeout         0x08002b04   Section        0  stm32l4xx_hal_i2c.o(i.I2C_WaitOnRXNEFlagUntilTimeout)
    I2C_WaitOnRXNEFlagUntilTimeout           0x08002b05   Thumb Code   156  stm32l4xx_hal_i2c.o(i.I2C_WaitOnRXNEFlagUntilTimeout)
    i.I2C_WaitOnSTOPFlagUntilTimeout         0x08002ba4   Section        0  stm32l4xx_hal_i2c.o(i.I2C_WaitOnSTOPFlagUntilTimeout)
    I2C_WaitOnSTOPFlagUntilTimeout           0x08002ba5   Thumb Code    86  stm32l4xx_hal_i2c.o(i.I2C_WaitOnSTOPFlagUntilTimeout)
    i.I2C_WaitOnTXISFlagUntilTimeout         0x08002bfa   Section        0  stm32l4xx_hal_i2c.o(i.I2C_WaitOnTXISFlagUntilTimeout)
    I2C_WaitOnTXISFlagUntilTimeout           0x08002bfb   Thumb Code    90  stm32l4xx_hal_i2c.o(i.I2C_WaitOnTXISFlagUntilTimeout)
    i.MX_DMA_Init                            0x08002c54   Section        0  dma.o(i.MX_DMA_Init)
    i.MX_FREERTOS_Init                       0x08002c98   Section        0  freertos.o(i.MX_FREERTOS_Init)
    i.MX_GPIO_Init                           0x08002cdc   Section        0  gpio.o(i.MX_GPIO_Init)
    i.MX_I2C2_Init                           0x08002db8   Section        0  i2c.o(i.MX_I2C2_Init)
    i.MX_USART1_UART_Init                    0x08002e10   Section        0  usart.o(i.MX_USART1_UART_Init)
    i.MemManage_Handler                      0x08002e50   Section        0  stm32l4xx_it.o(i.MemManage_Handler)
    i.NMI_Handler                            0x08002e52   Section        0  stm32l4xx_it.o(i.NMI_Handler)
    i.QMA6981Init                            0x08002e54   Section        0  qma6981.o(i.QMA6981Init)
    i.QMA6981Read                            0x08002ec0   Section        0  qma6981.o(i.QMA6981Read)
    i.QMA6981SetMode                         0x08002f44   Section        0  qma6981.o(i.QMA6981SetMode)
    i.QMA6981SoftReset                       0x08002f52   Section        0  qma6981.o(i.QMA6981SoftReset)
    i.QMA6981Write                           0x08002f70   Section        0  qma6981.o(i.QMA6981Write)
    i.QMA6981_INT_Register_config            0x08002fb4   Section        0  qma6981.o(i.QMA6981_INT_Register_config)
    i.RCCEx_PLLSAI1_Config                   0x08003074   Section        0  stm32l4xx_hal_rcc_ex.o(i.RCCEx_PLLSAI1_Config)
    RCCEx_PLLSAI1_Config                     0x08003075   Thumb Code   376  stm32l4xx_hal_rcc_ex.o(i.RCCEx_PLLSAI1_Config)
    i.RCC_SetFlashLatencyFromMSIRange        0x080031fc   Section        0  stm32l4xx_hal_rcc.o(i.RCC_SetFlashLatencyFromMSIRange)
    RCC_SetFlashLatencyFromMSIRange          0x080031fd   Thumb Code   148  stm32l4xx_hal_rcc.o(i.RCC_SetFlashLatencyFromMSIRange)
    i.StartDefaultTask                       0x08003298   Section        0  freertos.o(i.StartDefaultTask)
    i.SysTick_Handler                        0x080032f0   Section        0  stm32l4xx_it.o(i.SysTick_Handler)
    i.SystemClock_Config                     0x08003308   Section        0  main.o(i.SystemClock_Config)
    i.SystemInit                             0x080033bc   Section        0  system_stm32l4xx.o(i.SystemInit)
    i.UART_AdvFeatureConfig                  0x0800340c   Section        0  stm32l4xx_hal_uart.o(i.UART_AdvFeatureConfig)
    i.UART_CheckIdleState                    0x08003504   Section        0  stm32l4xx_hal_uart.o(i.UART_CheckIdleState)
    i.UART_DMAAbortOnError                   0x08003572   Section        0  stm32l4xx_hal_uart.o(i.UART_DMAAbortOnError)
    UART_DMAAbortOnError                     0x08003573   Thumb Code    24  stm32l4xx_hal_uart.o(i.UART_DMAAbortOnError)
    i.UART_DMAError                          0x0800358a   Section        0  stm32l4xx_hal_uart.o(i.UART_DMAError)
    UART_DMAError                            0x0800358b   Thumb Code    86  stm32l4xx_hal_uart.o(i.UART_DMAError)
    i.UART_DMAReceiveCplt                    0x080035e0   Section        0  stm32l4xx_hal_uart.o(i.UART_DMAReceiveCplt)
    UART_DMAReceiveCplt                      0x080035e1   Thumb Code    70  stm32l4xx_hal_uart.o(i.UART_DMAReceiveCplt)
    i.UART_DMARxHalfCplt                     0x08003626   Section        0  stm32l4xx_hal_uart.o(i.UART_DMARxHalfCplt)
    UART_DMARxHalfCplt                       0x08003627   Thumb Code    14  stm32l4xx_hal_uart.o(i.UART_DMARxHalfCplt)
    i.UART_EndRxTransfer                     0x08003634   Section        0  stm32l4xx_hal_uart.o(i.UART_EndRxTransfer)
    UART_EndRxTransfer                       0x08003635   Thumb Code    34  stm32l4xx_hal_uart.o(i.UART_EndRxTransfer)
    i.UART_EndTransmit_IT                    0x08003656   Section        0  stm32l4xx_hal_uart.o(i.UART_EndTransmit_IT)
    UART_EndTransmit_IT                      0x08003657   Thumb Code    32  stm32l4xx_hal_uart.o(i.UART_EndTransmit_IT)
    i.UART_EndTxTransfer                     0x08003676   Section        0  stm32l4xx_hal_uart.o(i.UART_EndTxTransfer)
    UART_EndTxTransfer                       0x08003677   Thumb Code    18  stm32l4xx_hal_uart.o(i.UART_EndTxTransfer)
    i.UART_SetConfig                         0x08003688   Section        0  stm32l4xx_hal_uart.o(i.UART_SetConfig)
    i.UART_WaitOnFlagUntilTimeout            0x08003a92   Section        0  stm32l4xx_hal_uart.o(i.UART_WaitOnFlagUntilTimeout)
    i.USART1_IRQHandler                      0x08003afc   Section        0  stm32l4xx_it.o(i.USART1_IRQHandler)
    i.UsageFault_Handler                     0x08003b14   Section        0  stm32l4xx_it.o(i.UsageFault_Handler)
    i.UsartReceive_IDLE                      0x08003b18   Section        0  bsp_uart.o(i.UsartReceive_IDLE)
    i.__0printf                              0x08003bf4   Section        0  printfa.o(i.__0printf)
    i.__0sprintf                             0x08003c14   Section        0  printfa.o(i.__0sprintf)
    i.__NVIC_GetPriorityGrouping             0x08003c3c   Section        0  stm32l4xx_hal_cortex.o(i.__NVIC_GetPriorityGrouping)
    __NVIC_GetPriorityGrouping               0x08003c3d   Thumb Code    10  stm32l4xx_hal_cortex.o(i.__NVIC_GetPriorityGrouping)
    i.__NVIC_SetPriority                     0x08003c4c   Section        0  stm32l4xx_hal_cortex.o(i.__NVIC_SetPriority)
    __NVIC_SetPriority                       0x08003c4d   Thumb Code    32  stm32l4xx_hal_cortex.o(i.__NVIC_SetPriority)
    i.__scatterload_copy                     0x08003c74   Section       14  handlers.o(i.__scatterload_copy)
    i.__scatterload_null                     0x08003c82   Section        2  handlers.o(i.__scatterload_null)
    i.__scatterload_zeroinit                 0x08003c84   Section       14  handlers.o(i.__scatterload_zeroinit)
    i._fp_digits                             0x08003c94   Section        0  printfa.o(i._fp_digits)
    _fp_digits                               0x08003c95   Thumb Code   366  printfa.o(i._fp_digits)
    i._printf_core                           0x08003e20   Section        0  printfa.o(i._printf_core)
    _printf_core                             0x08003e21   Thumb Code  1744  printfa.o(i._printf_core)
    i._printf_post_padding                   0x08004502   Section        0  printfa.o(i._printf_post_padding)
    _printf_post_padding                     0x08004503   Thumb Code    36  printfa.o(i._printf_post_padding)
    i._printf_pre_padding                    0x08004526   Section        0  printfa.o(i._printf_pre_padding)
    _printf_pre_padding                      0x08004527   Thumb Code    46  printfa.o(i._printf_pre_padding)
    i._sputc                                 0x08004554   Section        0  printfa.o(i._sputc)
    _sputc                                   0x08004555   Thumb Code    10  printfa.o(i._sputc)
    i.fputc                                  0x08004560   Section        0  bsp_uart.o(i.fputc)
    i.main                                   0x0800457c   Section        0  main.o(i.main)
    i.makeFreeRtosPriority                   0x080045a8   Section        0  cmsis_os.o(i.makeFreeRtosPriority)
    makeFreeRtosPriority                     0x080045a9   Thumb Code    14  cmsis_os.o(i.makeFreeRtosPriority)
    i.osDelay                                0x080045b6   Section        0  cmsis_os.o(i.osDelay)
    i.osKernelStart                          0x080045ce   Section        0  cmsis_os.o(i.osKernelStart)
    i.osThreadCreate                         0x080045d8   Section        0  cmsis_os.o(i.osThreadCreate)
    i.prvAddCurrentTaskToDelayedList         0x08004638   Section        0  tasks.o(i.prvAddCurrentTaskToDelayedList)
    prvAddCurrentTaskToDelayedList           0x08004639   Thumb Code   124  tasks.o(i.prvAddCurrentTaskToDelayedList)
    i.prvAddNewTaskToReadyList               0x080046d0   Section        0  tasks.o(i.prvAddNewTaskToReadyList)
    prvAddNewTaskToReadyList                 0x080046d1   Thumb Code   150  tasks.o(i.prvAddNewTaskToReadyList)
    i.prvCheckTasksWaitingTermination        0x08004784   Section        0  tasks.o(i.prvCheckTasksWaitingTermination)
    prvCheckTasksWaitingTermination          0x08004785   Thumb Code    60  tasks.o(i.prvCheckTasksWaitingTermination)
    i.prvCopyDataFromQueue                   0x080047cc   Section        0  queue.o(i.prvCopyDataFromQueue)
    prvCopyDataFromQueue                     0x080047cd   Thumb Code    42  queue.o(i.prvCopyDataFromQueue)
    i.prvCopyDataToQueue                     0x080047f6   Section        0  queue.o(i.prvCopyDataToQueue)
    prvCopyDataToQueue                       0x080047f7   Thumb Code   124  queue.o(i.prvCopyDataToQueue)
    i.prvDeleteTCB                           0x08004872   Section        0  tasks.o(i.prvDeleteTCB)
    prvDeleteTCB                             0x08004873   Thumb Code    80  tasks.o(i.prvDeleteTCB)
    i.prvHeapInit                            0x080048c4   Section        0  heap_4.o(i.prvHeapInit)
    prvHeapInit                              0x080048c5   Thumb Code    98  heap_4.o(i.prvHeapInit)
    i.prvIdleTask                            0x08004940   Section        0  tasks.o(i.prvIdleTask)
    prvIdleTask                              0x08004941   Thumb Code    32  tasks.o(i.prvIdleTask)
    i.prvInitialiseNewQueue                  0x08004968   Section        0  queue.o(i.prvInitialiseNewQueue)
    prvInitialiseNewQueue                    0x08004969   Thumb Code    38  queue.o(i.prvInitialiseNewQueue)
    i.prvInitialiseNewTask                   0x0800498e   Section        0  tasks.o(i.prvInitialiseNewTask)
    prvInitialiseNewTask                     0x0800498f   Thumb Code   170  tasks.o(i.prvInitialiseNewTask)
    i.prvInitialiseTaskLists                 0x08004a40   Section        0  tasks.o(i.prvInitialiseTaskLists)
    prvInitialiseTaskLists                   0x08004a41   Thumb Code    70  tasks.o(i.prvInitialiseTaskLists)
    i.prvInsertBlockIntoFreeList             0x08004aa8   Section        0  heap_4.o(i.prvInsertBlockIntoFreeList)
    prvInsertBlockIntoFreeList               0x08004aa9   Thumb Code    96  heap_4.o(i.prvInsertBlockIntoFreeList)
    i.prvIsQueueEmpty                        0x08004b10   Section        0  queue.o(i.prvIsQueueEmpty)
    prvIsQueueEmpty                          0x08004b11   Thumb Code    26  queue.o(i.prvIsQueueEmpty)
    i.prvResetNextTaskUnblockTime            0x08004b2c   Section        0  tasks.o(i.prvResetNextTaskUnblockTime)
    prvResetNextTaskUnblockTime              0x08004b2d   Thumb Code    42  tasks.o(i.prvResetNextTaskUnblockTime)
    i.prvTaskExitError                       0x08004b60   Section        0  port.o(i.prvTaskExitError)
    prvTaskExitError                         0x08004b61   Thumb Code    60  port.o(i.prvTaskExitError)
    i.prvUnlockQueue                         0x08004ba0   Section        0  queue.o(i.prvUnlockQueue)
    prvUnlockQueue                           0x08004ba1   Thumb Code   126  queue.o(i.prvUnlockQueue)
    i.pvPortMalloc                           0x08004c20   Section        0  heap_4.o(i.pvPortMalloc)
    i.pxPortInitialiseStack                  0x08004d5c   Section        0  port.o(i.pxPortInitialiseStack)
    i.qma6981_int_enable                     0x08004d88   Section        0  qma6981.o(i.qma6981_int_enable)
    i.qma6981_task                           0x08004d8c   Section        0  freertos.o(i.qma6981_task)
    i.uart_init                              0x08004e60   Section        0  bsp_uart.o(i.uart_init)
    i.uart_queue_init                        0x08004ea4   Section        0  bsp_uart.o(i.uart_queue_init)
    i.uxListRemove                           0x08004ebc   Section        0  list.o(i.uxListRemove)
    i.vApplicationGetIdleTaskMemory          0x08004ee4   Section        0  freertos.o(i.vApplicationGetIdleTaskMemory)
    i.vListInitialise                        0x08004efc   Section        0  list.o(i.vListInitialise)
    i.vListInitialiseItem                    0x08004f16   Section        0  list.o(i.vListInitialiseItem)
    i.vListInsert                            0x08004f1c   Section        0  list.o(i.vListInsert)
    i.vListInsertEnd                         0x08004f50   Section        0  list.o(i.vListInsertEnd)
    i.vPortEnterCritical                     0x08004f68   Section        0  port.o(i.vPortEnterCritical)
    i.vPortExitCritical                      0x08004fbc   Section        0  port.o(i.vPortExitCritical)
    i.vPortFree                              0x08004ff8   Section        0  heap_4.o(i.vPortFree)
    i.vPortSetupTimerInterrupt               0x0800508c   Section        0  port.o(i.vPortSetupTimerInterrupt)
    i.vPortValidateInterruptPriority         0x080050b4   Section        0  port.o(i.vPortValidateInterruptPriority)
    i.vTaskDelay                             0x0800512c   Section        0  tasks.o(i.vTaskDelay)
    i.vTaskInternalSetTimeOutState           0x08005188   Section        0  tasks.o(i.vTaskInternalSetTimeOutState)
    i.vTaskMissedYield                       0x080051a0   Section        0  tasks.o(i.vTaskMissedYield)
    i.vTaskPlaceOnEventList                  0x080051ac   Section        0  tasks.o(i.vTaskPlaceOnEventList)
    i.vTaskStartScheduler                    0x080051e4   Section        0  tasks.o(i.vTaskStartScheduler)
    i.vTaskSuspendAll                        0x08005294   Section        0  tasks.o(i.vTaskSuspendAll)
    i.vTaskSwitchContext                     0x080052a4   Section        0  tasks.o(i.vTaskSwitchContext)
    i.xPortStartScheduler                    0x08005330   Section        0  port.o(i.xPortStartScheduler)
    i.xPortSysTickHandler                    0x08005498   Section        0  port.o(i.xPortSysTickHandler)
    i.xQueueGenericCreate                    0x080054cc   Section        0  queue.o(i.xQueueGenericCreate)
    i.xQueueGenericReset                     0x0800552c   Section        0  queue.o(i.xQueueGenericReset)
    i.xQueueGenericSendFromISR               0x080055c4   Section        0  queue.o(i.xQueueGenericSendFromISR)
    i.xQueueReceive                          0x080056c4   Section        0  queue.o(i.xQueueReceive)
    i.xTaskCheckForTimeOut                   0x0800582c   Section        0  tasks.o(i.xTaskCheckForTimeOut)
    i.xTaskCreate                            0x080058b8   Section        0  tasks.o(i.xTaskCreate)
    i.xTaskCreateStatic                      0x08005922   Section        0  tasks.o(i.xTaskCreateStatic)
    i.xTaskGetSchedulerState                 0x080059e0   Section        0  tasks.o(i.xTaskGetSchedulerState)
    i.xTaskIncrementTick                     0x08005a00   Section        0  tasks.o(i.xTaskIncrementTick)
    i.xTaskPriorityDisinherit                0x08005b48   Section        0  tasks.o(i.xTaskPriorityDisinherit)
    i.xTaskRemoveFromEventList               0x08005c10   Section        0  tasks.o(i.xTaskRemoveFromEventList)
    i.xTaskResumeAll                         0x08005ca8   Section        0  tasks.o(i.xTaskResumeAll)
    .constdata                               0x08005dac   Section       56  freertos.o(.constdata)
    .constdata                               0x08005de4   Section       72  system_stm32l4xx.o(.constdata)
    .conststring                             0x08005e2c   Section       20  freertos.o(.conststring)
    .data                                    0x20000000   Section       12  bsp_uart.o(.data)
    p_RS232RecvType3                         0x20000000   Data           4  bsp_uart.o(.data)
    shake_cnt                                0x20000008   Data           1  bsp_uart.o(.data)
    .data                                    0x2000000c   Section       20  qma6981.o(.data)
    g_sensor_open                            0x2000000c   Data           1  qma6981.o(.data)
    .data                                    0x20000020   Section       12  freertos.o(.data)
    tmp_vaule                                0x20000020   Data           4  freertos.o(.data)
    .data                                    0x2000002c   Section       12  stm32l4xx_hal.o(.data)
    .data                                    0x20000038   Section        4  system_stm32l4xx.o(.data)
    .data                                    0x2000003c   Section       60  tasks.o(.data)
    pxDelayedTaskList                        0x20000040   Data           4  tasks.o(.data)
    pxOverflowDelayedTaskList                0x20000044   Data           4  tasks.o(.data)
    uxDeletedTasksWaitingCleanUp             0x20000048   Data           4  tasks.o(.data)
    uxCurrentNumberOfTasks                   0x2000004c   Data           4  tasks.o(.data)
    xTickCount                               0x20000050   Data           4  tasks.o(.data)
    uxTopReadyPriority                       0x20000054   Data           4  tasks.o(.data)
    xSchedulerRunning                        0x20000058   Data           4  tasks.o(.data)
    uxPendedTicks                            0x2000005c   Data           4  tasks.o(.data)
    xYieldPending                            0x20000060   Data           4  tasks.o(.data)
    xNumOfOverflows                          0x20000064   Data           4  tasks.o(.data)
    uxTaskNumber                             0x20000068   Data           4  tasks.o(.data)
    xNextTaskUnblockTime                     0x2000006c   Data           4  tasks.o(.data)
    xIdleTaskHandle                          0x20000070   Data           4  tasks.o(.data)
    uxSchedulerSuspended                     0x20000074   Data           4  tasks.o(.data)
    .data                                    0x20000078   Section       24  heap_4.o(.data)
    xStart                                   0x20000078   Data           8  heap_4.o(.data)
    pxEnd                                    0x20000080   Data           4  heap_4.o(.data)
    xFreeBytesRemaining                      0x20000084   Data           4  heap_4.o(.data)
    xMinimumEverFreeBytesRemaining           0x20000088   Data           4  heap_4.o(.data)
    xBlockAllocatedBit                       0x2000008c   Data           4  heap_4.o(.data)
    .data                                    0x20000090   Section       12  port.o(.data)
    uxCriticalNesting                        0x20000090   Data           4  port.o(.data)
    ucMaxSysCallPriority                     0x20000094   Data           1  port.o(.data)
    ulMaxPRIGROUPValue                       0x20000098   Data           4  port.o(.data)
    .data                                    0x2000009c   Section        4  stdout.o(.data)
    .bss                                     0x200000a0   Section    15252  bsp_uart.o(.bss)
    RS232SendType3                           0x200000a0   Data         132  bsp_uart.o(.bss)
    RS232RecvType3                           0x20000124   Data       15120  bsp_uart.o(.bss)
    .bss                                     0x20003c34   Section      596  freertos.o(.bss)
    xIdleTaskTCBBuffer                       0x20003c34   Data          84  freertos.o(.bss)
    xIdleStack                               0x20003c88   Data         512  freertos.o(.bss)
    .bss                                     0x20003e88   Section       76  i2c.o(.bss)
    .bss                                     0x20003ed4   Section      272  usart.o(.bss)
    .bss                                     0x20003fe4   Section      240  tasks.o(.bss)
    pxReadyTasksLists                        0x20003fe4   Data         140  tasks.o(.bss)
    xDelayedTaskList1                        0x20004070   Data          20  tasks.o(.bss)
    xDelayedTaskList2                        0x20004084   Data          20  tasks.o(.bss)
    xPendingReadyList                        0x20004098   Data          20  tasks.o(.bss)
    xTasksWaitingTermination                 0x200040ac   Data          20  tasks.o(.bss)
    xSuspendedTaskList                       0x200040c0   Data          20  tasks.o(.bss)
    .bss                                     0x200040d4   Section     3000  heap_4.o(.bss)
    ucHeap                                   0x200040d4   Data        3000  heap_4.o(.bss)
    STACK                                    0x20004c90   Section     2048  startup_stm32l433xx.o(STACK)

    Global Symbols

    Symbol Name                              Value     Ov Type        Size  Object(Section)

    BuildAttributes$$THM_ISAv4$E$P$D$K$B$S$7EM$VFPi3$EXTD16$VFPS$VFMA$PE$A:L22UL41UL21$X:L11$S22US41US21$IEEE1$IW$USESV6$~STKCKD$USESV7$~SHL$OTIME$ROPI$EBA8$MICROLIB$REQ8$PRES8$EABIv2 0x00000000   Number         0  anon$$obj.o ABSOLUTE
    __ARM_use_no_argv                        0x00000000   Number         0  main.o ABSOLUTE
    _printf_a                                0x00000000   Number         0  stubs.o ABSOLUTE
    _printf_c                                0x00000000   Number         0  stubs.o ABSOLUTE
    _printf_charcount                        0x00000000   Number         0  stubs.o ABSOLUTE
    _printf_d                                0x00000000   Number         0  stubs.o ABSOLUTE
    _printf_e                                0x00000000   Number         0  stubs.o ABSOLUTE
    _printf_f                                0x00000000   Number         0  stubs.o ABSOLUTE
    _printf_flags                            0x00000000   Number         0  stubs.o ABSOLUTE
    _printf_fp_dec                           0x00000000   Number         0  stubs.o ABSOLUTE
    _printf_fp_hex                           0x00000000   Number         0  stubs.o ABSOLUTE
    _printf_g                                0x00000000   Number         0  stubs.o ABSOLUTE
    _printf_i                                0x00000000   Number         0  stubs.o ABSOLUTE
    _printf_int_dec                          0x00000000   Number         0  stubs.o ABSOLUTE
    _printf_l                                0x00000000   Number         0  stubs.o ABSOLUTE
    _printf_lc                               0x00000000   Number         0  stubs.o ABSOLUTE
    _printf_ll                               0x00000000   Number         0  stubs.o ABSOLUTE
    _printf_lld                              0x00000000   Number         0  stubs.o ABSOLUTE
    _printf_lli                              0x00000000   Number         0  stubs.o ABSOLUTE
    _printf_llo                              0x00000000   Number         0  stubs.o ABSOLUTE
    _printf_llu                              0x00000000   Number         0  stubs.o ABSOLUTE
    _printf_llx                              0x00000000   Number         0  stubs.o ABSOLUTE
    _printf_longlong_dec                     0x00000000   Number         0  stubs.o ABSOLUTE
    _printf_longlong_hex                     0x00000000   Number         0  stubs.o ABSOLUTE
    _printf_longlong_oct                     0x00000000   Number         0  stubs.o ABSOLUTE
    _printf_ls                               0x00000000   Number         0  stubs.o ABSOLUTE
    _printf_mbtowc                           0x00000000   Number         0  stubs.o ABSOLUTE
    _printf_n                                0x00000000   Number         0  stubs.o ABSOLUTE
    _printf_o                                0x00000000   Number         0  stubs.o ABSOLUTE
    _printf_p                                0x00000000   Number         0  stubs.o ABSOLUTE
    _printf_percent                          0x00000000   Number         0  stubs.o ABSOLUTE
    _printf_pre_padding                      0x00000000   Number         0  stubs.o ABSOLUTE
    _printf_return_value                     0x00000000   Number         0  stubs.o ABSOLUTE
    _printf_s                                0x00000000   Number         0  stubs.o ABSOLUTE
    _printf_sizespec                         0x00000000   Number         0  stubs.o ABSOLUTE
    _printf_str                              0x00000000   Number         0  stubs.o ABSOLUTE
    _printf_truncate_signed                  0x00000000   Number         0  stubs.o ABSOLUTE
    _printf_truncate_unsigned                0x00000000   Number         0  stubs.o ABSOLUTE
    _printf_u                                0x00000000   Number         0  stubs.o ABSOLUTE
    _printf_wc                               0x00000000   Number         0  stubs.o ABSOLUTE
    _printf_wctomb                           0x00000000   Number         0  stubs.o ABSOLUTE
    _printf_widthprec                        0x00000000   Number         0  stubs.o ABSOLUTE
    _printf_x                                0x00000000   Number         0  stubs.o ABSOLUTE
    __cpp_initialize__aeabi_                  - Undefined Weak Reference
    __cxa_finalize                            - Undefined Weak Reference
    __decompress                              - Undefined Weak Reference
    _clock_init                               - Undefined Weak Reference
    _microlib_exit                            - Undefined Weak Reference
    __Vectors_Size                           0x0000018c   Number         0  startup_stm32l433xx.o ABSOLUTE
    __Vectors                                0x08000000   Data           4  startup_stm32l433xx.o(RESET)
    __Vectors_End                            0x0800018c   Data           0  startup_stm32l433xx.o(RESET)
    __main                                   0x0800018d   Thumb Code     0  entry.o(.ARM.Collect$$$$00000000)
    _main_stk                                0x0800018d   Thumb Code     0  entry2.o(.ARM.Collect$$$$00000001)
    _main_scatterload                        0x08000191   Thumb Code     0  entry5.o(.ARM.Collect$$$$00000004)
    __main_after_scatterload                 0x08000195   Thumb Code     0  entry5.o(.ARM.Collect$$$$00000004)
    _main_clock                              0x08000195   Thumb Code     0  entry7b.o(.ARM.Collect$$$$00000008)
    _main_cpp_init                           0x08000195   Thumb Code     0  entry8b.o(.ARM.Collect$$$$0000000A)
    _main_init                               0x08000195   Thumb Code     0  entry9a.o(.ARM.Collect$$$$0000000B)
    __rt_final_cpp                           0x0800019d   Thumb Code     0  entry10a.o(.ARM.Collect$$$$0000000D)
    __rt_final_exit                          0x0800019d   Thumb Code     0  entry11a.o(.ARM.Collect$$$$0000000F)
    SVC_Handler                              0x080001a1   Thumb Code    28  port.o(.emb_text)
    __asm___6_port_c_39a90d8d__prvStartFirstTask 0x080001c1   Thumb Code    36  port.o(.emb_text)
    __asm___6_port_c_39a90d8d__prvEnableVFP  0x080001e9   Thumb Code    16  port.o(.emb_text)
    PendSV_Handler                           0x080001fd   Thumb Code    88  port.o(.emb_text)
    vPortGetIPSR                             0x08000259   Thumb Code     6  port.o(.emb_text)
    Reset_Handler                            0x08000281   Thumb Code     8  startup_stm32l433xx.o(.text)
    ADC1_IRQHandler                          0x0800029b   Thumb Code     0  startup_stm32l433xx.o(.text)
    CAN1_RX0_IRQHandler                      0x0800029b   Thumb Code     0  startup_stm32l433xx.o(.text)
    CAN1_RX1_IRQHandler                      0x0800029b   Thumb Code     0  startup_stm32l433xx.o(.text)
    CAN1_SCE_IRQHandler                      0x0800029b   Thumb Code     0  startup_stm32l433xx.o(.text)
    CAN1_TX_IRQHandler                       0x0800029b   Thumb Code     0  startup_stm32l433xx.o(.text)
    COMP_IRQHandler                          0x0800029b   Thumb Code     0  startup_stm32l433xx.o(.text)
    CRS_IRQHandler                           0x0800029b   Thumb Code     0  startup_stm32l433xx.o(.text)
    DMA1_Channel1_IRQHandler                 0x0800029b   Thumb Code     0  startup_stm32l433xx.o(.text)
    DMA1_Channel2_IRQHandler                 0x0800029b   Thumb Code     0  startup_stm32l433xx.o(.text)
    DMA1_Channel3_IRQHandler                 0x0800029b   Thumb Code     0  startup_stm32l433xx.o(.text)
    DMA1_Channel6_IRQHandler                 0x0800029b   Thumb Code     0  startup_stm32l433xx.o(.text)
    DMA1_Channel7_IRQHandler                 0x0800029b   Thumb Code     0  startup_stm32l433xx.o(.text)
    DMA2_Channel1_IRQHandler                 0x0800029b   Thumb Code     0  startup_stm32l433xx.o(.text)
    DMA2_Channel2_IRQHandler                 0x0800029b   Thumb Code     0  startup_stm32l433xx.o(.text)
    DMA2_Channel3_IRQHandler                 0x0800029b   Thumb Code     0  startup_stm32l433xx.o(.text)
    DMA2_Channel4_IRQHandler                 0x0800029b   Thumb Code     0  startup_stm32l433xx.o(.text)
    DMA2_Channel5_IRQHandler                 0x0800029b   Thumb Code     0  startup_stm32l433xx.o(.text)
    DMA2_Channel6_IRQHandler                 0x0800029b   Thumb Code     0  startup_stm32l433xx.o(.text)
    DMA2_Channel7_IRQHandler                 0x0800029b   Thumb Code     0  startup_stm32l433xx.o(.text)
    EXTI0_IRQHandler                         0x0800029b   Thumb Code     0  startup_stm32l433xx.o(.text)
    EXTI15_10_IRQHandler                     0x0800029b   Thumb Code     0  startup_stm32l433xx.o(.text)
    EXTI2_IRQHandler                         0x0800029b   Thumb Code     0  startup_stm32l433xx.o(.text)
    EXTI3_IRQHandler                         0x0800029b   Thumb Code     0  startup_stm32l433xx.o(.text)
    EXTI9_5_IRQHandler                       0x0800029b   Thumb Code     0  startup_stm32l433xx.o(.text)
    FLASH_IRQHandler                         0x0800029b   Thumb Code     0  startup_stm32l433xx.o(.text)
    FPU_IRQHandler                           0x0800029b   Thumb Code     0  startup_stm32l433xx.o(.text)
    I2C1_ER_IRQHandler                       0x0800029b   Thumb Code     0  startup_stm32l433xx.o(.text)
    I2C1_EV_IRQHandler                       0x0800029b   Thumb Code     0  startup_stm32l433xx.o(.text)
    I2C2_ER_IRQHandler                       0x0800029b   Thumb Code     0  startup_stm32l433xx.o(.text)
    I2C2_EV_IRQHandler                       0x0800029b   Thumb Code     0  startup_stm32l433xx.o(.text)
    I2C3_ER_IRQHandler                       0x0800029b   Thumb Code     0  startup_stm32l433xx.o(.text)
    I2C3_EV_IRQHandler                       0x0800029b   Thumb Code     0  startup_stm32l433xx.o(.text)
    LCD_IRQHandler                           0x0800029b   Thumb Code     0  startup_stm32l433xx.o(.text)
    LPTIM1_IRQHandler                        0x0800029b   Thumb Code     0  startup_stm32l433xx.o(.text)
    LPTIM2_IRQHandler                        0x0800029b   Thumb Code     0  startup_stm32l433xx.o(.text)
    LPUART1_IRQHandler                       0x0800029b   Thumb Code     0  startup_stm32l433xx.o(.text)
    PVD_PVM_IRQHandler                       0x0800029b   Thumb Code     0  startup_stm32l433xx.o(.text)
    QUADSPI_IRQHandler                       0x0800029b   Thumb Code     0  startup_stm32l433xx.o(.text)
    RCC_IRQHandler                           0x0800029b   Thumb Code     0  startup_stm32l433xx.o(.text)
    RNG_IRQHandler                           0x0800029b   Thumb Code     0  startup_stm32l433xx.o(.text)
    RTC_Alarm_IRQHandler                     0x0800029b   Thumb Code     0  startup_stm32l433xx.o(.text)
    RTC_WKUP_IRQHandler                      0x0800029b   Thumb Code     0  startup_stm32l433xx.o(.text)
    SAI1_IRQHandler                          0x0800029b   Thumb Code     0  startup_stm32l433xx.o(.text)
    SDMMC1_IRQHandler                        0x0800029b   Thumb Code     0  startup_stm32l433xx.o(.text)
    SPI1_IRQHandler                          0x0800029b   Thumb Code     0  startup_stm32l433xx.o(.text)
    SPI2_IRQHandler                          0x0800029b   Thumb Code     0  startup_stm32l433xx.o(.text)
    SPI3_IRQHandler                          0x0800029b   Thumb Code     0  startup_stm32l433xx.o(.text)
    SWPMI1_IRQHandler                        0x0800029b   Thumb Code     0  startup_stm32l433xx.o(.text)
    TAMP_STAMP_IRQHandler                    0x0800029b   Thumb Code     0  startup_stm32l433xx.o(.text)
    TIM1_BRK_TIM15_IRQHandler                0x0800029b   Thumb Code     0  startup_stm32l433xx.o(.text)
    TIM1_CC_IRQHandler                       0x0800029b   Thumb Code     0  startup_stm32l433xx.o(.text)
    TIM1_TRG_COM_IRQHandler                  0x0800029b   Thumb Code     0  startup_stm32l433xx.o(.text)
    TIM1_UP_TIM16_IRQHandler                 0x0800029b   Thumb Code     0  startup_stm32l433xx.o(.text)
    TIM2_IRQHandler                          0x0800029b   Thumb Code     0  startup_stm32l433xx.o(.text)
    TIM6_DAC_IRQHandler                      0x0800029b   Thumb Code     0  startup_stm32l433xx.o(.text)
    TIM7_IRQHandler                          0x0800029b   Thumb Code     0  startup_stm32l433xx.o(.text)
    TSC_IRQHandler                           0x0800029b   Thumb Code     0  startup_stm32l433xx.o(.text)
    USART2_IRQHandler                        0x0800029b   Thumb Code     0  startup_stm32l433xx.o(.text)
    USART3_IRQHandler                        0x0800029b   Thumb Code     0  startup_stm32l433xx.o(.text)
    USB_IRQHandler                           0x0800029b   Thumb Code     0  startup_stm32l433xx.o(.text)
    WWDG_IRQHandler                          0x0800029b   Thumb Code     0  startup_stm32l433xx.o(.text)
    __aeabi_uldivmod                         0x080002a5   Thumb Code    98  uldiv.o(.text)
    __aeabi_memcpy                           0x0800030d   Thumb Code    36  memcpya.o(.text)
    __aeabi_memcpy4                          0x0800030d   Thumb Code     0  memcpya.o(.text)
    __aeabi_memcpy8                          0x0800030d   Thumb Code     0  memcpya.o(.text)
    __aeabi_memset                           0x08000331   Thumb Code    14  memseta.o(.text)
    __aeabi_memset4                          0x08000331   Thumb Code     0  memseta.o(.text)
    __aeabi_memset8                          0x08000331   Thumb Code     0  memseta.o(.text)
    __aeabi_memclr                           0x0800033f   Thumb Code     4  memseta.o(.text)
    __aeabi_memclr4                          0x0800033f   Thumb Code     0  memseta.o(.text)
    __aeabi_memclr8                          0x0800033f   Thumb Code     0  memseta.o(.text)
    memset                                   0x08000343   Thumb Code    18  memseta.o(.text)
    __aeabi_dadd                             0x08000355   Thumb Code   322  dadd.o(.text)
    __aeabi_dsub                             0x08000497   Thumb Code     6  dadd.o(.text)
    __aeabi_drsub                            0x0800049d   Thumb Code     6  dadd.o(.text)
    __aeabi_dmul                             0x080004b3   Thumb Code   228  dmul.o(.text)
    __aeabi_f2d                              0x0800059d   Thumb Code    38  f2d.o(.text)
    __aeabi_d2f                              0x080005c3   Thumb Code    56  d2f.o(.text)
    __aeabi_uidiv                            0x080005fb   Thumb Code     0  uidiv.o(.text)
    __aeabi_uidivmod                         0x080005fb   Thumb Code    44  uidiv.o(.text)
    __aeabi_llsl                             0x08000627   Thumb Code    30  llshl.o(.text)
    _ll_shift_l                              0x08000627   Thumb Code     0  llshl.o(.text)
    __aeabi_llsr                             0x08000645   Thumb Code    32  llushr.o(.text)
    _ll_ushift_r                             0x08000645   Thumb Code     0  llushr.o(.text)
    __aeabi_lasr                             0x08000665   Thumb Code    36  llsshr.o(.text)
    _ll_sshift_r                             0x08000665   Thumb Code     0  llsshr.o(.text)
    __I$use$fp                               0x08000689   Thumb Code     0  iusefp.o(.text)
    _float_round                             0x08000689   Thumb Code    18  fepilogue.o(.text)
    _float_epilogue                          0x0800069b   Thumb Code    92  fepilogue.o(.text)
    _double_round                            0x080006f7   Thumb Code    30  depilogue.o(.text)
    _double_epilogue                         0x08000715   Thumb Code   156  depilogue.o(.text)
    __aeabi_ddiv                             0x080007b1   Thumb Code   222  ddiv.o(.text)
    __aeabi_d2ulz                            0x0800088f   Thumb Code    48  dfixul.o(.text)
    __aeabi_cdrcmple                         0x080008c1   Thumb Code    48  cdrcmple.o(.text)
    __scatterload                            0x080008f1   Thumb Code    28  init.o(.text)
    __scatterload_rt2                        0x080008f1   Thumb Code     0  init.o(.text)
    BusFault_Handler                         0x08000915   Thumb Code     2  stm32l4xx_it.o(i.BusFault_Handler)
    DMA1_Channel4_IRQHandler                 0x08000919   Thumb Code     6  stm32l4xx_it.o(i.DMA1_Channel4_IRQHandler)
    DMA1_Channel5_IRQHandler                 0x08000925   Thumb Code     6  stm32l4xx_it.o(i.DMA1_Channel5_IRQHandler)
    DebugMon_Handler                         0x08000961   Thumb Code     2  stm32l4xx_it.o(i.DebugMon_Handler)
    EXTI1_IRQHandler                         0x08000963   Thumb Code     6  stm32l4xx_it.o(i.EXTI1_IRQHandler)
    EXTI4_IRQHandler                         0x08000969   Thumb Code     6  stm32l4xx_it.o(i.EXTI4_IRQHandler)
    Error_Handler                            0x0800096f   Thumb Code     2  main.o(i.Error_Handler)
    HAL_DMA_Abort                            0x08000971   Thumb Code    90  stm32l4xx_hal_dma.o(i.HAL_DMA_Abort)
    HAL_DMA_Abort_IT                         0x080009cb   Thumb Code    92  stm32l4xx_hal_dma.o(i.HAL_DMA_Abort_IT)
    HAL_DMA_GetError                         0x08000a27   Thumb Code     6  stm32l4xx_hal_dma.o(i.HAL_DMA_GetError)
    HAL_DMA_IRQHandler                       0x08000a2d   Thumb Code   254  stm32l4xx_hal_dma.o(i.HAL_DMA_IRQHandler)
    HAL_DMA_Init                             0x08000b2d   Thumb Code   258  stm32l4xx_hal_dma.o(i.HAL_DMA_Init)
    HAL_DMA_Start_IT                         0x08000c39   Thumb Code   156  stm32l4xx_hal_dma.o(i.HAL_DMA_Start_IT)
    HAL_Delay                                0x08000cd5   Thumb Code    36  stm32l4xx_hal.o(i.HAL_Delay)
    HAL_GPIO_EXTI_Callback                   0x08000cfd   Thumb Code    42  bsp_uart.o(i.HAL_GPIO_EXTI_Callback)
    HAL_GPIO_EXTI_IRQHandler                 0x08000d45   Thumb Code    24  stm32l4xx_hal_gpio.o(i.HAL_GPIO_EXTI_IRQHandler)
    HAL_GPIO_Init                            0x08000d61   Thumb Code   428  stm32l4xx_hal_gpio.o(i.HAL_GPIO_Init)
    HAL_GPIO_WritePin                        0x08000f29   Thumb Code    10  stm32l4xx_hal_gpio.o(i.HAL_GPIO_WritePin)
    HAL_GetTick                              0x08000f35   Thumb Code     6  stm32l4xx_hal.o(i.HAL_GetTick)
    HAL_I2CEx_ConfigAnalogFilter             0x08000f41   Thumb Code   106  stm32l4xx_hal_i2c_ex.o(i.HAL_I2CEx_ConfigAnalogFilter)
    HAL_I2CEx_ConfigDigitalFilter            0x08000fab   Thumb Code   104  stm32l4xx_hal_i2c_ex.o(i.HAL_I2CEx_ConfigDigitalFilter)
    HAL_I2C_GetError                         0x08001013   Thumb Code     6  stm32l4xx_hal_i2c.o(i.HAL_I2C_GetError)
    HAL_I2C_GetState                         0x08001019   Thumb Code     8  stm32l4xx_hal_i2c.o(i.HAL_I2C_GetState)
    HAL_I2C_Init                             0x08001021   Thumb Code   192  stm32l4xx_hal_i2c.o(i.HAL_I2C_Init)
    HAL_I2C_Master_Receive                   0x080010e5   Thumb Code   348  stm32l4xx_hal_i2c.o(i.HAL_I2C_Master_Receive)
    HAL_I2C_Master_Transmit                  0x08001249   Thumb Code   344  stm32l4xx_hal_i2c.o(i.HAL_I2C_Master_Transmit)
    HAL_I2C_MspInit                          0x080013a9   Thumb Code   112  i2c.o(i.HAL_I2C_MspInit)
    HAL_IncTick                              0x08001425   Thumb Code    16  stm32l4xx_hal.o(i.HAL_IncTick)
    HAL_Init                                 0x0800143d   Thumb Code    30  stm32l4xx_hal.o(i.HAL_Init)
    HAL_InitTick                             0x0800145d   Thumb Code    74  stm32l4xx_hal.o(i.HAL_InitTick)
    HAL_MspInit                              0x080014b5   Thumb Code    68  stm32l4xx_hal_msp.o(i.HAL_MspInit)
    HAL_NVIC_EnableIRQ                       0x080014fd   Thumb Code    32  stm32l4xx_hal_cortex.o(i.HAL_NVIC_EnableIRQ)
    HAL_NVIC_SetPriority                     0x0800151d   Thumb Code   124  stm32l4xx_hal_cortex.o(i.HAL_NVIC_SetPriority)
    HAL_NVIC_SetPriorityGrouping             0x080015a1   Thumb Code    32  stm32l4xx_hal_cortex.o(i.HAL_NVIC_SetPriorityGrouping)
    HAL_PWREx_ControlVoltageScaling          0x080015c9   Thumb Code   128  stm32l4xx_hal_pwr_ex.o(i.HAL_PWREx_ControlVoltageScaling)
    HAL_PWREx_GetVoltageRange                0x08001655   Thumb Code    10  stm32l4xx_hal_pwr_ex.o(i.HAL_PWREx_GetVoltageRange)
    HAL_PWR_EnableBkUpAccess                 0x08001665   Thumb Code    14  stm32l4xx_hal_pwr.o(i.HAL_PWR_EnableBkUpAccess)
    HAL_RCCEx_EnableMSIPLLMode               0x08001679   Thumb Code    14  stm32l4xx_hal_rcc_ex.o(i.HAL_RCCEx_EnableMSIPLLMode)
    HAL_RCCEx_PeriphCLKConfig                0x0800168d   Thumb Code   970  stm32l4xx_hal_rcc_ex.o(i.HAL_RCCEx_PeriphCLKConfig)
    HAL_RCC_ClockConfig                      0x08001a61   Thumb Code   360  stm32l4xx_hal_rcc.o(i.HAL_RCC_ClockConfig)
    HAL_RCC_GetHCLKFreq                      0x08001bdd   Thumb Code     6  stm32l4xx_hal_rcc.o(i.HAL_RCC_GetHCLKFreq)
    HAL_RCC_GetPCLK1Freq                     0x08001be9   Thumb Code    26  stm32l4xx_hal_rcc.o(i.HAL_RCC_GetPCLK1Freq)
    HAL_RCC_GetPCLK2Freq                     0x08001c0d   Thumb Code    26  stm32l4xx_hal_rcc.o(i.HAL_RCC_GetPCLK2Freq)
    HAL_RCC_GetSysClockFreq                  0x08001c31   Thumb Code   220  stm32l4xx_hal_rcc.o(i.HAL_RCC_GetSysClockFreq)
    HAL_RCC_OscConfig                        0x08001d1d   Thumb Code  1778  stm32l4xx_hal_rcc.o(i.HAL_RCC_OscConfig)
    HAL_SYSTICK_Config                       0x08002421   Thumb Code    52  stm32l4xx_hal_cortex.o(i.HAL_SYSTICK_Config)
    HAL_UARTEx_WakeupCallback                0x08002455   Thumb Code     2  stm32l4xx_hal_uart_ex.o(i.HAL_UARTEx_WakeupCallback)
    HAL_UART_DMAStop                         0x08002457   Thumb Code   140  stm32l4xx_hal_uart.o(i.HAL_UART_DMAStop)
    HAL_UART_ErrorCallback                   0x080024e3   Thumb Code     2  stm32l4xx_hal_uart.o(i.HAL_UART_ErrorCallback)
    HAL_UART_IRQHandler                      0x080024e5   Thumb Code   394  stm32l4xx_hal_uart.o(i.HAL_UART_IRQHandler)
    HAL_UART_Init                            0x08002675   Thumb Code   116  stm32l4xx_hal_uart.o(i.HAL_UART_Init)
    HAL_UART_MspInit                         0x080026e9   Thumb Code   232  usart.o(i.HAL_UART_MspInit)
    HAL_UART_Receive_DMA                     0x080027e9   Thumb Code   180  stm32l4xx_hal_uart.o(i.HAL_UART_Receive_DMA)
    HAL_UART_RxCpltCallback                  0x080028a9   Thumb Code     2  stm32l4xx_hal_uart.o(i.HAL_UART_RxCpltCallback)
    HAL_UART_RxHalfCpltCallback              0x080028ab   Thumb Code     2  stm32l4xx_hal_uart.o(i.HAL_UART_RxHalfCpltCallback)
    HAL_UART_Transmit                        0x080028ad   Thumb Code   208  stm32l4xx_hal_uart.o(i.HAL_UART_Transmit)
    HAL_UART_TxCpltCallback                  0x08002985   Thumb Code    32  bsp_uart.o(i.HAL_UART_TxCpltCallback)
    HardFault_Handler                        0x080029ad   Thumb Code     2  stm32l4xx_it.o(i.HardFault_Handler)
    MX_DMA_Init                              0x08002c55   Thumb Code    64  dma.o(i.MX_DMA_Init)
    MX_FREERTOS_Init                         0x08002c99   Thumb Code    54  freertos.o(i.MX_FREERTOS_Init)
    MX_GPIO_Init                             0x08002cdd   Thumb Code   202  gpio.o(i.MX_GPIO_Init)
    MX_I2C2_Init                             0x08002db9   Thumb Code    74  i2c.o(i.MX_I2C2_Init)
    MX_USART1_UART_Init                      0x08002e11   Thumb Code    56  usart.o(i.MX_USART1_UART_Init)
    MemManage_Handler                        0x08002e51   Thumb Code     2  stm32l4xx_it.o(i.MemManage_Handler)
    NMI_Handler                              0x08002e53   Thumb Code     2  stm32l4xx_it.o(i.NMI_Handler)
    QMA6981Init                              0x08002e55   Thumb Code    34  qma6981.o(i.QMA6981Init)
    QMA6981Read                              0x08002ec1   Thumb Code   126  qma6981.o(i.QMA6981Read)
    QMA6981SetMode                           0x08002f45   Thumb Code    14  qma6981.o(i.QMA6981SetMode)
    QMA6981SoftReset                         0x08002f53   Thumb Code    30  qma6981.o(i.QMA6981SoftReset)
    QMA6981Write                             0x08002f71   Thumb Code    64  qma6981.o(i.QMA6981Write)
    QMA6981_INT_Register_config              0x08002fb5   Thumb Code   192  qma6981.o(i.QMA6981_INT_Register_config)
    StartDefaultTask                         0x08003299   Thumb Code    70  freertos.o(i.StartDefaultTask)
    SysTick_Handler                          0x080032f1   Thumb Code    24  stm32l4xx_it.o(i.SysTick_Handler)
    SystemClock_Config                       0x08003309   Thumb Code   176  main.o(i.SystemClock_Config)
    SystemInit                               0x080033bd   Thumb Code    68  system_stm32l4xx.o(i.SystemInit)
    UART_AdvFeatureConfig                    0x0800340d   Thumb Code   248  stm32l4xx_hal_uart.o(i.UART_AdvFeatureConfig)
    UART_CheckIdleState                      0x08003505   Thumb Code   110  stm32l4xx_hal_uart.o(i.UART_CheckIdleState)
    UART_SetConfig                           0x08003689   Thumb Code   992  stm32l4xx_hal_uart.o(i.UART_SetConfig)
    UART_WaitOnFlagUntilTimeout              0x08003a93   Thumb Code   104  stm32l4xx_hal_uart.o(i.UART_WaitOnFlagUntilTimeout)
    USART1_IRQHandler                        0x08003afd   Thumb Code    18  stm32l4xx_it.o(i.USART1_IRQHandler)
    UsageFault_Handler                       0x08003b15   Thumb Code     2  stm32l4xx_it.o(i.UsageFault_Handler)
    UsartReceive_IDLE                        0x08003b19   Thumb Code   198  bsp_uart.o(i.UsartReceive_IDLE)
    __0printf                                0x08003bf5   Thumb Code    22  printfa.o(i.__0printf)
    __1printf                                0x08003bf5   Thumb Code     0  printfa.o(i.__0printf)
    __2printf                                0x08003bf5   Thumb Code     0  printfa.o(i.__0printf)
    __c89printf                              0x08003bf5   Thumb Code     0  printfa.o(i.__0printf)
    printf                                   0x08003bf5   Thumb Code     0  printfa.o(i.__0printf)
    __0sprintf                               0x08003c15   Thumb Code    34  printfa.o(i.__0sprintf)
    __1sprintf                               0x08003c15   Thumb Code     0  printfa.o(i.__0sprintf)
    __2sprintf                               0x08003c15   Thumb Code     0  printfa.o(i.__0sprintf)
    __c89sprintf                             0x08003c15   Thumb Code     0  printfa.o(i.__0sprintf)
    sprintf                                  0x08003c15   Thumb Code     0  printfa.o(i.__0sprintf)
    __scatterload_copy                       0x08003c75   Thumb Code    14  handlers.o(i.__scatterload_copy)
    __scatterload_null                       0x08003c83   Thumb Code     2  handlers.o(i.__scatterload_null)
    __scatterload_zeroinit                   0x08003c85   Thumb Code    14  handlers.o(i.__scatterload_zeroinit)
    fputc                                    0x08004561   Thumb Code    22  bsp_uart.o(i.fputc)
    main                                     0x0800457d   Thumb Code    44  main.o(i.main)
    osDelay                                  0x080045b7   Thumb Code    24  cmsis_os.o(i.osDelay)
    osKernelStart                            0x080045cf   Thumb Code    10  cmsis_os.o(i.osKernelStart)
    osThreadCreate                           0x080045d9   Thumb Code    94  cmsis_os.o(i.osThreadCreate)
    pvPortMalloc                             0x08004c21   Thumb Code   296  heap_4.o(i.pvPortMalloc)
    pxPortInitialiseStack                    0x08004d5d   Thumb Code    38  port.o(i.pxPortInitialiseStack)
    qma6981_int_enable                       0x08004d89   Thumb Code     2  qma6981.o(i.qma6981_int_enable)
    qma6981_task                             0x08004d8d   Thumb Code   170  freertos.o(i.qma6981_task)
    uart_init                                0x08004e61   Thumb Code    54  bsp_uart.o(i.uart_init)
    uart_queue_init                          0x08004ea5   Thumb Code    18  bsp_uart.o(i.uart_queue_init)
    uxListRemove                             0x08004ebd   Thumb Code    40  list.o(i.uxListRemove)
    vApplicationGetIdleTaskMemory            0x08004ee5   Thumb Code    14  freertos.o(i.vApplicationGetIdleTaskMemory)
    vListInitialise                          0x08004efd   Thumb Code    26  list.o(i.vListInitialise)
    vListInitialiseItem                      0x08004f17   Thumb Code     6  list.o(i.vListInitialiseItem)
    vListInsert                              0x08004f1d   Thumb Code    52  list.o(i.vListInsert)
    vListInsertEnd                           0x08004f51   Thumb Code    24  list.o(i.vListInsertEnd)
    vPortEnterCritical                       0x08004f69   Thumb Code    76  port.o(i.vPortEnterCritical)
    vPortExitCritical                        0x08004fbd   Thumb Code    56  port.o(i.vPortExitCritical)
    vPortFree                                0x08004ff9   Thumb Code   140  heap_4.o(i.vPortFree)
    vPortSetupTimerInterrupt                 0x0800508d   Thumb Code    36  port.o(i.vPortSetupTimerInterrupt)
    vPortValidateInterruptPriority           0x080050b5   Thumb Code   106  port.o(i.vPortValidateInterruptPriority)
    vTaskDelay                               0x0800512d   Thumb Code    82  tasks.o(i.vTaskDelay)
    vTaskInternalSetTimeOutState             0x08005189   Thumb Code    14  tasks.o(i.vTaskInternalSetTimeOutState)
    vTaskMissedYield                         0x080051a1   Thumb Code     8  tasks.o(i.vTaskMissedYield)
    vTaskPlaceOnEventList                    0x080051ad   Thumb Code    52  tasks.o(i.vTaskPlaceOnEventList)
    vTaskStartScheduler                      0x080051e5   Thumb Code   146  tasks.o(i.vTaskStartScheduler)
    vTaskSuspendAll                          0x08005295   Thumb Code    12  tasks.o(i.vTaskSuspendAll)
    vTaskSwitchContext                       0x080052a5   Thumb Code   118  tasks.o(i.vTaskSwitchContext)
    xPortStartScheduler                      0x08005331   Thumb Code   330  port.o(i.xPortStartScheduler)
    xPortSysTickHandler                      0x08005499   Thumb Code    46  port.o(i.xPortSysTickHandler)
    xQueueGenericCreate                      0x080054cd   Thumb Code    94  queue.o(i.xQueueGenericCreate)
    xQueueGenericReset                       0x0800552d   Thumb Code   146  queue.o(i.xQueueGenericReset)
    xQueueGenericSendFromISR                 0x080055c5   Thumb Code   248  queue.o(i.xQueueGenericSendFromISR)
    xQueueReceive                            0x080056c5   Thumb Code   356  queue.o(i.xQueueReceive)
    xTaskCheckForTimeOut                     0x0800582d   Thumb Code   132  tasks.o(i.xTaskCheckForTimeOut)
    xTaskCreate                              0x080058b9   Thumb Code   100  tasks.o(i.xTaskCreate)
    xTaskCreateStatic                        0x08005923   Thumb Code   184  tasks.o(i.xTaskCreateStatic)
    xTaskGetSchedulerState                   0x080059e1   Thumb Code    24  tasks.o(i.xTaskGetSchedulerState)
    xTaskIncrementTick                       0x08005a01   Thumb Code   282  tasks.o(i.xTaskIncrementTick)
    xTaskPriorityDisinherit                  0x08005b49   Thumb Code   188  tasks.o(i.xTaskPriorityDisinherit)
    xTaskRemoveFromEventList                 0x08005c11   Thumb Code   128  tasks.o(i.xTaskRemoveFromEventList)
    xTaskResumeAll                           0x08005ca9   Thumb Code   224  tasks.o(i.xTaskResumeAll)
    AHBPrescTable                            0x08005de4   Data          16  system_stm32l4xx.o(.constdata)
    APBPrescTable                            0x08005df4   Data           8  system_stm32l4xx.o(.constdata)
    MSIRangeTable                            0x08005dfc   Data          48  system_stm32l4xx.o(.constdata)
    Region$$Table$$Base                      0x08005e40   Number         0  anon$$obj.o(Region$$Table)
    Region$$Table$$Limit                     0x08005e60   Number         0  anon$$obj.o(Region$$Table)
    xRS232SendQueue3                         0x20000004   Data           4  bsp_uart.o(.data)
    tmp_cnt                                  0x2000000a   Data           2  bsp_uart.o(.data)
    qma6981_int_flag                         0x2000000e   Data           2  qma6981.o(.data)
    qma6981_int_count                        0x20000010   Data           2  qma6981.o(.data)
    aTxBuffer                                0x20000012   Data           4  qma6981.o(.data)
    aRxBuffer                                0x20000016   Data           4  qma6981.o(.data)
    raw_data                                 0x2000001a   Data           6  qma6981.o(.data)
    defaultTaskHandle                        0x20000024   Data           4  freertos.o(.data)
    qma6981Handle                            0x20000028   Data           4  freertos.o(.data)
    uwTick                                   0x2000002c   Data           4  stm32l4xx_hal.o(.data)
    uwTickPrio                               0x20000030   Data           4  stm32l4xx_hal.o(.data)
    uwTickFreq                               0x20000034   Data           4  stm32l4xx_hal.o(.data)
    SystemCoreClock                          0x20000038   Data           4  system_stm32l4xx.o(.data)
    pxCurrentTCB                             0x2000003c   Data           4  tasks.o(.data)
    __stdout                                 0x2000009c   Data           4  stdout.o(.data)
    hi2c2                                    0x20003e88   Data          76  i2c.o(.bss)
    huart1                                   0x20003ed4   Data         128  usart.o(.bss)
    hdma_usart1_rx                           0x20003f54   Data          72  usart.o(.bss)
    hdma_usart1_tx                           0x20003f9c   Data          72  usart.o(.bss)
    __initial_sp                             0x20005490   Data           0  startup_stm32l433xx.o(STACK)



==============================================================================

Memory Map of the image

  Image Entry point : 0x0800018d

  Load Region LR_IROM1 (Base: 0x08000000, Size: 0x00005f00, Max: 0x00040000, ABSOLUTE)

    Execution Region ER_IROM1 (Exec base: 0x08000000, Load base: 0x08000000, Size: 0x00005e60, Max: 0x00040000, ABSOLUTE)

    Exec Addr    Load Addr    Size         Type   Attr      Idx    E Section Name        Object

    0x08000000   0x08000000   0x0000018c   Data   RO            3    RESET               startup_stm32l433xx.o
    0x0800018c   0x0800018c   0x00000000   Code   RO         4618  * .ARM.Collect$$$$00000000  mc_w.l(entry.o)
    0x0800018c   0x0800018c   0x00000004   Code   RO         4900    .ARM.Collect$$$$00000001  mc_w.l(entry2.o)
    0x08000190   0x08000190   0x00000004   Code   RO         4903    .ARM.Collect$$$$00000004  mc_w.l(entry5.o)
    0x08000194   0x08000194   0x00000000   Code   RO         4905    .ARM.Collect$$$$00000008  mc_w.l(entry7b.o)
    0x08000194   0x08000194   0x00000000   Code   RO         4907    .ARM.Collect$$$$0000000A  mc_w.l(entry8b.o)
    0x08000194   0x08000194   0x00000008   Code   RO         4908    .ARM.Collect$$$$0000000B  mc_w.l(entry9a.o)
    0x0800019c   0x0800019c   0x00000000   Code   RO         4910    .ARM.Collect$$$$0000000D  mc_w.l(entry10a.o)
    0x0800019c   0x0800019c   0x00000000   Code   RO         4912    .ARM.Collect$$$$0000000F  mc_w.l(entry11a.o)
    0x0800019c   0x0800019c   0x00000004   Code   RO         4901    .ARM.Collect$$$$00002712  mc_w.l(entry2.o)
    0x080001a0   0x080001a0   0x000000de   Code   RO         4541    .emb_text           port.o
    0x0800027e   0x0800027e   0x00000002   PAD
    0x08000280   0x08000280   0x00000024   Code   RO            4    .text               startup_stm32l433xx.o
    0x080002a4   0x080002a4   0x00000068   Code   RO         4621    .text               mc_w.l(uldiv.o)
    0x0800030c   0x0800030c   0x00000024   Code   RO         4623    .text               mc_w.l(memcpya.o)
    0x08000330   0x08000330   0x00000024   Code   RO         4627    .text               mc_w.l(memseta.o)
    0x08000354   0x08000354   0x0000015e   Code   RO         4892    .text               mf_w.l(dadd.o)
    0x080004b2   0x080004b2   0x000000ea   Code   RO         4894    .text               mf_w.l(dmul.o)
    0x0800059c   0x0800059c   0x00000026   Code   RO         4896    .text               mf_w.l(f2d.o)
    0x080005c2   0x080005c2   0x00000038   Code   RO         4898    .text               mf_w.l(d2f.o)
    0x080005fa   0x080005fa   0x0000002c   Code   RO         4915    .text               mc_w.l(uidiv.o)
    0x08000626   0x08000626   0x0000001e   Code   RO         4917    .text               mc_w.l(llshl.o)
    0x08000644   0x08000644   0x00000020   Code   RO         4919    .text               mc_w.l(llushr.o)
    0x08000664   0x08000664   0x00000024   Code   RO         4921    .text               mc_w.l(llsshr.o)
    0x08000688   0x08000688   0x00000000   Code   RO         4923    .text               mc_w.l(iusefp.o)
    0x08000688   0x08000688   0x0000006e   Code   RO         4924    .text               mf_w.l(fepilogue.o)
    0x080006f6   0x080006f6   0x000000ba   Code   RO         4926    .text               mf_w.l(depilogue.o)
    0x080007b0   0x080007b0   0x000000de   Code   RO         4928    .text               mf_w.l(ddiv.o)
    0x0800088e   0x0800088e   0x00000030   Code   RO         4930    .text               mf_w.l(dfixul.o)
    0x080008be   0x080008be   0x00000002   PAD
    0x080008c0   0x080008c0   0x00000030   Code   RO         4932    .text               mf_w.l(cdrcmple.o)
    0x080008f0   0x080008f0   0x00000024   Code   RO         4934    .text               mc_w.l(init.o)
    0x08000914   0x08000914   0x00000002   Code   RO          724    i.BusFault_Handler  stm32l4xx_it.o
    0x08000916   0x08000916   0x00000002   PAD
    0x08000918   0x08000918   0x0000000c   Code   RO          725    i.DMA1_Channel4_IRQHandler  stm32l4xx_it.o
    0x08000924   0x08000924   0x0000000c   Code   RO          726    i.DMA1_Channel5_IRQHandler  stm32l4xx_it.o
    0x08000930   0x08000930   0x00000030   Code   RO         2173    i.DMA_SetConfig     stm32l4xx_hal_dma.o
    0x08000960   0x08000960   0x00000002   Code   RO          727    i.DebugMon_Handler  stm32l4xx_it.o
    0x08000962   0x08000962   0x00000006   Code   RO          728    i.EXTI1_IRQHandler  stm32l4xx_it.o
    0x08000968   0x08000968   0x00000006   Code   RO          729    i.EXTI4_IRQHandler  stm32l4xx_it.o
    0x0800096e   0x0800096e   0x00000002   Code   RO          458    i.Error_Handler     main.o
    0x08000970   0x08000970   0x0000005a   Code   RO         2174    i.HAL_DMA_Abort     stm32l4xx_hal_dma.o
    0x080009ca   0x080009ca   0x0000005c   Code   RO         2175    i.HAL_DMA_Abort_IT  stm32l4xx_hal_dma.o
    0x08000a26   0x08000a26   0x00000006   Code   RO         2177    i.HAL_DMA_GetError  stm32l4xx_hal_dma.o
    0x08000a2c   0x08000a2c   0x000000fe   Code   RO         2179    i.HAL_DMA_IRQHandler  stm32l4xx_hal_dma.o
    0x08000b2a   0x08000b2a   0x00000002   PAD
    0x08000b2c   0x08000b2c   0x0000010c   Code   RO         2180    i.HAL_DMA_Init      stm32l4xx_hal_dma.o
    0x08000c38   0x08000c38   0x0000009c   Code   RO         2184    i.HAL_DMA_Start_IT  stm32l4xx_hal_dma.o
    0x08000cd4   0x08000cd4   0x00000028   Code   RO          852    i.HAL_Delay         stm32l4xx_hal.o
    0x08000cfc   0x08000cfc   0x00000048   Code   RO           13    i.HAL_GPIO_EXTI_Callback  bsp_uart.o
    0x08000d44   0x08000d44   0x0000001c   Code   RO         2109    i.HAL_GPIO_EXTI_IRQHandler  stm32l4xx_hal_gpio.o
    0x08000d60   0x08000d60   0x000001c8   Code   RO         2110    i.HAL_GPIO_Init     stm32l4xx_hal_gpio.o
    0x08000f28   0x08000f28   0x0000000a   Code   RO         2114    i.HAL_GPIO_WritePin  stm32l4xx_hal_gpio.o
    0x08000f32   0x08000f32   0x00000002   PAD
    0x08000f34   0x08000f34   0x0000000c   Code   RO          856    i.HAL_GetTick       stm32l4xx_hal.o
    0x08000f40   0x08000f40   0x0000006a   Code   RO         1536    i.HAL_I2CEx_ConfigAnalogFilter  stm32l4xx_hal_i2c_ex.o
    0x08000faa   0x08000faa   0x00000068   Code   RO         1537    i.HAL_I2CEx_ConfigDigitalFilter  stm32l4xx_hal_i2c_ex.o
    0x08001012   0x08001012   0x00000006   Code   RO         1087    i.HAL_I2C_GetError  stm32l4xx_hal_i2c.o
    0x08001018   0x08001018   0x00000008   Code   RO         1089    i.HAL_I2C_GetState  stm32l4xx_hal_i2c.o
    0x08001020   0x08001020   0x000000c4   Code   RO         1090    i.HAL_I2C_Init      stm32l4xx_hal_i2c.o
    0x080010e4   0x080010e4   0x00000164   Code   RO         1096    i.HAL_I2C_Master_Receive  stm32l4xx_hal_i2c.o
    0x08001248   0x08001248   0x00000160   Code   RO         1103    i.HAL_I2C_Master_Transmit  stm32l4xx_hal_i2c.o
    0x080013a8   0x080013a8   0x0000007c   Code   RO          614    i.HAL_I2C_MspInit   i2c.o
    0x08001424   0x08001424   0x00000018   Code   RO          862    i.HAL_IncTick       stm32l4xx_hal.o
    0x0800143c   0x0800143c   0x0000001e   Code   RO          863    i.HAL_Init          stm32l4xx_hal.o
    0x0800145a   0x0800145a   0x00000002   PAD
    0x0800145c   0x0800145c   0x00000058   Code   RO          864    i.HAL_InitTick      stm32l4xx_hal.o
    0x080014b4   0x080014b4   0x00000048   Code   RO          821    i.HAL_MspInit       stm32l4xx_hal_msp.o
    0x080014fc   0x080014fc   0x00000020   Code   RO         2621    i.HAL_NVIC_EnableIRQ  stm32l4xx_hal_cortex.o
    0x0800151c   0x0800151c   0x00000082   Code   RO         2627    i.HAL_NVIC_SetPriority  stm32l4xx_hal_cortex.o
    0x0800159e   0x0800159e   0x00000002   PAD
    0x080015a0   0x080015a0   0x00000028   Code   RO         2628    i.HAL_NVIC_SetPriorityGrouping  stm32l4xx_hal_cortex.o
    0x080015c8   0x080015c8   0x0000008c   Code   RO         2401    i.HAL_PWREx_ControlVoltageScaling  stm32l4xx_hal_pwr_ex.o
    0x08001654   0x08001654   0x00000010   Code   RO         2428    i.HAL_PWREx_GetVoltageRange  stm32l4xx_hal_pwr_ex.o
    0x08001664   0x08001664   0x00000014   Code   RO         2293    i.HAL_PWR_EnableBkUpAccess  stm32l4xx_hal_pwr.o
    0x08001678   0x08001678   0x00000014   Code   RO         1707    i.HAL_RCCEx_EnableMSIPLLMode  stm32l4xx_hal_rcc_ex.o
    0x0800168c   0x0800168c   0x000003d4   Code   RO         1713    i.HAL_RCCEx_PeriphCLKConfig  stm32l4xx_hal_rcc_ex.o
    0x08001a60   0x08001a60   0x0000017c   Code   RO         1591    i.HAL_RCC_ClockConfig  stm32l4xx_hal_rcc.o
    0x08001bdc   0x08001bdc   0x0000000c   Code   RO         1595    i.HAL_RCC_GetHCLKFreq  stm32l4xx_hal_rcc.o
    0x08001be8   0x08001be8   0x00000024   Code   RO         1597    i.HAL_RCC_GetPCLK1Freq  stm32l4xx_hal_rcc.o
    0x08001c0c   0x08001c0c   0x00000024   Code   RO         1598    i.HAL_RCC_GetPCLK2Freq  stm32l4xx_hal_rcc.o
    0x08001c30   0x08001c30   0x000000ec   Code   RO         1599    i.HAL_RCC_GetSysClockFreq  stm32l4xx_hal_rcc.o
    0x08001d1c   0x08001d1c   0x00000704   Code   RO         1602    i.HAL_RCC_OscConfig  stm32l4xx_hal_rcc.o
    0x08002420   0x08002420   0x00000034   Code   RO         2632    i.HAL_SYSTICK_Config  stm32l4xx_hal_cortex.o
    0x08002454   0x08002454   0x00000002   Code   RO         3232    i.HAL_UARTEx_WakeupCallback  stm32l4xx_hal_uart_ex.o
    0x08002456   0x08002456   0x0000008c   Code   RO         2884    i.HAL_UART_DMAStop  stm32l4xx_hal_uart.o
    0x080024e2   0x080024e2   0x00000002   Code   RO         2886    i.HAL_UART_ErrorCallback  stm32l4xx_hal_uart.o
    0x080024e4   0x080024e4   0x00000190   Code   RO         2889    i.HAL_UART_IRQHandler  stm32l4xx_hal_uart.o
    0x08002674   0x08002674   0x00000074   Code   RO         2890    i.HAL_UART_Init     stm32l4xx_hal_uart.o
    0x080026e8   0x080026e8   0x00000100   Code   RO          683    i.HAL_UART_MspInit  usart.o
    0x080027e8   0x080027e8   0x000000c0   Code   RO         2894    i.HAL_UART_Receive_DMA  stm32l4xx_hal_uart.o
    0x080028a8   0x080028a8   0x00000002   Code   RO         2896    i.HAL_UART_RxCpltCallback  stm32l4xx_hal_uart.o
    0x080028aa   0x080028aa   0x00000002   Code   RO         2897    i.HAL_UART_RxHalfCpltCallback  stm32l4xx_hal_uart.o
    0x080028ac   0x080028ac   0x000000d6   Code   RO         2898    i.HAL_UART_Transmit  stm32l4xx_hal_uart.o
    0x08002982   0x08002982   0x00000002   PAD
    0x08002984   0x08002984   0x00000028   Code   RO           14    i.HAL_UART_TxCpltCallback  bsp_uart.o
    0x080029ac   0x080029ac   0x00000002   Code   RO          730    i.HardFault_Handler  stm32l4xx_it.o
    0x080029ae   0x080029ae   0x00000028   Code   RO         1137    i.I2C_Flush_TXDR    stm32l4xx_hal_i2c.o
    0x080029d6   0x080029d6   0x00000002   PAD
    0x080029d8   0x080029d8   0x00000098   Code   RO         1145    i.I2C_IsAcknowledgeFailed  stm32l4xx_hal_i2c.o
    0x08002a70   0x08002a70   0x00000034   Code   RO         1152    i.I2C_TransferConfig  stm32l4xx_hal_i2c.o
    0x08002aa4   0x08002aa4   0x0000005e   Code   RO         1153    i.I2C_WaitOnFlagUntilTimeout  stm32l4xx_hal_i2c.o
    0x08002b02   0x08002b02   0x00000002   PAD
    0x08002b04   0x08002b04   0x000000a0   Code   RO         1154    i.I2C_WaitOnRXNEFlagUntilTimeout  stm32l4xx_hal_i2c.o
    0x08002ba4   0x08002ba4   0x00000056   Code   RO         1155    i.I2C_WaitOnSTOPFlagUntilTimeout  stm32l4xx_hal_i2c.o
    0x08002bfa   0x08002bfa   0x0000005a   Code   RO         1156    i.I2C_WaitOnTXISFlagUntilTimeout  stm32l4xx_hal_i2c.o
    0x08002c54   0x08002c54   0x00000044   Code   RO          532    i.MX_DMA_Init       dma.o
    0x08002c98   0x08002c98   0x00000044   Code   RO          556    i.MX_FREERTOS_Init  freertos.o
    0x08002cdc   0x08002cdc   0x000000dc   Code   RO          508    i.MX_GPIO_Init      gpio.o
    0x08002db8   0x08002db8   0x00000058   Code   RO          615    i.MX_I2C2_Init      i2c.o
    0x08002e10   0x08002e10   0x00000040   Code   RO          684    i.MX_USART1_UART_Init  usart.o
    0x08002e50   0x08002e50   0x00000002   Code   RO          731    i.MemManage_Handler  stm32l4xx_it.o
    0x08002e52   0x08002e52   0x00000002   Code   RO          732    i.NMI_Handler       stm32l4xx_it.o
    0x08002e54   0x08002e54   0x0000006c   Code   RO          229    i.QMA6981Init       qma6981.o
    0x08002ec0   0x08002ec0   0x00000084   Code   RO          230    i.QMA6981Read       qma6981.o
    0x08002f44   0x08002f44   0x0000000e   Code   RO          232    i.QMA6981SetMode    qma6981.o
    0x08002f52   0x08002f52   0x0000001e   Code   RO          233    i.QMA6981SoftReset  qma6981.o
    0x08002f70   0x08002f70   0x00000044   Code   RO          234    i.QMA6981Write      qma6981.o
    0x08002fb4   0x08002fb4   0x000000c0   Code   RO          238    i.QMA6981_INT_Register_config  qma6981.o
    0x08003074   0x08003074   0x00000188   Code   RO         1717    i.RCCEx_PLLSAI1_Config  stm32l4xx_hal_rcc_ex.o
    0x080031fc   0x080031fc   0x0000009c   Code   RO         1603    i.RCC_SetFlashLatencyFromMSIRange  stm32l4xx_hal_rcc.o
    0x08003298   0x08003298   0x00000058   Code   RO          557    i.StartDefaultTask  freertos.o
    0x080032f0   0x080032f0   0x00000018   Code   RO          733    i.SysTick_Handler   stm32l4xx_it.o
    0x08003308   0x08003308   0x000000b4   Code   RO          459    i.SystemClock_Config  main.o
    0x080033bc   0x080033bc   0x00000050   Code   RO         3297    i.SystemInit        system_stm32l4xx.o
    0x0800340c   0x0800340c   0x000000f8   Code   RO         2903    i.UART_AdvFeatureConfig  stm32l4xx_hal_uart.o
    0x08003504   0x08003504   0x0000006e   Code   RO         2904    i.UART_CheckIdleState  stm32l4xx_hal_uart.o
    0x08003572   0x08003572   0x00000018   Code   RO         2905    i.UART_DMAAbortOnError  stm32l4xx_hal_uart.o
    0x0800358a   0x0800358a   0x00000056   Code   RO         2906    i.UART_DMAError     stm32l4xx_hal_uart.o
    0x080035e0   0x080035e0   0x00000046   Code   RO         2907    i.UART_DMAReceiveCplt  stm32l4xx_hal_uart.o
    0x08003626   0x08003626   0x0000000e   Code   RO         2909    i.UART_DMARxHalfCplt  stm32l4xx_hal_uart.o
    0x08003634   0x08003634   0x00000022   Code   RO         2915    i.UART_EndRxTransfer  stm32l4xx_hal_uart.o
    0x08003656   0x08003656   0x00000020   Code   RO         2916    i.UART_EndTransmit_IT  stm32l4xx_hal_uart.o
    0x08003676   0x08003676   0x00000012   Code   RO         2917    i.UART_EndTxTransfer  stm32l4xx_hal_uart.o
    0x08003688   0x08003688   0x0000040a   Code   RO         2920    i.UART_SetConfig    stm32l4xx_hal_uart.o
    0x08003a92   0x08003a92   0x00000068   Code   RO         2923    i.UART_WaitOnFlagUntilTimeout  stm32l4xx_hal_uart.o
    0x08003afa   0x08003afa   0x00000002   PAD
    0x08003afc   0x08003afc   0x00000018   Code   RO          734    i.USART1_IRQHandler  stm32l4xx_it.o
    0x08003b14   0x08003b14   0x00000002   Code   RO          735    i.UsageFault_Handler  stm32l4xx_it.o
    0x08003b16   0x08003b16   0x00000002   PAD
    0x08003b18   0x08003b18   0x000000dc   Code   RO           15    i.UsartReceive_IDLE  bsp_uart.o
    0x08003bf4   0x08003bf4   0x00000020   Code   RO         4864    i.__0printf         mc_w.l(printfa.o)
    0x08003c14   0x08003c14   0x00000028   Code   RO         4866    i.__0sprintf        mc_w.l(printfa.o)
    0x08003c3c   0x08003c3c   0x00000010   Code   RO         2634    i.__NVIC_GetPriorityGrouping  stm32l4xx_hal_cortex.o
    0x08003c4c   0x08003c4c   0x00000028   Code   RO         2635    i.__NVIC_SetPriority  stm32l4xx_hal_cortex.o
    0x08003c74   0x08003c74   0x0000000e   Code   RO         4938    i.__scatterload_copy  mc_w.l(handlers.o)
    0x08003c82   0x08003c82   0x00000002   Code   RO         4939    i.__scatterload_null  mc_w.l(handlers.o)
    0x08003c84   0x08003c84   0x0000000e   Code   RO         4940    i.__scatterload_zeroinit  mc_w.l(handlers.o)
    0x08003c92   0x08003c92   0x00000002   PAD
    0x08003c94   0x08003c94   0x0000018a   Code   RO         4871    i._fp_digits        mc_w.l(printfa.o)
    0x08003e1e   0x08003e1e   0x00000002   PAD
    0x08003e20   0x08003e20   0x000006e2   Code   RO         4872    i._printf_core      mc_w.l(printfa.o)
    0x08004502   0x08004502   0x00000024   Code   RO         4873    i._printf_post_padding  mc_w.l(printfa.o)
    0x08004526   0x08004526   0x0000002e   Code   RO         4874    i._printf_pre_padding  mc_w.l(printfa.o)
    0x08004554   0x08004554   0x0000000a   Code   RO         4876    i._sputc            mc_w.l(printfa.o)
    0x0800455e   0x0800455e   0x00000002   PAD
    0x08004560   0x08004560   0x0000001c   Code   RO           16    i.fputc             bsp_uart.o
    0x0800457c   0x0800457c   0x0000002c   Code   RO          460    i.main              main.o
    0x080045a8   0x080045a8   0x0000000e   Code   RO         4113    i.makeFreeRtosPriority  cmsis_os.o
    0x080045b6   0x080045b6   0x00000018   Code   RO         4115    i.osDelay           cmsis_os.o
    0x080045ce   0x080045ce   0x0000000a   Code   RO         4118    i.osKernelStart     cmsis_os.o
    0x080045d8   0x080045d8   0x0000005e   Code   RO         4152    i.osThreadCreate    cmsis_os.o
    0x08004636   0x08004636   0x00000002   PAD
    0x08004638   0x08004638   0x00000098   Code   RO         3799    i.prvAddCurrentTaskToDelayedList  tasks.o
    0x080046d0   0x080046d0   0x000000b4   Code   RO         3800    i.prvAddNewTaskToReadyList  tasks.o
    0x08004784   0x08004784   0x00000048   Code   RO         3801    i.prvCheckTasksWaitingTermination  tasks.o
    0x080047cc   0x080047cc   0x0000002a   Code   RO         3474    i.prvCopyDataFromQueue  queue.o
    0x080047f6   0x080047f6   0x0000007c   Code   RO         3475    i.prvCopyDataToQueue  queue.o
    0x08004872   0x08004872   0x00000050   Code   RO         3802    i.prvDeleteTCB      tasks.o
    0x080048c2   0x080048c2   0x00000002   PAD
    0x080048c4   0x080048c4   0x0000007c   Code   RO         4480    i.prvHeapInit       heap_4.o
    0x08004940   0x08004940   0x00000028   Code   RO         3803    i.prvIdleTask       tasks.o
    0x08004968   0x08004968   0x00000026   Code   RO         3478    i.prvInitialiseNewQueue  queue.o
    0x0800498e   0x0800498e   0x000000b0   Code   RO         3804    i.prvInitialiseNewTask  tasks.o
    0x08004a3e   0x08004a3e   0x00000002   PAD
    0x08004a40   0x08004a40   0x00000068   Code   RO         3805    i.prvInitialiseTaskLists  tasks.o
    0x08004aa8   0x08004aa8   0x00000068   Code   RO         4481    i.prvInsertBlockIntoFreeList  heap_4.o
    0x08004b10   0x08004b10   0x0000001a   Code   RO         3479    i.prvIsQueueEmpty   queue.o
    0x08004b2a   0x08004b2a   0x00000002   PAD
    0x08004b2c   0x08004b2c   0x00000034   Code   RO         3806    i.prvResetNextTaskUnblockTime  tasks.o
    0x08004b60   0x08004b60   0x00000040   Code   RO         4542    i.prvTaskExitError  port.o
    0x08004ba0   0x08004ba0   0x0000007e   Code   RO         3481    i.prvUnlockQueue    queue.o
    0x08004c1e   0x08004c1e   0x00000002   PAD
    0x08004c20   0x08004c20   0x0000013c   Code   RO         4482    i.pvPortMalloc      heap_4.o
    0x08004d5c   0x08004d5c   0x0000002c   Code   RO         4543    i.pxPortInitialiseStack  port.o
    0x08004d88   0x08004d88   0x00000002   Code   RO          241    i.qma6981_int_enable  qma6981.o
    0x08004d8a   0x08004d8a   0x00000002   PAD
    0x08004d8c   0x08004d8c   0x000000d4   Code   RO          558    i.qma6981_task      freertos.o
    0x08004e60   0x08004e60   0x00000044   Code   RO           17    i.uart_init         bsp_uart.o
    0x08004ea4   0x08004ea4   0x00000018   Code   RO           18    i.uart_queue_init   bsp_uart.o
    0x08004ebc   0x08004ebc   0x00000028   Code   RO         3434    i.uxListRemove      list.o
    0x08004ee4   0x08004ee4   0x00000018   Code   RO          559    i.vApplicationGetIdleTaskMemory  freertos.o
    0x08004efc   0x08004efc   0x0000001a   Code   RO         3435    i.vListInitialise   list.o
    0x08004f16   0x08004f16   0x00000006   Code   RO         3436    i.vListInitialiseItem  list.o
    0x08004f1c   0x08004f1c   0x00000034   Code   RO         3437    i.vListInsert       list.o
    0x08004f50   0x08004f50   0x00000018   Code   RO         3438    i.vListInsertEnd    list.o
    0x08004f68   0x08004f68   0x00000054   Code   RO         4545    i.vPortEnterCritical  port.o
    0x08004fbc   0x08004fbc   0x0000003c   Code   RO         4546    i.vPortExitCritical  port.o
    0x08004ff8   0x08004ff8   0x00000094   Code   RO         4483    i.vPortFree         heap_4.o
    0x0800508c   0x0800508c   0x00000028   Code   RO         4547    i.vPortSetupTimerInterrupt  port.o
    0x080050b4   0x080050b4   0x00000078   Code   RO         4548    i.vPortValidateInterruptPriority  port.o
    0x0800512c   0x0800512c   0x0000005c   Code   RO         3814    i.vTaskDelay        tasks.o
    0x08005188   0x08005188   0x00000018   Code   RO         3817    i.vTaskInternalSetTimeOutState  tasks.o
    0x080051a0   0x080051a0   0x0000000c   Code   RO         3818    i.vTaskMissedYield  tasks.o
    0x080051ac   0x080051ac   0x00000038   Code   RO         3820    i.vTaskPlaceOnEventList  tasks.o
    0x080051e4   0x080051e4   0x000000b0   Code   RO         3827    i.vTaskStartScheduler  tasks.o
    0x08005294   0x08005294   0x00000010   Code   RO         3829    i.vTaskSuspendAll   tasks.o
    0x080052a4   0x080052a4   0x0000008c   Code   RO         3830    i.vTaskSwitchContext  tasks.o
    0x08005330   0x08005330   0x00000168   Code   RO         4549    i.xPortStartScheduler  port.o
    0x08005498   0x08005498   0x00000034   Code   RO         4550    i.xPortSysTickHandler  port.o
    0x080054cc   0x080054cc   0x0000005e   Code   RO         3490    i.xQueueGenericCreate  queue.o
    0x0800552a   0x0800552a   0x00000002   PAD
    0x0800552c   0x0800552c   0x00000098   Code   RO         3492    i.xQueueGenericReset  queue.o
    0x080055c4   0x080055c4   0x000000fe   Code   RO         3494    i.xQueueGenericSendFromISR  queue.o
    0x080056c2   0x080056c2   0x00000002   PAD
    0x080056c4   0x080056c4   0x00000168   Code   RO         3500    i.xQueueReceive     queue.o
    0x0800582c   0x0800582c   0x0000008c   Code   RO         3831    i.xTaskCheckForTimeOut  tasks.o
    0x080058b8   0x080058b8   0x0000006a   Code   RO         3832    i.xTaskCreate       tasks.o
    0x08005922   0x08005922   0x000000be   Code   RO         3833    i.xTaskCreateStatic  tasks.o
    0x080059e0   0x080059e0   0x00000020   Code   RO         3837    i.xTaskGetSchedulerState  tasks.o
    0x08005a00   0x08005a00   0x00000148   Code   RO         3840    i.xTaskIncrementTick  tasks.o
    0x08005b48   0x08005b48   0x000000c8   Code   RO         3843    i.xTaskPriorityDisinherit  tasks.o
    0x08005c10   0x08005c10   0x00000098   Code   RO         3845    i.xTaskRemoveFromEventList  tasks.o
    0x08005ca8   0x08005ca8   0x00000104   Code   RO         3846    i.xTaskResumeAll    tasks.o
    0x08005dac   0x08005dac   0x00000038   Data   RO          561    .constdata          freertos.o
    0x08005de4   0x08005de4   0x00000048   Data   RO         3298    .constdata          system_stm32l4xx.o
    0x08005e2c   0x08005e2c   0x00000014   Data   RO          562    .conststring        freertos.o
    0x08005e40   0x08005e40   0x00000020   Data   RO         4936    Region$$Table       anon$$obj.o


    Execution Region RW_IRAM1 (Exec base: 0x20000000, Load base: 0x08005e60, Size: 0x00005490, Max: 0x00010000, ABSOLUTE)

    Exec Addr    Load Addr    Size         Type   Attr      Idx    E Section Name        Object

    0x20000000   0x08005e60   0x0000000c   Data   RW           20    .data               bsp_uart.o
    0x2000000c   0x08005e6c   0x00000014   Data   RW          243    .data               qma6981.o
    0x20000020   0x08005e80   0x0000000c   Data   RW          563    .data               freertos.o
    0x2000002c   0x08005e8c   0x0000000c   Data   RW          880    .data               stm32l4xx_hal.o
    0x20000038   0x08005e98   0x00000004   Data   RW         3299    .data               system_stm32l4xx.o
    0x2000003c   0x08005e9c   0x0000003c   Data   RW         3849    .data               tasks.o
    0x20000078   0x08005ed8   0x00000018   Data   RW         4488    .data               heap_4.o
    0x20000090   0x08005ef0   0x0000000c   Data   RW         4551    .data               port.o
    0x2000009c   0x08005efc   0x00000004   Data   RW         4914    .data               mc_w.l(stdout.o)
    0x200000a0        -       0x00003b94   Zero   RW           19    .bss                bsp_uart.o
    0x20003c34        -       0x00000254   Zero   RW          560    .bss                freertos.o
    0x20003e88        -       0x0000004c   Zero   RW          616    .bss                i2c.o
    0x20003ed4        -       0x00000110   Zero   RW          685    .bss                usart.o
    0x20003fe4        -       0x000000f0   Zero   RW         3848    .bss                tasks.o
    0x200040d4        -       0x00000bb8   Zero   RW         4487    .bss                heap_4.o
    0x20004c8c   0x08005f00   0x00000004   PAD
    0x20004c90        -       0x00000800   Zero   RW            1    STACK               startup_stm32l433xx.o


==============================================================================

Image component sizes


      Code (inc. data)   RO Data    RW Data    ZI Data      Debug   Object Name

       452         86          0         12      15252     710908   bsp_uart.o
       142          0          0          0          0      22083   cmsis_os.o
        68          4          0          0          0        734   dma.o
         0          0          0          0          0      18104   event_groups.o
       392         84         76         12        596       3405   freertos.o
       220         18          0          0          0        927   gpio.o
       692         62          0         24       3000       7279   heap_4.o
       212         26          0          0         76       1605   i2c.o
       148          0          0          0          0       3530   list.o
       226          4          0          0          0       2571   main.o
      1046         92          0         12          0      11965   port.o
       546         84          0         20          0       5725   qma6981.o
      1216         10          0          0          0      10242   queue.o
        36          8        396          0       2048        828   startup_stm32l433xx.o
       194         32          0         12          0       4233   stm32l4xx_hal.o
       310         22          0          0          0      34407   stm32l4xx_hal_cortex.o
       914         10          0          0          0       5533   stm32l4xx_hal_dma.o
       494         32          0          0          0       2891   stm32l4xx_hal_gpio.o
      1592         28          0          0          0      11260   stm32l4xx_hal_i2c.o
       210          0          0          0          0       1935   stm32l4xx_hal_i2c_ex.o
        72          4          0          0          0        814   stm32l4xx_hal_msp.o
        20          6          0          0          0        539   stm32l4xx_hal_pwr.o
       156         18          0          0          0       1342   stm32l4xx_hal_pwr_ex.o
      2652        110          0          0          0       7268   stm32l4xx_hal_rcc.o
      1392         32          0          0          0       3441   stm32l4xx_hal_rcc_ex.o
      2842         54          0          0          0      14686   stm32l4xx_hal_uart.o
         2          0          0          0          0        944   stm32l4xx_hal_uart_ex.o
        96         18          0          0          0       5555   stm32l4xx_it.o
         0          0          0          0          0        392   stream_buffer.o
        80         12         72          4          0       1193   system_stm32l4xx.o
      2780        340          0         60        240      22784   tasks.o
       320         32          0          0        272       1812   usart.o

    ----------------------------------------------------------------------
     19560       1228        576        156      21488     920935   Object Totals
         0          0         32          0          0          0   (incl. Generated)
        38          0          0          0          4          0   (incl. Padding)

    ----------------------------------------------------------------------

      Code (inc. data)   RO Data    RW Data    ZI Data      Debug   Library Member Name

         0          0          0          0          0          0   entry.o
         0          0          0          0          0          0   entry10a.o
         0          0          0          0          0          0   entry11a.o
         8          4          0          0          0          0   entry2.o
         4          0          0          0          0          0   entry5.o
         0          0          0          0          0          0   entry7b.o
         0          0          0          0          0          0   entry8b.o
         8          4          0          0          0          0   entry9a.o
        30          0          0          0          0          0   handlers.o
        36          8          0          0          0         68   init.o
         0          0          0          0          0          0   iusefp.o
        30          0          0          0          0         68   llshl.o
        36          0          0          0          0         68   llsshr.o
        32          0          0          0          0         68   llushr.o
        36          0          0          0          0         68   memcpya.o
        36          0          0          0          0        108   memseta.o
      2320         96          0          0          0        604   printfa.o
         0          0          0          4          0          0   stdout.o
        44          0          0          0          0         80   uidiv.o
       104          0          0          0          0         92   uldiv.o
        48          0          0          0          0         68   cdrcmple.o
        56          0          0          0          0         88   d2f.o
       350          0          0          0          0        148   dadd.o
       222          0          0          0          0        100   ddiv.o
       186          0          0          0          0        176   depilogue.o
        48          0          0          0          0         68   dfixul.o
       234          0          0          0          0         96   dmul.o
        38          0          0          0          0         68   f2d.o
       110          0          0          0          0        168   fepilogue.o

    ----------------------------------------------------------------------
      4024        112          0          4          0       2204   Library Totals
         8          0          0          0          0          0   (incl. Padding)

    ----------------------------------------------------------------------

      Code (inc. data)   RO Data    RW Data    ZI Data      Debug   Library Name

      2724        112          0          4          0       1224   mc_w.l
      1292          0          0          0          0        980   mf_w.l

    ----------------------------------------------------------------------
      4024        112          0          4          0       2204   Library Totals

    ----------------------------------------------------------------------

==============================================================================


      Code (inc. data)   RO Data    RW Data    ZI Data      Debug   

     23584       1340        576        160      21488     906751   Grand Totals
     23584       1340        576        160      21488     906751   ELF Image Totals
     23584       1340        576        160          0          0   ROM Totals

==============================================================================

    Total RO  Size (Code + RO Data)                24160 (  23.59kB)
    Total RW  Size (RW Data + ZI Data)             21648 (  21.14kB)
    Total ROM Size (Code + RO Data + RW Data)      24320 (  23.75kB)

==============================================================================

