Archive member included to satisfy reference by file (symbol)

d:/software/gcc-arm-none-eabi-7-2017-q4-major-win32/bin/../lib/gcc/arm-none-eabi/7.2.1/../../../../arm-none-eabi/lib/thumb/v7e-m/fpv4-sp/hard\libc_nano.a(lib_a-exit.o)
                              d:/software/gcc-arm-none-eabi-7-2017-q4-major-win32/bin/../lib/gcc/arm-none-eabi/7.2.1/../../../../arm-none-eabi/lib/thumb/v7e-m/fpv4-sp/hard/crt0.o (exit)
d:/software/gcc-arm-none-eabi-7-2017-q4-major-win32/bin/../lib/gcc/arm-none-eabi/7.2.1/../../../../arm-none-eabi/lib/thumb/v7e-m/fpv4-sp/hard\libc_nano.a(lib_a-impure.o)
                              d:/software/gcc-arm-none-eabi-7-2017-q4-major-win32/bin/../lib/gcc/arm-none-eabi/7.2.1/../../../../arm-none-eabi/lib/thumb/v7e-m/fpv4-sp/hard\libc_nano.a(lib_a-exit.o) (_global_impure_ptr)
d:/software/gcc-arm-none-eabi-7-2017-q4-major-win32/bin/../lib/gcc/arm-none-eabi/7.2.1/../../../../arm-none-eabi/lib/thumb/v7e-m/fpv4-sp/hard\libc_nano.a(lib_a-init.o)
                              d:/software/gcc-arm-none-eabi-7-2017-q4-major-win32/bin/../lib/gcc/arm-none-eabi/7.2.1/../../../../arm-none-eabi/lib/thumb/v7e-m/fpv4-sp/hard/crt0.o (__libc_init_array)
d:/software/gcc-arm-none-eabi-7-2017-q4-major-win32/bin/../lib/gcc/arm-none-eabi/7.2.1/../../../../arm-none-eabi/lib/thumb/v7e-m/fpv4-sp/hard\libc_nano.a(lib_a-memset.o)
                              d:/software/gcc-arm-none-eabi-7-2017-q4-major-win32/bin/../lib/gcc/arm-none-eabi/7.2.1/../../../../arm-none-eabi/lib/thumb/v7e-m/fpv4-sp/hard/crt0.o (memset)
d:/software/gcc-arm-none-eabi-7-2017-q4-major-win32/bin/../lib/gcc/arm-none-eabi/7.2.1/../../../../arm-none-eabi/lib/thumb/v7e-m/fpv4-sp/hard\libnosys.a(_exit.o)
                              d:/software/gcc-arm-none-eabi-7-2017-q4-major-win32/bin/../lib/gcc/arm-none-eabi/7.2.1/../../../../arm-none-eabi/lib/thumb/v7e-m/fpv4-sp/hard\libc_nano.a(lib_a-exit.o) (_exit)
d:/software/gcc-arm-none-eabi-7-2017-q4-major-win32/bin/../lib/gcc/arm-none-eabi/7.2.1/thumb/v7e-m/fpv4-sp/hard\libgcc.a(_arm_addsubdf3.o)
                              CMakeFiles/L20.dir/freertos.c.obj (__aeabi_dsub)
d:/software/gcc-arm-none-eabi-7-2017-q4-major-win32/bin/../lib/gcc/arm-none-eabi/7.2.1/thumb/v7e-m/fpv4-sp/hard\libgcc.a(_arm_muldivdf3.o)
                              CMakeFiles/L20.dir/freertos.c.obj (__aeabi_dmul)
d:/software/gcc-arm-none-eabi-7-2017-q4-major-win32/bin/../lib/gcc/arm-none-eabi/7.2.1/thumb/v7e-m/fpv4-sp/hard\libgcc.a(_arm_fixunsdfsi.o)
                              CMakeFiles/L20.dir/sx1280/sx1280.c.obj (__aeabi_d2uiz)
d:/software/gcc-arm-none-eabi-7-2017-q4-major-win32/bin/../lib/gcc/arm-none-eabi/7.2.1/thumb/v7e-m/fpv4-sp/hard\libgcc.a(_arm_truncdfsf2.o)
                              CMakeFiles/L20.dir/freertos.c.obj (__aeabi_d2f)
d:/software/gcc-arm-none-eabi-7-2017-q4-major-win32/bin/../lib/gcc/arm-none-eabi/7.2.1/thumb/v7e-m/fpv4-sp/hard\libgcc.a(_aeabi_uldivmod.o)
                              ../Drivers/CMakeFiles/driver.dir/STM32L4xx_HAL_Driver/Src/stm32l4xx_hal_uart.c.obj (__aeabi_uldivmod)
d:/software/gcc-arm-none-eabi-7-2017-q4-major-win32/bin/../lib/gcc/arm-none-eabi/7.2.1/thumb/v7e-m/fpv4-sp/hard\libgcc.a(_udivmoddi4.o)
                              d:/software/gcc-arm-none-eabi-7-2017-q4-major-win32/bin/../lib/gcc/arm-none-eabi/7.2.1/thumb/v7e-m/fpv4-sp/hard\libgcc.a(_aeabi_uldivmod.o) (__udivmoddi4)
d:/software/gcc-arm-none-eabi-7-2017-q4-major-win32/bin/../lib/gcc/arm-none-eabi/7.2.1/thumb/v7e-m/fpv4-sp/hard\libgcc.a(_dvmd_tls.o)
                              d:/software/gcc-arm-none-eabi-7-2017-q4-major-win32/bin/../lib/gcc/arm-none-eabi/7.2.1/thumb/v7e-m/fpv4-sp/hard\libgcc.a(_aeabi_uldivmod.o) (__aeabi_ldiv0)
d:/software/gcc-arm-none-eabi-7-2017-q4-major-win32/bin/../lib/gcc/arm-none-eabi/7.2.1/../../../../arm-none-eabi/lib/thumb/v7e-m/fpv4-sp/hard\libg_nano.a(lib_a-memcpy-stub.o)
                              CMakeFiles/L20.dir/sx1280/sx1280-hal.c.obj (memcpy)
d:/software/gcc-arm-none-eabi-7-2017-q4-major-win32/bin/../lib/gcc/arm-none-eabi/7.2.1/../../../../arm-none-eabi/lib/thumb/v7e-m/fpv4-sp/hard\libg_nano.a(lib_a-printf.o)
                              CMakeFiles/L20.dir/at_cmd.c.obj (printf)
d:/software/gcc-arm-none-eabi-7-2017-q4-major-win32/bin/../lib/gcc/arm-none-eabi/7.2.1/../../../../arm-none-eabi/lib/thumb/v7e-m/fpv4-sp/hard\libg_nano.a(lib_a-puts.o)
                              CMakeFiles/L20.dir/QMA6981.c.obj (puts)
d:/software/gcc-arm-none-eabi-7-2017-q4-major-win32/bin/../lib/gcc/arm-none-eabi/7.2.1/../../../../arm-none-eabi/lib/thumb/v7e-m/fpv4-sp/hard\libg_nano.a(lib_a-snprintf.o)
                              CMakeFiles/L20.dir/at_cmd.c.obj (snprintf)
d:/software/gcc-arm-none-eabi-7-2017-q4-major-win32/bin/../lib/gcc/arm-none-eabi/7.2.1/../../../../arm-none-eabi/lib/thumb/v7e-m/fpv4-sp/hard\libg_nano.a(lib_a-sprintf.o)
                              CMakeFiles/L20.dir/freertos.c.obj (sprintf)
[...]
Memory Configuration

Name             Origin             Length             Attributes
RAM              0x20000000         0x00010000         xrw
FLASH            0x08000000         0x00040000         xr
*default*        0x00000000         0xffffffff

Linker script and memory map

LOAD d:/software/gcc-arm-none-eabi-7-2017-q4-major-win32/bin/../lib/gcc/arm-none-eabi/7.2.1/thumb/v7e-m/fpv4-sp/hard/crtfastmath.o
LOAD d:/software/gcc-arm-none-eabi-7-2017-q4-major-win32/bin/../lib/gcc/arm-none-eabi/7.2.1/thumb/v7e-m/fpv4-sp/hard/crti.o
LOAD d:/software/gcc-arm-none-eabi-7-2017-q4-major-win32/bin/../lib/gcc/arm-none-eabi/7.2.1/thumb/v7e-m/fpv4-sp/hard/crtbegin.o
LOAD d:/software/gcc-arm-none-eabi-7-2017-q4-major-win32/bin/../lib/gcc/arm-none-eabi/7.2.1/../../../../arm-none-eabi/lib/thumb/v7e-m/fpv4-sp/hard/crt0.o
                0x08001655                SE_APP_SetSecParameter = 0x8001655
                0x0800167b                SE_APP_GetSecParameter = 0x800167b
LOAD d:/software/gcc-arm-none-eabi-7-2017-q4-major-win32/bin/../lib/gcc/arm-none-eabi/7.2.1/../../../../arm-none-eabi/lib/thumb/v7e-m/fpv4-sp/hard\libc_nano.a
LOAD d:/software/gcc-arm-none-eabi-7-2017-q4-major-win32/bin/../lib/gcc/arm-none-eabi/7.2.1/../../../../arm-none-eabi/lib/thumb/v7e-m/fpv4-sp/hard\libm.a
LOAD d:/software/gcc-arm-none-eabi-7-2017-q4-major-win32/bin/../lib/gcc/arm-none-eabi/7.2.1/../../../../arm-none-eabi/lib/thumb/v7e-m/fpv4-sp/hard\libnosys.a
LOAD CMakeFiles/L20.dir/BMA2x2/bma2x2.c.obj
LOAD CMakeFiles/L20.dir/BMA2x2/bma2x2_hal.c.obj
LOAD CMakeFiles/L20.dir/BMA2x2/bma2x2_support.c.obj
LOAD CMakeFiles/L20.dir/BMA2x2/delay.c.obj
LOAD CMakeFiles/L20.dir/QMA6981.c.obj
LOAD CMakeFiles/L20.dir/at_cmd.c.obj
LOAD CMakeFiles/L20.dir/bsp_uart.c.obj
LOAD CMakeFiles/L20.dir/dma.c.obj
LOAD CMakeFiles/L20.dir/freertos.c.obj
LOAD CMakeFiles/L20.dir/gpio.c.obj
LOAD CMakeFiles/L20.dir/i2c.c.obj
LOAD CMakeFiles/L20.dir/main.c.obj
LOAD CMakeFiles/L20.dir/qst_sw_i2c.c.obj
LOAD CMakeFiles/L20.dir/spi.c.obj
LOAD CMakeFiles/L20.dir/stm32l4xx_hal_msp.c.obj
LOAD CMakeFiles/L20.dir/stm32l4xx_it.c.obj
LOAD CMakeFiles/L20.dir/sx1280/2G4.c.obj
LOAD CMakeFiles/L20.dir/sx1280/sx1280-hal.c.obj
LOAD CMakeFiles/L20.dir/sx1280/sx1280.c.obj
LOAD CMakeFiles/L20.dir/system_stm32l4xx.c.obj
LOAD CMakeFiles/L20.dir/usart.c.obj
LOAD CMakeFiles/L20.dir/utilities.c.obj
LOAD ../Drivers/CMakeFiles/driver.dir/STM32L4xx_HAL_Driver/Src/stm32l4xx_hal_tim.c.obj
LOAD ../Drivers/CMakeFiles/driver.dir/STM32L4xx_HAL_Driver/Src/stm32l4xx_hal_tim_ex.c.obj
LOAD ../Drivers/CMakeFiles/driver.dir/STM32L4xx_HAL_Driver/Src/stm32l4xx_hal_uart.c.obj
LOAD ../Drivers/CMakeFiles/driver.dir/STM32L4xx_HAL_Driver/Src/stm32l4xx_hal_uart_ex.c.obj
LOAD ../Drivers/CMakeFiles/driver.dir/STM32L4xx_HAL_Driver/Src/stm32l4xx_hal.c.obj
LOAD ../Drivers/CMakeFiles/driver.dir/STM32L4xx_HAL_Driver/Src/stm32l4xx_hal_i2c.c.obj
LOAD ../Drivers/CMakeFiles/driver.dir/STM32L4xx_HAL_Driver/Src/stm32l4xx_hal_i2c_ex.c.obj
LOAD ../Drivers/CMakeFiles/driver.dir/STM32L4xx_HAL_Driver/Src/stm32l4xx_hal_rcc.c.obj
LOAD ../Drivers/CMakeFiles/driver.dir/STM32L4xx_HAL_Driver/Src/stm32l4xx_hal_rcc_ex.c.obj
LOAD ../Drivers/CMakeFiles/driver.dir/STM32L4xx_HAL_Driver/Src/stm32l4xx_hal_flash.c.obj
LOAD ../Drivers/CMakeFiles/driver.dir/STM32L4xx_HAL_Driver/Src/stm32l4xx_hal_flash_ex.c.obj
LOAD ../Drivers/CMakeFiles/driver.dir/STM32L4xx_HAL_Driver/Src/stm32l4xx_hal_flash_ramfunc.c.obj
LOAD ../Drivers/CMakeFiles/driver.dir/STM32L4xx_HAL_Driver/Src/stm32l4xx_hal_gpio.c.obj
LOAD ../Drivers/CMakeFiles/driver.dir/STM32L4xx_HAL_Driver/Src/stm32l4xx_hal_dma.c.obj
LOAD ../Drivers/CMakeFiles/driver.dir/STM32L4xx_HAL_Driver/Src/stm32l4xx_hal_dma_ex.c.obj
LOAD ../Drivers/CMakeFiles/driver.dir/STM32L4xx_HAL_Driver/Src/stm32l4xx_hal_pwr.c.obj
LOAD ../Drivers/CMakeFiles/driver.dir/STM32L4xx_HAL_Driver/Src/stm32l4xx_hal_pwr_ex.c.obj
LOAD ../Drivers/CMakeFiles/driver.dir/STM32L4xx_HAL_Driver/Src/stm32l4xx_hal_cortex.c.obj
LOAD ../Drivers/CMakeFiles/driver.dir/STM32L4xx_HAL_Driver/Src/stm32l4xx_hal_exti.c.obj
LOAD ../Drivers/CMakeFiles/driver.dir/STM32L4xx_HAL_Driver/Src/stm32l4xx_hal_spi.c.obj
LOAD ../Drivers/CMakeFiles/driver.dir/STM32L4xx_HAL_Driver/Src/stm32l4xx_hal_spi_ex.c.obj
LOAD ../Drivers/CMakeFiles/driver.dir/__/startup_stm32l433xx.s.obj
LOAD ../Middlewares/CMakeFiles/rtos.dir/Third_Party/FreeRTOS/Source/croutine.c.obj
LOAD ../Middlewares/CMakeFiles/rtos.dir/Third_Party/FreeRTOS/Source/event_groups.c.obj
LOAD ../Middlewares/CMakeFiles/rtos.dir/Third_Party/FreeRTOS/Source/list.c.obj
LOAD ../Middlewares/CMakeFiles/rtos.dir/Third_Party/FreeRTOS/Source/queue.c.obj
LOAD ../Middlewares/CMakeFiles/rtos.dir/Third_Party/FreeRTOS/Source/tasks.c.obj
LOAD ../Middlewares/CMakeFiles/rtos.dir/Third_Party/FreeRTOS/Source/timers.c.obj
LOAD ../Middlewares/CMakeFiles/rtos.dir/Third_Party/FreeRTOS/Source/CMSIS_RTOS/cmsis_os.c.obj
LOAD ../Middlewares/CMakeFiles/rtos.dir/Third_Party/FreeRTOS/Source/portable/MemMang/heap_4.c.obj
LOAD ../Middlewares/CMakeFiles/rtos.dir/Third_Party/FreeRTOS/Source/portable/GCC/ARM_CM4F/port.c.obj
START GROUP
LOAD d:/software/gcc-arm-none-eabi-7-2017-q4-major-win32/bin/../lib/gcc/arm-none-eabi/7.2.1/thumb/v7e-m/fpv4-sp/hard\libgcc.a
LOAD d:/software/gcc-arm-none-eabi-7-2017-q4-major-win32/bin/../lib/gcc/arm-none-eabi/7.2.1/../../../../arm-none-eabi/lib/thumb/v7e-m/fpv4-sp/hard\libg_nano.a
LOAD d:/software/gcc-arm-none-eabi-7-2017-q4-major-win32/bin/../lib/gcc/arm-none-eabi/7.2.1/../../../../arm-none-eabi/lib/thumb/v7e-m/fpv4-sp/hard\libc_nano.a
END GROUP
START GROUP
LOAD d:/software/gcc-arm-none-eabi-7-2017-q4-major-win32/bin/../lib/gcc/arm-none-eabi/7.2.1/thumb/v7e-m/fpv4-sp/hard\libgcc.a
LOAD d:/software/gcc-arm-none-eabi-7-2017-q4-major-win32/bin/../lib/gcc/arm-none-eabi/7.2.1/../../../../arm-none-eabi/lib/thumb/v7e-m/fpv4-sp/hard\libc_nano.a
LOAD d:/software/gcc-arm-none-eabi-7-2017-q4-major-win32/bin/../lib/gcc/arm-none-eabi/7.2.1/../../../../arm-none-eabi/lib/thumb/v7e-m/fpv4-sp/hard\libnosys.a
END GROUP
START GROUP
LOAD d:/software/gcc-arm-none-eabi-7-2017-q4-major-win32/bin/../lib/gcc/arm-none-eabi/7.2.1/thumb/v7e-m/fpv4-sp/hard\libgcc.a
LOAD d:/software/gcc-arm-none-eabi-7-2017-q4-major-win32/bin/../lib/gcc/arm-none-eabi/7.2.1/../../../../arm-none-eabi/lib/thumb/v7e-m/fpv4-sp/hard\libc_nano.a
LOAD d:/software/gcc-arm-none-eabi-7-2017-q4-major-win32/bin/../lib/gcc/arm-none-eabi/7.2.1/../../../../arm-none-eabi/lib/thumb/v7e-m/fpv4-sp/hard\libnosys.a
END GROUP
LOAD d:/software/gcc-arm-none-eabi-7-2017-q4-major-win32/bin/../lib/gcc/arm-none-eabi/7.2.1/thumb/v7e-m/fpv4-sp/hard/crtend.o
LOAD d:/software/gcc-arm-none-eabi-7-2017-q4-major-win32/bin/../lib/gcc/arm-none-eabi/7.2.1/thumb/v7e-m/fpv4-sp/hard/crtn.o
                0x20010000                _estack = 0x20010000
                0x00000200                _Min_Heap_Size = 0x200
                0x00000400                _Min_Stack_Size = 0x400

.isr_vector     0x08000000      0x190
                0x08000000                . = ALIGN (0x8)
 *(.isr_vector)
 .isr_vector    0x08000000      0x18c ../Drivers/CMakeFiles/driver.dir/__/startup_stm32l433xx.s.obj
                0x08000000                g_pfnVectors
                0x08000190                . = ALIGN (0x8)
 *fill*         0x0800018c        0x4 

.text           0x08000190     0x74a0
                0x08000190                . = ALIGN (0x8)
 *(.text)
 .text          0x08000190       0x40 d:/software/gcc-arm-none-eabi-7-2017-q4-major-win32/bin/../lib/gcc/arm-none-eabi/7.2.1/thumb/v7e-m/fpv4-sp/hard/crtbegin.o
 .text          0x080001d0      0x378 d:/software/gcc-arm-none-eabi-7-2017-q4-major-win32/bin/../lib/gcc/arm-none-eabi/7.2.1/thumb/v7e-m/fpv4-sp/hard\libgcc.a(_arm_addsubdf3.o)
                0x080001d0                __aeabi_drsub
                0x080001d8                __aeabi_dsub
                0x080001d8                __subdf3
                0x080001dc                __aeabi_dadd
                0x080001dc                __adddf3
                0x08000454                __floatunsidf
                0x08000454                __aeabi_ui2d
                0x08000474                __floatsidf
                0x08000474                __aeabi_i2d
                0x08000498                __aeabi_f2d
                0x08000498                __extendsfdf2
                0x080004dc                __floatundidf
                0x080004dc                __aeabi_ul2d
                0x080004ec                __floatdidf
                0x080004ec                __aeabi_l2d
 .text          0x08000548      0x424 d:/software/gcc-arm-none-eabi-7-2017-q4-major-win32/bin/../lib/gcc/arm-none-eabi/7.2.1/thumb/v7e-m/fpv4-sp/hard\libgcc.a(_arm_muldivdf3.o)
                0x08000548                __aeabi_dmul
                0x08000548                __muldf3
                0x0800079c                __divdf3
                0x0800079c                __aeabi_ddiv
 .text          0x0800096c       0x40 d:/software/gcc-arm-none-eabi-7-2017-q4-major-win32/bin/../lib/gcc/arm-none-eabi/7.2.1/thumb/v7e-m/fpv4-sp/hard\libgcc.a(_arm_fixunsdfsi.o)
                0x0800096c                __aeabi_d2uiz
                0x0800096c                __fixunsdfsi
 .text          0x080009ac       0xa0 d:/software/gcc-arm-none-eabi-7-2017-q4-major-win32/bin/../lib/gcc/arm-none-eabi/7.2.1/thumb/v7e-m/fpv4-sp/hard\libgcc.a(_arm_truncdfsf2.o)
                0x080009ac                __truncdfsf2
                0x080009ac                __aeabi_d2f
 .text          0x08000a4c       0x30 d:/software/gcc-arm-none-eabi-7-2017-q4-major-win32/bin/../lib/gcc/arm-none-eabi/7.2.1/thumb/v7e-m/fpv4-sp/hard\libgcc.a(_aeabi_uldivmod.o)
                0x08000a4c                __aeabi_uldivmod
 .text          0x08000a7c      0x2cc d:/software/gcc-arm-none-eabi-7-2017-q4-major-win32/bin/../lib/gcc/arm-none-eabi/7.2.1/thumb/v7e-m/fpv4-sp/hard\libgcc.a(_udivmoddi4.o)
                0x08000a7c                __udivmoddi4
 .text          0x08000d48        0x4 d:/software/gcc-arm-none-eabi-7-2017-q4-major-win32/bin/../lib/gcc/arm-none-eabi/7.2.1/thumb/v7e-m/fpv4-sp/hard\libgcc.a(_dvmd_tls.o)
                0x08000d48                __aeabi_idiv0
                0x08000d48                __aeabi_ldiv0
 .text          0x08000d4c       0x10 d:/software/gcc-arm-none-eabi-7-2017-q4-major-win32/bin/../lib/gcc/arm-none-eabi/7.2.1/../../../../arm-none-eabi/lib/thumb/v7e-m/fpv4-sp/hard\libg_nano.a(lib_a-strlen.o)
                0x08000d4c                strlen
 *fill*         0x08000d5c        0x4 
 .text          0x08000d60       0xa0 d:/software/gcc-arm-none-eabi-7-2017-q4-major-win32/bin/../lib/gcc/arm-none-eabi/7.2.1/../../../../arm-none-eabi/lib/thumb/v7e-m/fpv4-sp/hard\libg_nano.a(lib_a-memchr.o)
                0x08000d60                memchr
 *(.text*)
 .text.startup  0x08000e00       0x10 d:/software/gcc-arm-none-eabi-7-2017-q4-major-win32/bin/../lib/gcc/arm-none-eabi/7.2.1/thumb/v7e-m/fpv4-sp/hard/crtfastmath.o
 .text.__libc_init_array
                0x08000e10       0x48 d:/software/gcc-arm-none-eabi-7-2017-q4-major-win32/bin/../lib/gcc/arm-none-eabi/7.2.1/../../../../arm-none-eabi/lib/thumb/v7e-m/fpv4-sp/hard\libc_nano.a(lib_a-init.o)
                0x08000e10                __libc_init_array
 .text.memset   0x08000e58       0x10 d:/software/gcc-arm-none-eabi-7-2017-q4-major-win32/bin/../lib/gcc/arm-none-eabi/7.2.1/../../../../arm-none-eabi/lib/thumb/v7e-m/fpv4-sp/hard\libc_nano.a(lib_a-memset.o)
                0x08000e58                memset
 .text.bma2x2_write_reg
                0x08000e68       0x34 CMakeFiles/L20.dir/BMA2x2/bma2x2.c.obj
                0x08000e68                bma2x2_write_reg
 .text.bma2x2_read_reg
                0x08000e9c       0x20 CMakeFiles/L20.dir/BMA2x2/bma2x2.c.obj
                0x08000e9c                bma2x2_read_reg
 .text.bma2x2_init
                0x08000ebc       0x58 CMakeFiles/L20.dir/BMA2x2/bma2x2.c.obj
                0x08000ebc                bma2x2_init
 .text.bma2x2_set_mode_value
                0x08000f14       0x68 CMakeFiles/L20.dir/BMA2x2/bma2x2.c.obj
                0x08000f14                bma2x2_set_mode_value
 .text.bma2x2_set_power_mode
                0x08000f7c      0x130 CMakeFiles/L20.dir/BMA2x2/bma2x2.c.obj
                0x08000f7c                bma2x2_set_power_mode
 .text.bma2x2_set_intr_enable
                0x080010ac      0x180 CMakeFiles/L20.dir/BMA2x2/bma2x2.c.obj
                0x080010ac                bma2x2_set_intr_enable
 .text.bma2x2_set_intr_slope
                0x0800122c       0xa0 CMakeFiles/L20.dir/BMA2x2/bma2x2.c.obj
                0x0800122c                bma2x2_set_intr_slope
 .text.bma2x2_set_source
                0x080012cc      0x194 CMakeFiles/L20.dir/BMA2x2/bma2x2.c.obj
                0x080012cc                bma2x2_set_source
 .text.bma2x2_set_intr_output_type
                0x08001460       0xa0 CMakeFiles/L20.dir/BMA2x2/bma2x2.c.obj
                0x08001460                bma2x2_set_intr_output_type
 .text.bma2x2_set_latch_intr
                0x08001500       0x6c CMakeFiles/L20.dir/BMA2x2/bma2x2.c.obj
                0x08001500                bma2x2_set_latch_intr
 .text.bma2x2_set_thres
                0x0800156c       0x6c CMakeFiles/L20.dir/BMA2x2/bma2x2.c.obj
                0x0800156c                bma2x2_set_thres
 .text.Gsensor_Itf_Init
                0x080015d8        0x8 CMakeFiles/L20.dir/BMA2x2/bma2x2_hal.c.obj
                0x080015d8                Gsensor_Itf_Init
 .text.Gsensor_Itf_Write
                0x080015e0       0x28 CMakeFiles/L20.dir/BMA2x2/bma2x2_hal.c.obj
                0x080015e0                Gsensor_Itf_Write
 .text.Gsensor_Itf_Read
                0x08001608       0x28 CMakeFiles/L20.dir/BMA2x2/bma2x2_hal.c.obj
                0x08001608                Gsensor_Itf_Read
 .text.BMA2x2_I2C_bus_write
                0x08001630       0x2a CMakeFiles/L20.dir/BMA2x2/bma2x2_support.c.obj
                0x08001630                BMA2x2_I2C_bus_write
 .text.BMA2x2_I2C_bus_read
                0x0800165a       0x1e CMakeFiles/L20.dir/BMA2x2/bma2x2_support.c.obj
                0x0800165a                BMA2x2_I2C_bus_read
 .text.BMA2x2_delay_msek
                0x08001678        0x8 CMakeFiles/L20.dir/BMA2x2/bma2x2_support.c.obj
                0x08001678                BMA2x2_delay_msek
 .text.I2C_routine
                0x08001680       0x2c CMakeFiles/L20.dir/BMA2x2/bma2x2_support.c.obj
                0x08001680                I2C_routine
 .text.bma2x2_config
                0x080016ac       0x58 CMakeFiles/L20.dir/BMA2x2/bma2x2_support.c.obj
                0x080016ac                bma2x2_config
 .text.DelayMs  0x08001704       0x1c CMakeFiles/L20.dir/BMA2x2/delay.c.obj
                0x08001704                DelayMs
 .text.__io_putchar
                0x08001720       0x24 CMakeFiles/L20.dir/bsp_uart.c.obj
                0x08001720                __io_putchar
 .text._write   0x08001744       0x1c CMakeFiles/L20.dir/bsp_uart.c.obj
                0x08001744                _write
 .text.uart_init
                0x08001760       0x40 CMakeFiles/L20.dir/bsp_uart.c.obj
                0x08001760                uart_init
 .text.uart_queue_init
                0x080017a0       0x18 CMakeFiles/L20.dir/bsp_uart.c.obj
                0x080017a0                uart_queue_init
 .text.HAL_GPIO_EXTI_Callback
                0x080017b8       0x6c CMakeFiles/L20.dir/bsp_uart.c.obj
                0x080017b8                HAL_GPIO_EXTI_Callback
 .text.HAL_UART_TxCpltCallback
                0x08001824        0xe CMakeFiles/L20.dir/bsp_uart.c.obj
                0x08001824                HAL_UART_TxCpltCallback
 *fill*         0x08001832        0x2 
 .text.UsartReceive_IDLE
                0x08001834       0xc8 CMakeFiles/L20.dir/bsp_uart.c.obj
                0x08001834                UsartReceive_IDLE
 .text.MX_DMA_Init
                0x080018fc       0x44 CMakeFiles/L20.dir/dma.c.obj
                0x080018fc                MX_DMA_Init
 .text.StartDefaultTask
                0x08001940       0x70 CMakeFiles/L20.dir/freertos.c.obj
                0x08001940                StartDefaultTask
 .text.qma6981_task
                0x080019b0       0xe8 CMakeFiles/L20.dir/freertos.c.obj
                0x080019b0                qma6981_task
 .text.vApplicationGetIdleTaskMemory
                0x08001a98       0x18 CMakeFiles/L20.dir/freertos.c.obj
                0x08001a98                vApplicationGetIdleTaskMemory
 .text.MX_FREERTOS_Init
                0x08001ab0       0x50 CMakeFiles/L20.dir/freertos.c.obj
                0x08001ab0                MX_FREERTOS_Init
 .text.MX_GPIO_Init
                0x08001b00      0x140 CMakeFiles/L20.dir/gpio.c.obj
                0x08001b00                MX_GPIO_Init
 .text.MX_I2C2_Init
                0x08001c40       0x58 CMakeFiles/L20.dir/i2c.c.obj
                0x08001c40                MX_I2C2_Init
 .text.HAL_I2C_MspInit
                0x08001c98       0x70 CMakeFiles/L20.dir/i2c.c.obj
                0x08001c98                HAL_I2C_MspInit
 .text.SystemClock_Config
                0x08001d08       0x9c CMakeFiles/L20.dir/main.c.obj
                0x08001d08                SystemClock_Config
 .text.main     0x08001da4       0x44 CMakeFiles/L20.dir/main.c.obj
                0x08001da4                main
 .text.Error_Handler
                0x08001de8        0x2 CMakeFiles/L20.dir/main.c.obj
                0x08001de8                Error_Handler
 *fill*         0x08001dea        0x2 
 .text.MX_SPI2_Init
                0x08001dec       0x4c CMakeFiles/L20.dir/spi.c.obj
                0x08001dec                MX_SPI2_Init
 .text.HAL_SPI_MspInit
                0x08001e38       0x6c CMakeFiles/L20.dir/spi.c.obj
                0x08001e38                HAL_SPI_MspInit
 .text.HAL_MspInit
                0x08001ea4       0x40 CMakeFiles/L20.dir/stm32l4xx_hal_msp.c.obj
                0x08001ea4                HAL_MspInit
 .text.NMI_Handler
                0x08001ee4        0x2 CMakeFiles/L20.dir/stm32l4xx_it.c.obj
                0x08001ee4                NMI_Handler
 .text.HardFault_Handler
                0x08001ee6        0x2 CMakeFiles/L20.dir/stm32l4xx_it.c.obj
                0x08001ee6                HardFault_Handler
 .text.MemManage_Handler
                0x08001ee8        0x2 CMakeFiles/L20.dir/stm32l4xx_it.c.obj
                0x08001ee8                MemManage_Handler
 .text.BusFault_Handler
                0x08001eea        0x2 CMakeFiles/L20.dir/stm32l4xx_it.c.obj
                0x08001eea                BusFault_Handler
 .text.UsageFault_Handler
                0x08001eec        0x2 CMakeFiles/L20.dir/stm32l4xx_it.c.obj
                0x08001eec                UsageFault_Handler
 .text.DebugMon_Handler
                0x08001eee        0x2 CMakeFiles/L20.dir/stm32l4xx_it.c.obj
                0x08001eee                DebugMon_Handler
 .text.SysTick_Handler
                0x08001ef0       0x14 CMakeFiles/L20.dir/stm32l4xx_it.c.obj
                0x08001ef0                SysTick_Handler
 .text.EXTI1_IRQHandler
                0x08001f04        0xa CMakeFiles/L20.dir/stm32l4xx_it.c.obj
                0x08001f04                EXTI1_IRQHandler
 .text.EXTI4_IRQHandler
                0x08001f0e        0xa CMakeFiles/L20.dir/stm32l4xx_it.c.obj
                0x08001f0e                EXTI4_IRQHandler
 .text.DMA1_Channel4_IRQHandler
                0x08001f18       0x10 CMakeFiles/L20.dir/stm32l4xx_it.c.obj
                0x08001f18                DMA1_Channel4_IRQHandler
 .text.DMA1_Channel5_IRQHandler
                0x08001f28       0x10 CMakeFiles/L20.dir/stm32l4xx_it.c.obj
                0x08001f28                DMA1_Channel5_IRQHandler
 .text.EXTI9_5_IRQHandler
                0x08001f38        0xa CMakeFiles/L20.dir/stm32l4xx_it.c.obj
                0x08001f38                EXTI9_5_IRQHandler
 *fill*         0x08001f42        0x2 
 .text.USART1_IRQHandler
                0x08001f44       0x18 CMakeFiles/L20.dir/stm32l4xx_it.c.obj
                0x08001f44                USART1_IRQHandler
 .text.LORA2G4SetParams
                0x08001f5c       0x34 CMakeFiles/L20.dir/sx1280/2G4.c.obj
                0x08001f5c                LORA2G4SetParams
 .text.LORA2G4Init
                0x08001f90       0x4c CMakeFiles/L20.dir/sx1280/2G4.c.obj
                0x08001f90                LORA2G4Init
 .text.LORA2G4SetPayloadLength
                0x08001fdc       0x14 CMakeFiles/L20.dir/sx1280/2G4.c.obj
                0x08001fdc                LORA2G4SetPayloadLength
 .text.LORA2G4SendData
                0x08001ff0       0x3c CMakeFiles/L20.dir/sx1280/2G4.c.obj
                0x08001ff0                LORA2G4SendData
 .text.SX1280HalWaitOnBusy
                0x0800202c       0x12 CMakeFiles/L20.dir/sx1280/sx1280-hal.c.obj
                0x0800202c                SX1280HalWaitOnBusy
 .text.SX1280HalReset
                0x0800203e       0x2e CMakeFiles/L20.dir/sx1280/sx1280-hal.c.obj
                0x0800203e                SX1280HalReset
 .text.SpiIn    0x0800206c       0x18 CMakeFiles/L20.dir/sx1280/sx1280-hal.c.obj
                0x0800206c                SpiIn
 .text.SX1280HalWriteCommand
                0x08002084       0x58 CMakeFiles/L20.dir/sx1280/sx1280-hal.c.obj
                0x08002084                SX1280HalWriteCommand
 .text.SX1280HalWriteBuffer
                0x080020dc       0x48 CMakeFiles/L20.dir/sx1280/sx1280-hal.c.obj
                0x080020dc                SX1280HalWriteBuffer
 .text.SX1280SetStandby
                0x08002124       0x30 CMakeFiles/L20.dir/sx1280/sx1280.c.obj
                0x08002124                SX1280SetStandby
 .text.SX1280SetPacketType
                0x08002154       0x20 CMakeFiles/L20.dir/sx1280/sx1280.c.obj
                0x08002154                SX1280SetPacketType
 .text.SX1280GetPacketType
                0x08002174        0xc CMakeFiles/L20.dir/sx1280/sx1280.c.obj
                0x08002174                SX1280GetPacketType
 .text.SX1280SetRfFrequency
                0x08002180       0x48 CMakeFiles/L20.dir/sx1280/sx1280.c.obj
                0x08002180                SX1280SetRfFrequency
 .text.SX1280SetTxParams
                0x080021c8       0x1e CMakeFiles/L20.dir/sx1280/sx1280.c.obj
                0x080021c8                SX1280SetTxParams
 .text.SX1280SetBufferBaseAddresses
                0x080021e6       0x1c CMakeFiles/L20.dir/sx1280/sx1280.c.obj
                0x080021e6                SX1280SetBufferBaseAddresses
 *fill*         0x08002202        0x2 
 .text.SX1280SetModulationParams
                0x08002204       0xa8 CMakeFiles/L20.dir/sx1280/sx1280.c.obj
                0x08002204                SX1280SetModulationParams
 .text.SX1280SetPacketParams
                0x080022ac      0x10c CMakeFiles/L20.dir/sx1280/sx1280.c.obj
                0x080022ac                SX1280SetPacketParams
 .text.SX1280SetDioIrqParams
                0x080023b8       0x3a CMakeFiles/L20.dir/sx1280/sx1280.c.obj
                0x080023b8                SX1280SetDioIrqParams
 .text.SX1280ClearIrqStatus
                0x080023f2       0x1e CMakeFiles/L20.dir/sx1280/sx1280.c.obj
                0x080023f2                SX1280ClearIrqStatus
 .text.SX1280SetRegulatorMode
                0x08002410       0x18 CMakeFiles/L20.dir/sx1280/sx1280.c.obj
                0x08002410                SX1280SetRegulatorMode
 .text.SX1280SetPayload
                0x08002428        0xe CMakeFiles/L20.dir/sx1280/sx1280.c.obj
                0x08002428                SX1280SetPayload
 .text.SX1280SetRangingRole
                0x08002436       0x18 CMakeFiles/L20.dir/sx1280/sx1280.c.obj
                0x08002436                SX1280SetRangingRole
 *fill*         0x0800244e        0x2 
 .text.SX1280SetTx
                0x08002450       0x48 CMakeFiles/L20.dir/sx1280/sx1280.c.obj
                0x08002450                SX1280SetTx
 .text.SX1280SendPayload
                0x08002498       0x16 CMakeFiles/L20.dir/sx1280/sx1280.c.obj
                0x08002498                SX1280SendPayload
 *fill*         0x080024ae        0x2 
 .text.SystemInit
                0x080024b0       0x48 CMakeFiles/L20.dir/system_stm32l4xx.c.obj
                0x080024b0                SystemInit
 .text.MX_USART1_UART_Init
                0x080024f8       0x38 CMakeFiles/L20.dir/usart.c.obj
                0x080024f8                MX_USART1_UART_Init
 .text.HAL_UART_MspInit
                0x08002530       0xe4 CMakeFiles/L20.dir/usart.c.obj
                0x08002530                HAL_UART_MspInit
 .text.UART_EndTxTransfer
                0x08002614       0x10 ../Drivers/CMakeFiles/driver.dir/STM32L4xx_HAL_Driver/Src/stm32l4xx_hal_uart.c.obj
 .text.UART_EndRxTransfer
                0x08002624       0x1e ../Drivers/CMakeFiles/driver.dir/STM32L4xx_HAL_Driver/Src/stm32l4xx_hal_uart.c.obj
 *fill*         0x08002642        0x2 
 .text.HAL_UART_Receive_DMA
                0x08002644       0xac ../Drivers/CMakeFiles/driver.dir/STM32L4xx_HAL_Driver/Src/stm32l4xx_hal_uart.c.obj
                0x08002644                HAL_UART_Receive_DMA
 .text.HAL_UART_DMAStop
                0x080026f0       0x86 ../Drivers/CMakeFiles/driver.dir/STM32L4xx_HAL_Driver/Src/stm32l4xx_hal_uart.c.obj
                0x080026f0                HAL_UART_DMAStop
 .text.UART_EndTransmit_IT
                0x08002776       0x1a ../Drivers/CMakeFiles/driver.dir/STM32L4xx_HAL_Driver/Src/stm32l4xx_hal_uart.c.obj
 .text.HAL_UART_RxCpltCallback
                0x08002790        0x2 ../Drivers/CMakeFiles/driver.dir/STM32L4xx_HAL_Driver/Src/stm32l4xx_hal_uart.c.obj
                0x08002790                HAL_UART_RxCpltCallback
 .text.UART_DMAReceiveCplt
                0x08002792       0x3e ../Drivers/CMakeFiles/driver.dir/STM32L4xx_HAL_Driver/Src/stm32l4xx_hal_uart.c.obj
 .text.HAL_UART_RxHalfCpltCallback
                0x080027d0        0x2 ../Drivers/CMakeFiles/driver.dir/STM32L4xx_HAL_Driver/Src/stm32l4xx_hal_uart.c.obj
                0x080027d0                HAL_UART_RxHalfCpltCallback
 .text.UART_DMARxHalfCplt
                0x080027d2        0xa ../Drivers/CMakeFiles/driver.dir/STM32L4xx_HAL_Driver/Src/stm32l4xx_hal_uart.c.obj
 .text.HAL_UART_ErrorCallback
                0x080027dc        0x2 ../Drivers/CMakeFiles/driver.dir/STM32L4xx_HAL_Driver/Src/stm32l4xx_hal_uart.c.obj
                0x080027dc                HAL_UART_ErrorCallback
 .text.UART_DMAError
                0x080027de       0x50 ../Drivers/CMakeFiles/driver.dir/STM32L4xx_HAL_Driver/Src/stm32l4xx_hal_uart.c.obj
 *fill*         0x0800282e        0x2 
 .text.HAL_UART_IRQHandler
                0x08002830      0x15c ../Drivers/CMakeFiles/driver.dir/STM32L4xx_HAL_Driver/Src/stm32l4xx_hal_uart.c.obj
                0x08002830                HAL_UART_IRQHandler
 .text.UART_DMAAbortOnError
                0x0800298c       0x14 ../Drivers/CMakeFiles/driver.dir/STM32L4xx_HAL_Driver/Src/stm32l4xx_hal_uart.c.obj
 .text.UART_SetConfig
                0x080029a0      0x3a8 ../Drivers/CMakeFiles/driver.dir/STM32L4xx_HAL_Driver/Src/stm32l4xx_hal_uart.c.obj
                0x080029a0                UART_SetConfig
 .text.UART_AdvFeatureConfig
                0x08002d48       0xca ../Drivers/CMakeFiles/driver.dir/STM32L4xx_HAL_Driver/Src/stm32l4xx_hal_uart.c.obj
                0x08002d48                UART_AdvFeatureConfig
 .text.UART_WaitOnFlagUntilTimeout
                0x08002e12       0x60 ../Drivers/CMakeFiles/driver.dir/STM32L4xx_HAL_Driver/Src/stm32l4xx_hal_uart.c.obj
                0x08002e12                UART_WaitOnFlagUntilTimeout
 .text.HAL_UART_Transmit
                0x08002e72       0xd8 ../Drivers/CMakeFiles/driver.dir/STM32L4xx_HAL_Driver/Src/stm32l4xx_hal_uart.c.obj
                0x08002e72                HAL_UART_Transmit
 .text.UART_CheckIdleState
                0x08002f4a       0x6c ../Drivers/CMakeFiles/driver.dir/STM32L4xx_HAL_Driver/Src/stm32l4xx_hal_uart.c.obj
                0x08002f4a                UART_CheckIdleState
 .text.HAL_UART_Init
                0x08002fb6       0x62 ../Drivers/CMakeFiles/driver.dir/STM32L4xx_HAL_Driver/Src/stm32l4xx_hal_uart.c.obj
                0x08002fb6                HAL_UART_Init
 .text.HAL_UARTEx_WakeupCallback
                0x08003018        0x2 ../Drivers/CMakeFiles/driver.dir/STM32L4xx_HAL_Driver/Src/stm32l4xx_hal_uart_ex.c.obj
                0x08003018                HAL_UARTEx_WakeupCallback
 *fill*         0x0800301a        0x2 
 .text.HAL_InitTick
                0x0800301c       0x50 ../Drivers/CMakeFiles/driver.dir/STM32L4xx_HAL_Driver/Src/stm32l4xx_hal.c.obj
                0x0800301c                HAL_InitTick
 .text.HAL_Init
                0x0800306c       0x1e ../Drivers/CMakeFiles/driver.dir/STM32L4xx_HAL_Driver/Src/stm32l4xx_hal.c.obj
                0x0800306c                HAL_Init
 *fill*         0x0800308a        0x2 
 .text.HAL_IncTick
                0x0800308c       0x18 ../Drivers/CMakeFiles/driver.dir/STM32L4xx_HAL_Driver/Src/stm32l4xx_hal.c.obj
                0x0800308c                HAL_IncTick
 .text.HAL_GetTick
                0x080030a4        0xc ../Drivers/CMakeFiles/driver.dir/STM32L4xx_HAL_Driver/Src/stm32l4xx_hal.c.obj
                0x080030a4                HAL_GetTick
 .text.HAL_Delay
                0x080030b0       0x28 ../Drivers/CMakeFiles/driver.dir/STM32L4xx_HAL_Driver/Src/stm32l4xx_hal.c.obj
                0x080030b0                HAL_Delay
 .text.I2C_Flush_TXDR
                0x080030d8       0x22 ../Drivers/CMakeFiles/driver.dir/STM32L4xx_HAL_Driver/Src/stm32l4xx_hal_i2c.c.obj
 .text.I2C_TransferConfig
                0x080030fa       0x36 ../Drivers/CMakeFiles/driver.dir/STM32L4xx_HAL_Driver/Src/stm32l4xx_hal_i2c.c.obj
 .text.I2C_IsAcknowledgeFailed
                0x08003130       0x90 ../Drivers/CMakeFiles/driver.dir/STM32L4xx_HAL_Driver/Src/stm32l4xx_hal_i2c.c.obj
 .text.I2C_WaitOnTXISFlagUntilTimeout
                0x080031c0       0x56 ../Drivers/CMakeFiles/driver.dir/STM32L4xx_HAL_Driver/Src/stm32l4xx_hal_i2c.c.obj
 .text.I2C_WaitOnFlagUntilTimeout
                0x08003216       0x52 ../Drivers/CMakeFiles/driver.dir/STM32L4xx_HAL_Driver/Src/stm32l4xx_hal_i2c.c.obj
 .text.I2C_RequestMemoryWrite
                0x08003268       0x70 ../Drivers/CMakeFiles/driver.dir/STM32L4xx_HAL_Driver/Src/stm32l4xx_hal_i2c.c.obj
 .text.I2C_RequestMemoryRead
                0x080032d8       0x70 ../Drivers/CMakeFiles/driver.dir/STM32L4xx_HAL_Driver/Src/stm32l4xx_hal_i2c.c.obj
 .text.I2C_WaitOnSTOPFlagUntilTimeout
                0x08003348       0x50 ../Drivers/CMakeFiles/driver.dir/STM32L4xx_HAL_Driver/Src/stm32l4xx_hal_i2c.c.obj
 .text.HAL_I2C_Init
                0x08003398       0xbc ../Drivers/CMakeFiles/driver.dir/STM32L4xx_HAL_Driver/Src/stm32l4xx_hal_i2c.c.obj
                0x08003398                HAL_I2C_Init
 .text.HAL_I2C_Mem_Write
                0x08003454      0x1a4 ../Drivers/CMakeFiles/driver.dir/STM32L4xx_HAL_Driver/Src/stm32l4xx_hal_i2c.c.obj
                0x08003454                HAL_I2C_Mem_Write
 .text.HAL_I2C_Mem_Read
                0x080035f8      0x1ac ../Drivers/CMakeFiles/driver.dir/STM32L4xx_HAL_Driver/Src/stm32l4xx_hal_i2c.c.obj
                0x080035f8                HAL_I2C_Mem_Read
 .text.HAL_I2CEx_ConfigAnalogFilter
                0x080037a4       0x5c ../Drivers/CMakeFiles/driver.dir/STM32L4xx_HAL_Driver/Src/stm32l4xx_hal_i2c_ex.c.obj
                0x080037a4                HAL_I2CEx_ConfigAnalogFilter
 .text.HAL_I2CEx_ConfigDigitalFilter
                0x08003800       0x58 ../Drivers/CMakeFiles/driver.dir/STM32L4xx_HAL_Driver/Src/stm32l4xx_hal_i2c_ex.c.obj
                0x08003800                HAL_I2CEx_ConfigDigitalFilter
 .text.RCC_SetFlashLatencyFromMSIRange
                0x08003858       0x90 ../Drivers/CMakeFiles/driver.dir/STM32L4xx_HAL_Driver/Src/stm32l4xx_hal_rcc.c.obj
 .text.HAL_RCC_GetSysClockFreq
                0x080038e8       0xb4 ../Drivers/CMakeFiles/driver.dir/STM32L4xx_HAL_Driver/Src/stm32l4xx_hal_rcc.c.obj
                0x080038e8                HAL_RCC_GetSysClockFreq
 .text.HAL_RCC_OscConfig
                0x0800399c      0x63c ../Drivers/CMakeFiles/driver.dir/STM32L4xx_HAL_Driver/Src/stm32l4xx_hal_rcc.c.obj
                0x0800399c                HAL_RCC_OscConfig
 .text.HAL_RCC_ClockConfig
                0x08003fd8      0x158 ../Drivers/CMakeFiles/driver.dir/STM32L4xx_HAL_Driver/Src/stm32l4xx_hal_rcc.c.obj
                0x08003fd8                HAL_RCC_ClockConfig
 .text.HAL_RCC_GetHCLKFreq
                0x08004130        0xc ../Drivers/CMakeFiles/driver.dir/STM32L4xx_HAL_Driver/Src/stm32l4xx_hal_rcc.c.obj
                0x08004130                HAL_RCC_GetHCLKFreq
 .text.HAL_RCC_GetPCLK1Freq
                0x0800413c       0x24 ../Drivers/CMakeFiles/driver.dir/STM32L4xx_HAL_Driver/Src/stm32l4xx_hal_rcc.c.obj
                0x0800413c                HAL_RCC_GetPCLK1Freq
 .text.HAL_RCC_GetPCLK2Freq
                0x08004160       0x24 ../Drivers/CMakeFiles/driver.dir/STM32L4xx_HAL_Driver/Src/stm32l4xx_hal_rcc.c.obj
                0x08004160                HAL_RCC_GetPCLK2Freq
 .text.RCCEx_PLLSAI1_Config
                0x08004184      0x16c ../Drivers/CMakeFiles/driver.dir/STM32L4xx_HAL_Driver/Src/stm32l4xx_hal_rcc_ex.c.obj
 .text.HAL_RCCEx_PeriphCLKConfig
                0x080042f0      0x360 ../Drivers/CMakeFiles/driver.dir/STM32L4xx_HAL_Driver/Src/stm32l4xx_hal_rcc_ex.c.obj
                0x080042f0                HAL_RCCEx_PeriphCLKConfig
 .text.HAL_RCCEx_EnableMSIPLLMode
                0x08004650       0x10 ../Drivers/CMakeFiles/driver.dir/STM32L4xx_HAL_Driver/Src/stm32l4xx_hal_rcc_ex.c.obj
                0x08004650                HAL_RCCEx_EnableMSIPLLMode
 .text.HAL_GPIO_Init
                0x08004660      0x194 ../Drivers/CMakeFiles/driver.dir/STM32L4xx_HAL_Driver/Src/stm32l4xx_hal_gpio.c.obj
                0x08004660                HAL_GPIO_Init
 .text.HAL_GPIO_ReadPin
                0x080047f4        0xe ../Drivers/CMakeFiles/driver.dir/STM32L4xx_HAL_Driver/Src/stm32l4xx_hal_gpio.c.obj
                0x080047f4                HAL_GPIO_ReadPin
 .text.HAL_GPIO_WritePin
                0x08004802        0xa ../Drivers/CMakeFiles/driver.dir/STM32L4xx_HAL_Driver/Src/stm32l4xx_hal_gpio.c.obj
                0x08004802                HAL_GPIO_WritePin
 .text.HAL_GPIO_EXTI_IRQHandler
                0x0800480c       0x1c ../Drivers/CMakeFiles/driver.dir/STM32L4xx_HAL_Driver/Src/stm32l4xx_hal_gpio.c.obj
                0x0800480c                HAL_GPIO_EXTI_IRQHandler
 .text.DMA_SetConfig
                0x08004828       0x30 ../Drivers/CMakeFiles/driver.dir/STM32L4xx_HAL_Driver/Src/stm32l4xx_hal_dma.c.obj
 .text.HAL_DMA_Init
                0x08004858       0xf8 ../Drivers/CMakeFiles/driver.dir/STM32L4xx_HAL_Driver/Src/stm32l4xx_hal_dma.c.obj
                0x08004858                HAL_DMA_Init
 .text.HAL_DMA_Start_IT
                0x08004950       0x76 ../Drivers/CMakeFiles/driver.dir/STM32L4xx_HAL_Driver/Src/stm32l4xx_hal_dma.c.obj
                0x08004950                HAL_DMA_Start_IT
 .text.HAL_DMA_Abort
                0x080049c6       0x4a ../Drivers/CMakeFiles/driver.dir/STM32L4xx_HAL_Driver/Src/stm32l4xx_hal_dma.c.obj
                0x080049c6                HAL_DMA_Abort
 .text.HAL_DMA_Abort_IT
                0x08004a10       0x50 ../Drivers/CMakeFiles/driver.dir/STM32L4xx_HAL_Driver/Src/stm32l4xx_hal_dma.c.obj
                0x08004a10                HAL_DMA_Abort_IT
 .text.HAL_DMA_IRQHandler
                0x08004a60       0xc4 ../Drivers/CMakeFiles/driver.dir/STM32L4xx_HAL_Driver/Src/stm32l4xx_hal_dma.c.obj
                0x08004a60                HAL_DMA_IRQHandler
 .text.HAL_DMA_GetError
                0x08004b24        0x4 ../Drivers/CMakeFiles/driver.dir/STM32L4xx_HAL_Driver/Src/stm32l4xx_hal_dma.c.obj
                0x08004b24                HAL_DMA_GetError
 .text.HAL_PWR_EnableBkUpAccess
                0x08004b28       0x10 ../Drivers/CMakeFiles/driver.dir/STM32L4xx_HAL_Driver/Src/stm32l4xx_hal_pwr.c.obj
                0x08004b28                HAL_PWR_EnableBkUpAccess
 .text.HAL_PWREx_GetVoltageRange
                0x08004b38       0x10 ../Drivers/CMakeFiles/driver.dir/STM32L4xx_HAL_Driver/Src/stm32l4xx_hal_pwr_ex.c.obj
                0x08004b38                HAL_PWREx_GetVoltageRange
 .text.HAL_PWREx_ControlVoltageScaling
                0x08004b48       0x90 ../Drivers/CMakeFiles/driver.dir/STM32L4xx_HAL_Driver/Src/stm32l4xx_hal_pwr_ex.c.obj
                0x08004b48                HAL_PWREx_ControlVoltageScaling
 .text.HAL_NVIC_SetPriorityGrouping
                0x08004bd8       0x24 ../Drivers/CMakeFiles/driver.dir/STM32L4xx_HAL_Driver/Src/stm32l4xx_hal_cortex.c.obj
                0x08004bd8                HAL_NVIC_SetPriorityGrouping
 .text.HAL_NVIC_SetPriority
                0x08004bfc       0x68 ../Drivers/CMakeFiles/driver.dir/STM32L4xx_HAL_Driver/Src/stm32l4xx_hal_cortex.c.obj
                0x08004bfc                HAL_NVIC_SetPriority
 .text.HAL_NVIC_EnableIRQ
                0x08004c64       0x1c ../Drivers/CMakeFiles/driver.dir/STM32L4xx_HAL_Driver/Src/stm32l4xx_hal_cortex.c.obj
                0x08004c64                HAL_NVIC_EnableIRQ
 .text.HAL_SYSTICK_Config
                0x08004c80       0x2c ../Drivers/CMakeFiles/driver.dir/STM32L4xx_HAL_Driver/Src/stm32l4xx_hal_cortex.c.obj
                0x08004c80                HAL_SYSTICK_Config
 .text.SPI_WaitFlagStateUntilTimeout
                0x08004cac       0x90 ../Drivers/CMakeFiles/driver.dir/STM32L4xx_HAL_Driver/Src/stm32l4xx_hal_spi.c.obj
 .text.SPI_WaitFifoStateUntilTimeout
                0x08004d3c       0x98 ../Drivers/CMakeFiles/driver.dir/STM32L4xx_HAL_Driver/Src/stm32l4xx_hal_spi.c.obj
 .text.SPI_EndRxTxTransaction
                0x08004dd4       0x66 ../Drivers/CMakeFiles/driver.dir/STM32L4xx_HAL_Driver/Src/stm32l4xx_hal_spi.c.obj
 .text.HAL_SPI_Init
                0x08004e3a       0xb0 ../Drivers/CMakeFiles/driver.dir/STM32L4xx_HAL_Driver/Src/stm32l4xx_hal_spi.c.obj
                0x08004e3a                HAL_SPI_Init
 .text.HAL_SPI_Transmit
                0x08004eea      0x1dc ../Drivers/CMakeFiles/driver.dir/STM32L4xx_HAL_Driver/Src/stm32l4xx_hal_spi.c.obj
                0x08004eea                HAL_SPI_Transmit
 *fill*         0x080050c6        0x2 
 .text.Reset_Handler
                0x080050c8       0x50 ../Drivers/CMakeFiles/driver.dir/__/startup_stm32l433xx.s.obj
                0x080050c8                Reset_Handler
 .text.Default_Handler
                0x08005118        0x2 ../Drivers/CMakeFiles/driver.dir/__/startup_stm32l433xx.s.obj
                0x08005118                RTC_Alarm_IRQHandler
                0x08005118                EXTI2_IRQHandler
                0x08005118                TIM1_CC_IRQHandler
                0x08005118                TSC_IRQHandler
                0x08005118                TAMP_STAMP_IRQHandler
                0x08005118                EXTI3_IRQHandler
                0x08005118                LPTIM2_IRQHandler
                0x08005118                I2C3_ER_IRQHandler
                0x08005118                EXTI0_IRQHandler
                0x08005118                I2C2_EV_IRQHandler
                0x08005118                CAN1_RX0_IRQHandler
                0x08005118                FPU_IRQHandler
                0x08005118                TIM1_UP_TIM16_IRQHandler
                0x08005118                SPI1_IRQHandler
                0x08005118                TIM6_DAC_IRQHandler
                0x08005118                DMA2_Channel2_IRQHandler
                0x08005118                ADC1_IRQHandler
                0x08005118                USART3_IRQHandler
                0x08005118                DMA1_Channel7_IRQHandler
                0x08005118                CAN1_RX1_IRQHandler
                0x08005118                LCD_IRQHandler
                0x08005118                DMA2_Channel1_IRQHandler
                0x08005118                QUADSPI_IRQHandler
                0x08005118                I2C1_EV_IRQHandler
                0x08005118                DMA1_Channel6_IRQHandler
                0x08005118                DMA2_Channel4_IRQHandler
                0x08005118                RCC_IRQHandler
                0x08005118                TIM1_TRG_COM_IRQHandler
                0x08005118                DMA1_Channel1_IRQHandler
                0x08005118                Default_Handler
                0x08005118                DMA2_Channel7_IRQHandler
                0x08005118                EXTI15_10_IRQHandler
                0x08005118                TIM7_IRQHandler
                0x08005118                SDMMC1_IRQHandler
                0x08005118                I2C3_EV_IRQHandler
                0x08005118                USB_IRQHandler
                0x08005118                RTC_WKUP_IRQHandler
                0x08005118                PVD_PVM_IRQHandler
                0x08005118                SPI2_IRQHandler
                0x08005118                CAN1_TX_IRQHandler
                0x08005118                DMA2_Channel5_IRQHandler
                0x08005118                CRS_IRQHandler
                0x08005118                RNG_IRQHandler
                0x08005118                DMA1_Channel3_IRQHandler
                0x08005118                COMP_IRQHandler
                0x08005118                WWDG_IRQHandler
                0x08005118                LPUART1_IRQHandler
                0x08005118                DMA2_Channel6_IRQHandler
                0x08005118                TIM2_IRQHandler
                0x08005118                USART2_IRQHandler
                0x08005118                I2C2_ER_IRQHandler
                0x08005118                DMA1_Channel2_IRQHandler
                0x08005118                CAN1_SCE_IRQHandler
                0x08005118                FLASH_IRQHandler
                0x08005118                SPI3_IRQHandler
                0x08005118                I2C1_ER_IRQHandler
                0x08005118                SWPMI1_IRQHandler
                0x08005118                LPTIM1_IRQHandler
                0x08005118                SAI1_IRQHandler
                0x08005118                DMA2_Channel3_IRQHandler
                0x08005118                TIM1_BRK_TIM15_IRQHandler
 .text.vListInitialise
                0x0800511a       0x16 ../Middlewares/CMakeFiles/rtos.dir/Third_Party/FreeRTOS/Source/list.c.obj
                0x0800511a                vListInitialise
 .text.vListInitialiseItem
                0x08005130        0x6 ../Middlewares/CMakeFiles/rtos.dir/Third_Party/FreeRTOS/Source/list.c.obj
                0x08005130                vListInitialiseItem
 .text.vListInsertEnd
                0x08005136       0x18 ../Middlewares/CMakeFiles/rtos.dir/Third_Party/FreeRTOS/Source/list.c.obj
                0x08005136                vListInsertEnd
 .text.vListInsert
                0x0800514e       0x34 ../Middlewares/CMakeFiles/rtos.dir/Third_Party/FreeRTOS/Source/list.c.obj
                0x0800514e                vListInsert
 .text.uxListRemove
                0x08005182       0x28 ../Middlewares/CMakeFiles/rtos.dir/Third_Party/FreeRTOS/Source/list.c.obj
                0x08005182                uxListRemove
 .text.prvCopyDataToQueue
                0x080051aa       0x76 ../Middlewares/CMakeFiles/rtos.dir/Third_Party/FreeRTOS/Source/queue.c.obj
 .text.xQueueGenericReset
                0x08005220       0x84 ../Middlewares/CMakeFiles/rtos.dir/Third_Party/FreeRTOS/Source/queue.c.obj
                0x08005220                xQueueGenericReset
 .text.prvInitialiseNewQueue
                0x080052a4       0x1c ../Middlewares/CMakeFiles/rtos.dir/Third_Party/FreeRTOS/Source/queue.c.obj
 .text.xQueueGenericCreate
                0x080052c0       0x4e ../Middlewares/CMakeFiles/rtos.dir/Third_Party/FreeRTOS/Source/queue.c.obj
                0x080052c0                xQueueGenericCreate
 .text.xQueueGenericSendFromISR
                0x0800530e       0xcc ../Middlewares/CMakeFiles/rtos.dir/Third_Party/FreeRTOS/Source/queue.c.obj
                0x0800530e                xQueueGenericSendFromISR
 .text.xQueueGiveFromISR
                0x080053da       0xb2 ../Middlewares/CMakeFiles/rtos.dir/Third_Party/FreeRTOS/Source/queue.c.obj
                0x080053da                xQueueGiveFromISR
 .text.prvResetNextTaskUnblockTime
                0x0800548c       0x2c ../Middlewares/CMakeFiles/rtos.dir/Third_Party/FreeRTOS/Source/tasks.c.obj
 .text.prvInitialiseNewTask
                0x080054b8       0x80 ../Middlewares/CMakeFiles/rtos.dir/Third_Party/FreeRTOS/Source/tasks.c.obj
 .text.prvInitialiseTaskLists
                0x08005538       0x68 ../Middlewares/CMakeFiles/rtos.dir/Third_Party/FreeRTOS/Source/tasks.c.obj
 .text.prvAddNewTaskToReadyList
                0x080055a0       0xa8 ../Middlewares/CMakeFiles/rtos.dir/Third_Party/FreeRTOS/Source/tasks.c.obj
 .text.prvDeleteTCB
                0x08005648       0x38 ../Middlewares/CMakeFiles/rtos.dir/Third_Party/FreeRTOS/Source/tasks.c.obj
 .text.prvCheckTasksWaitingTermination
                0x08005680       0x4c ../Middlewares/CMakeFiles/rtos.dir/Third_Party/FreeRTOS/Source/tasks.c.obj
 .text.prvIdleTask
                0x080056cc       0x28 ../Middlewares/CMakeFiles/rtos.dir/Third_Party/FreeRTOS/Source/tasks.c.obj
 .text.prvAddCurrentTaskToDelayedList
                0x080056f4       0x98 ../Middlewares/CMakeFiles/rtos.dir/Third_Party/FreeRTOS/Source/tasks.c.obj
 .text.xTaskCreateStatic
                0x0800578c       0x72 ../Middlewares/CMakeFiles/rtos.dir/Third_Party/FreeRTOS/Source/tasks.c.obj
                0x0800578c                xTaskCreateStatic
 .text.xTaskCreate
                0x080057fe       0x66 ../Middlewares/CMakeFiles/rtos.dir/Third_Party/FreeRTOS/Source/tasks.c.obj
                0x080057fe                xTaskCreate
 .text.vTaskStartScheduler
                0x08005864       0x6c ../Middlewares/CMakeFiles/rtos.dir/Third_Party/FreeRTOS/Source/tasks.c.obj
                0x08005864                vTaskStartScheduler
 .text.vTaskSuspendAll
                0x080058d0       0x10 ../Middlewares/CMakeFiles/rtos.dir/Third_Party/FreeRTOS/Source/tasks.c.obj
                0x080058d0                vTaskSuspendAll
 .text.xTaskIncrementTick
                0x080058e0      0x118 ../Middlewares/CMakeFiles/rtos.dir/Third_Party/FreeRTOS/Source/tasks.c.obj
                0x080058e0                xTaskIncrementTick
 .text.xTaskResumeAll
                0x080059f8       0xf4 ../Middlewares/CMakeFiles/rtos.dir/Third_Party/FreeRTOS/Source/tasks.c.obj
                0x080059f8                xTaskResumeAll
 .text.vTaskDelay
                0x08005aec       0x4c ../Middlewares/CMakeFiles/rtos.dir/Third_Party/FreeRTOS/Source/tasks.c.obj
                0x08005aec                vTaskDelay
 .text.vTaskSwitchContext
                0x08005b38       0x98 ../Middlewares/CMakeFiles/rtos.dir/Third_Party/FreeRTOS/Source/tasks.c.obj
                0x08005b38                vTaskSwitchContext
 .text.xTaskRemoveFromEventList
                0x08005bd0       0x8c ../Middlewares/CMakeFiles/rtos.dir/Third_Party/FreeRTOS/Source/tasks.c.obj
                0x08005bd0                xTaskRemoveFromEventList
 .text.xTaskGetSchedulerState
                0x08005c5c       0x20 ../Middlewares/CMakeFiles/rtos.dir/Third_Party/FreeRTOS/Source/tasks.c.obj
                0x08005c5c                xTaskGetSchedulerState
 .text.xTaskPriorityDisinherit
                0x08005c7c       0xb0 ../Middlewares/CMakeFiles/rtos.dir/Third_Party/FreeRTOS/Source/tasks.c.obj
                0x08005c7c                xTaskPriorityDisinherit
 .text.makeFreeRtosPriority
                0x08005d2c        0xc ../Middlewares/CMakeFiles/rtos.dir/Third_Party/FreeRTOS/Source/CMSIS_RTOS/cmsis_os.c.obj
 .text.osKernelStart
                0x08005d38        0xa ../Middlewares/CMakeFiles/rtos.dir/Third_Party/FreeRTOS/Source/CMSIS_RTOS/cmsis_os.c.obj
                0x08005d38                osKernelStart
 .text.osKernelRunning
                0x08005d42       0x12 ../Middlewares/CMakeFiles/rtos.dir/Third_Party/FreeRTOS/Source/CMSIS_RTOS/cmsis_os.c.obj
                0x08005d42                osKernelRunning
 .text.osThreadCreate
                0x08005d54       0x6c ../Middlewares/CMakeFiles/rtos.dir/Third_Party/FreeRTOS/Source/CMSIS_RTOS/cmsis_os.c.obj
                0x08005d54                osThreadCreate
 .text.osDelay  0x08005dc0       0x12 ../Middlewares/CMakeFiles/rtos.dir/Third_Party/FreeRTOS/Source/CMSIS_RTOS/cmsis_os.c.obj
                0x08005dc0                osDelay
 *fill*         0x08005dd2        0x2 
 .text.prvHeapInit
                0x08005dd4       0x68 ../Middlewares/CMakeFiles/rtos.dir/Third_Party/FreeRTOS/Source/portable/MemMang/heap_4.c.obj
 .text.prvInsertBlockIntoFreeList
                0x08005e3c       0x58 ../Middlewares/CMakeFiles/rtos.dir/Third_Party/FreeRTOS/Source/portable/MemMang/heap_4.c.obj
 .text.pvPortMalloc
                0x08005e94      0x108 ../Middlewares/CMakeFiles/rtos.dir/Third_Party/FreeRTOS/Source/portable/MemMang/heap_4.c.obj
                0x08005e94                pvPortMalloc
 .text.vPortFree
                0x08005f9c       0x70 ../Middlewares/CMakeFiles/rtos.dir/Third_Party/FreeRTOS/Source/portable/MemMang/heap_4.c.obj
                0x08005f9c                vPortFree
 .text.prvTaskExitError
                0x0800600c       0x40 ../Middlewares/CMakeFiles/rtos.dir/Third_Party/FreeRTOS/Source/portable/GCC/ARM_CM4F/port.c.obj
 .text.prvPortStartFirstTask
                0x0800604c       0x28 ../Middlewares/CMakeFiles/rtos.dir/Third_Party/FreeRTOS/Source/portable/GCC/ARM_CM4F/port.c.obj
 .text.vPortEnableVFP
                0x08006074       0x14 ../Middlewares/CMakeFiles/rtos.dir/Third_Party/FreeRTOS/Source/portable/GCC/ARM_CM4F/port.c.obj
 .text.pxPortInitialiseStack
                0x08006088       0x2c ../Middlewares/CMakeFiles/rtos.dir/Third_Party/FreeRTOS/Source/portable/GCC/ARM_CM4F/port.c.obj
                0x08006088                pxPortInitialiseStack
 *fill*         0x080060b4        0xc 
 .text.SVC_Handler
                0x080060c0       0x24 ../Middlewares/CMakeFiles/rtos.dir/Third_Party/FreeRTOS/Source/portable/GCC/ARM_CM4F/port.c.obj
                0x080060c0                SVC_Handler
 .text.vPortEnterCritical
                0x080060e4       0x44 ../Middlewares/CMakeFiles/rtos.dir/Third_Party/FreeRTOS/Source/portable/GCC/ARM_CM4F/port.c.obj
                0x080060e4                vPortEnterCritical
 .text.vPortExitCritical
                0x08006128       0x2c ../Middlewares/CMakeFiles/rtos.dir/Third_Party/FreeRTOS/Source/portable/GCC/ARM_CM4F/port.c.obj
                0x08006128                vPortExitCritical
 *fill*         0x08006154        0xc 
 .text.PendSV_Handler
                0x08006160       0x64 ../Middlewares/CMakeFiles/rtos.dir/Third_Party/FreeRTOS/Source/portable/GCC/ARM_CM4F/port.c.obj
                0x08006160                PendSV_Handler
 .text.xPortSysTickHandler
                0x080061c4       0x2c ../Middlewares/CMakeFiles/rtos.dir/Third_Party/FreeRTOS/Source/portable/GCC/ARM_CM4F/port.c.obj
                0x080061c4                xPortSysTickHandler
 .text.vPortSetupTimerInterrupt
                0x080061f0       0x38 ../Middlewares/CMakeFiles/rtos.dir/Third_Party/FreeRTOS/Source/portable/GCC/ARM_CM4F/port.c.obj
                0x080061f0                vPortSetupTimerInterrupt
 .text.xPortStartScheduler
                0x08006228      0x110 ../Middlewares/CMakeFiles/rtos.dir/Third_Party/FreeRTOS/Source/portable/GCC/ARM_CM4F/port.c.obj
                0x08006228                xPortStartScheduler
 .text.vPortValidateInterruptPriority
                0x08006338       0x5c ../Middlewares/CMakeFiles/rtos.dir/Third_Party/FreeRTOS/Source/portable/GCC/ARM_CM4F/port.c.obj
                0x08006338                vPortValidateInterruptPriority
 .text.memcpy   0x08006394       0x16 d:/software/gcc-arm-none-eabi-7-2017-q4-major-win32/bin/../lib/gcc/arm-none-eabi/7.2.1/../../../../arm-none-eabi/lib/thumb/v7e-m/fpv4-sp/hard\libg_nano.a(lib_a-memcpy-stub.o)
                0x08006394                memcpy
 *fill*         0x080063aa        0x2 
 .text.printf   0x080063ac       0x30 d:/software/gcc-arm-none-eabi-7-2017-q4-major-win32/bin/../lib/gcc/arm-none-eabi/7.2.1/../../../../arm-none-eabi/lib/thumb/v7e-m/fpv4-sp/hard\libg_nano.a(lib_a-printf.o)
                0x080063ac                iprintf
                0x080063ac                printf
 .text._puts_r  0x080063dc       0xb8 d:/software/gcc-arm-none-eabi-7-2017-q4-major-win32/bin/../lib/gcc/arm-none-eabi/7.2.1/../../../../arm-none-eabi/lib/thumb/v7e-m/fpv4-sp/hard\libg_nano.a(lib_a-puts.o)
                0x080063dc                _puts_r
 .text.puts     0x08006494       0x10 d:/software/gcc-arm-none-eabi-7-2017-q4-major-win32/bin/../lib/gcc/arm-none-eabi/7.2.1/../../../../arm-none-eabi/lib/thumb/v7e-m/fpv4-sp/hard\libg_nano.a(lib_a-puts.o)
                0x08006494                puts
 .text.sprintf  0x080064a4       0x40 d:/software/gcc-arm-none-eabi-7-2017-q4-major-win32/bin/../lib/gcc/arm-none-eabi/7.2.1/../../../../arm-none-eabi/lib/thumb/v7e-m/fpv4-sp/hard\libg_nano.a(lib_a-sprintf.o)
                0x080064a4                siprintf
                0x080064a4                sprintf
 .text.__sread  0x080064e4       0x22 d:/software/gcc-arm-none-eabi-7-2017-q4-major-win32/bin/../lib/gcc/arm-none-eabi/7.2.1/../../../../arm-none-eabi/lib/thumb/v7e-m/fpv4-sp/hard\libg_nano.a(lib_a-stdio.o)
                0x080064e4                __sread
 .text.__swrite
                0x08006506       0x38 d:/software/gcc-arm-none-eabi-7-2017-q4-major-win32/bin/../lib/gcc/arm-none-eabi/7.2.1/../../../../arm-none-eabi/lib/thumb/v7e-m/fpv4-sp/hard\libg_nano.a(lib_a-stdio.o)
                0x08006506                __swrite
 .text.__sseek  0x0800653e       0x24 d:/software/gcc-arm-none-eabi-7-2017-q4-major-win32/bin/../lib/gcc/arm-none-eabi/7.2.1/../../../../arm-none-eabi/lib/thumb/v7e-m/fpv4-sp/hard\libg_nano.a(lib_a-stdio.o)
                0x0800653e                __sseek
 .text.__sclose
                0x08006562        0x8 d:/software/gcc-arm-none-eabi-7-2017-q4-major-win32/bin/../lib/gcc/arm-none-eabi/7.2.1/../../../../arm-none-eabi/lib/thumb/v7e-m/fpv4-sp/hard\libg_nano.a(lib_a-stdio.o)
                0x08006562                __sclose
 *fill*         0x0800656a        0x2 
 .text.__swbuf_r
                0x0800656c       0xa4 d:/software/gcc-arm-none-eabi-7-2017-q4-major-win32/bin/../lib/gcc/arm-none-eabi/7.2.1/../../../../arm-none-eabi/lib/thumb/v7e-m/fpv4-sp/hard\libg_nano.a(lib_a-wbuf.o)
                0x0800656c                __swbuf_r
 .text._write_r
                0x08006610       0x24 d:/software/gcc-arm-none-eabi-7-2017-q4-major-win32/bin/../lib/gcc/arm-none-eabi/7.2.1/../../../../arm-none-eabi/lib/thumb/v7e-m/fpv4-sp/hard\libg_nano.a(lib_a-writer.o)
                0x08006610                _write_r
 .text.__swsetup_r
                0x08006634       0xdc d:/software/gcc-arm-none-eabi-7-2017-q4-major-win32/bin/../lib/gcc/arm-none-eabi/7.2.1/../../../../arm-none-eabi/lib/thumb/v7e-m/fpv4-sp/hard\libg_nano.a(lib_a-wsetup.o)
                0x08006634                __swsetup_r
 .text._close_r
                0x08006710       0x20 d:/software/gcc-arm-none-eabi-7-2017-q4-major-win32/bin/../lib/gcc/arm-none-eabi/7.2.1/../../../../arm-none-eabi/lib/thumb/v7e-m/fpv4-sp/hard\libg_nano.a(lib_a-closer.o)
                0x08006710                _close_r
 .text.__sflush_r
                0x08006730      0x10c d:/software/gcc-arm-none-eabi-7-2017-q4-major-win32/bin/../lib/gcc/arm-none-eabi/7.2.1/../../../../arm-none-eabi/lib/thumb/v7e-m/fpv4-sp/hard\libg_nano.a(lib_a-fflush.o)
                0x08006730                __sflush_r
 .text._fflush_r
                0x0800683c       0x54 d:/software/gcc-arm-none-eabi-7-2017-q4-major-win32/bin/../lib/gcc/arm-none-eabi/7.2.1/../../../../arm-none-eabi/lib/thumb/v7e-m/fpv4-sp/hard\libg_nano.a(lib_a-fflush.o)
                0x0800683c                _fflush_r
 .text.std      0x08006890       0x48 d:/software/gcc-arm-none-eabi-7-2017-q4-major-win32/bin/../lib/gcc/arm-none-eabi/7.2.1/../../../../arm-none-eabi/lib/thumb/v7e-m/fpv4-sp/hard\libg_nano.a(lib_a-findfp.o)
 .text._cleanup_r
                0x080068d8        0xc d:/software/gcc-arm-none-eabi-7-2017-q4-major-win32/bin/../lib/gcc/arm-none-eabi/7.2.1/../../../../arm-none-eabi/lib/thumb/v7e-m/fpv4-sp/hard\libg_nano.a(lib_a-findfp.o)
                0x080068d8                _cleanup_r
 .text.__sfmoreglue
                0x080068e4       0x2c d:/software/gcc-arm-none-eabi-7-2017-q4-major-win32/bin/../lib/gcc/arm-none-eabi/7.2.1/../../../../arm-none-eabi/lib/thumb/v7e-m/fpv4-sp/hard\libg_nano.a(lib_a-findfp.o)
                0x080068e4                __sfmoreglue
 .text.__sinit  0x08006910       0x60 d:/software/gcc-arm-none-eabi-7-2017-q4-major-win32/bin/../lib/gcc/arm-none-eabi/7.2.1/../../../../arm-none-eabi/lib/thumb/v7e-m/fpv4-sp/hard\libg_nano.a(lib_a-findfp.o)
                0x08006910                __sinit
 .text.__sfp    0x08006970       0x78 d:/software/gcc-arm-none-eabi-7-2017-q4-major-win32/bin/../lib/gcc/arm-none-eabi/7.2.1/../../../../arm-none-eabi/lib/thumb/v7e-m/fpv4-sp/hard\libg_nano.a(lib_a-findfp.o)
                0x08006970                __sfp
 .text._fwalk_reent
                0x080069e8       0x3c d:/software/gcc-arm-none-eabi-7-2017-q4-major-win32/bin/../lib/gcc/arm-none-eabi/7.2.1/../../../../arm-none-eabi/lib/thumb/v7e-m/fpv4-sp/hard\libg_nano.a(lib_a-fwalk.o)
                0x080069e8                _fwalk_reent
 .text._lseek_r
                0x08006a24       0x24 d:/software/gcc-arm-none-eabi-7-2017-q4-major-win32/bin/../lib/gcc/arm-none-eabi/7.2.1/../../../../arm-none-eabi/lib/thumb/v7e-m/fpv4-sp/hard\libg_nano.a(lib_a-lseekr.o)
                0x08006a24                _lseek_r
 .text.__swhatbuf_r
                0x08006a48       0x48 d:/software/gcc-arm-none-eabi-7-2017-q4-major-win32/bin/../lib/gcc/arm-none-eabi/7.2.1/../../../../arm-none-eabi/lib/thumb/v7e-m/fpv4-sp/hard\libg_nano.a(lib_a-makebuf.o)
                0x08006a48                __swhatbuf_r
 .text.__smakebuf_r
                0x08006a90       0x80 d:/software/gcc-arm-none-eabi-7-2017-q4-major-win32/bin/../lib/gcc/arm-none-eabi/7.2.1/../../../../arm-none-eabi/lib/thumb/v7e-m/fpv4-sp/hard\libg_nano.a(lib_a-makebuf.o)
                0x08006a90                __smakebuf_r
 .text._free_r  0x08006b10       0x9c d:/software/gcc-arm-none-eabi-7-2017-q4-major-win32/bin/../lib/gcc/arm-none-eabi/7.2.1/../../../../arm-none-eabi/lib/thumb/v7e-m/fpv4-sp/hard\libg_nano.a(lib_a-nano-freer.o)
                0x08006b10                _free_r
 .text._malloc_r
                0x08006bac       0xb4 d:/software/gcc-arm-none-eabi-7-2017-q4-major-win32/bin/../lib/gcc/arm-none-eabi/7.2.1/../../../../arm-none-eabi/lib/thumb/v7e-m/fpv4-sp/hard\libg_nano.a(lib_a-nano-mallocr.o)
                0x08006bac                _malloc_r
 .text.__ssputs_r
                0x08006c60       0xb4 d:/software/gcc-arm-none-eabi-7-2017-q4-major-win32/bin/../lib/gcc/arm-none-eabi/7.2.1/../../../../arm-none-eabi/lib/thumb/v7e-m/fpv4-sp/hard\libg_nano.a(lib_a-nano-svfprintf.o)
                0x08006c60                __ssputs_r
 .text._svfprintf_r
                0x08006d14      0x1ec d:/software/gcc-arm-none-eabi-7-2017-q4-major-win32/bin/../lib/gcc/arm-none-eabi/7.2.1/../../../../arm-none-eabi/lib/thumb/v7e-m/fpv4-sp/hard\libg_nano.a(lib_a-nano-svfprintf.o)
                0x08006d14                _svfiprintf_r
                0x08006d14                _svfprintf_r
 .text.__sfputc_r
                0x08006f00       0x2e d:/software/gcc-arm-none-eabi-7-2017-q4-major-win32/bin/../lib/gcc/arm-none-eabi/7.2.1/../../../../arm-none-eabi/lib/thumb/v7e-m/fpv4-sp/hard\libg_nano.a(lib_a-nano-vfprintf.o)
 .text.__sfputs_r
                0x08006f2e       0x24 d:/software/gcc-arm-none-eabi-7-2017-q4-major-win32/bin/../lib/gcc/arm-none-eabi/7.2.1/../../../../arm-none-eabi/lib/thumb/v7e-m/fpv4-sp/hard\libg_nano.a(lib_a-nano-vfprintf.o)
                0x08006f2e                __sfputs_r
 *fill*         0x08006f52        0x2 
 .text._vfprintf_r
                0x08006f54      0x228 d:/software/gcc-arm-none-eabi-7-2017-q4-major-win32/bin/../lib/gcc/arm-none-eabi/7.2.1/../../../../arm-none-eabi/lib/thumb/v7e-m/fpv4-sp/hard\libg_nano.a(lib_a-nano-vfprintf.o)
                0x08006f54                _vfprintf_r
                0x08006f54                _vfiprintf_r
 .text._printf_common
                0x0800717c       0xea d:/software/gcc-arm-none-eabi-7-2017-q4-major-win32/bin/../lib/gcc/arm-none-eabi/7.2.1/../../../../arm-none-eabi/lib/thumb/v7e-m/fpv4-sp/hard\libg_nano.a(lib_a-nano-vfprintf_i.o)
                0x0800717c                _printf_common
 *fill*         0x08007266        0x2 
 .text._printf_i
                0x08007268      0x224 d:/software/gcc-arm-none-eabi-7-2017-q4-major-win32/bin/../lib/gcc/arm-none-eabi/7.2.1/../../../../arm-none-eabi/lib/thumb/v7e-m/fpv4-sp/hard\libg_nano.a(lib_a-nano-vfprintf_i.o)
                0x08007268                _printf_i
 .text._read_r  0x0800748c       0x24 d:/software/gcc-arm-none-eabi-7-2017-q4-major-win32/bin/../lib/gcc/arm-none-eabi/7.2.1/../../../../arm-none-eabi/lib/thumb/v7e-m/fpv4-sp/hard\libg_nano.a(lib_a-readr.o)
                0x0800748c                _read_r
 .text._sbrk_r  0x080074b0       0x20 d:/software/gcc-arm-none-eabi-7-2017-q4-major-win32/bin/../lib/gcc/arm-none-eabi/7.2.1/../../../../arm-none-eabi/lib/thumb/v7e-m/fpv4-sp/hard\libg_nano.a(lib_a-sbrkr.o)
                0x080074b0                _sbrk_r
 .text._fstat_r
                0x080074d0       0x24 d:/software/gcc-arm-none-eabi-7-2017-q4-major-win32/bin/../lib/gcc/arm-none-eabi/7.2.1/../../../../arm-none-eabi/lib/thumb/v7e-m/fpv4-sp/hard\libg_nano.a(lib_a-fstatr.o)
                0x080074d0                _fstat_r
 .text._isatty_r
                0x080074f4       0x20 d:/software/gcc-arm-none-eabi-7-2017-q4-major-win32/bin/../lib/gcc/arm-none-eabi/7.2.1/../../../../arm-none-eabi/lib/thumb/v7e-m/fpv4-sp/hard\libg_nano.a(lib_a-isattyr.o)
                0x080074f4                _isatty_r
 .text.memmove  0x08007514       0x32 d:/software/gcc-arm-none-eabi-7-2017-q4-major-win32/bin/../lib/gcc/arm-none-eabi/7.2.1/../../../../arm-none-eabi/lib/thumb/v7e-m/fpv4-sp/hard\libg_nano.a(lib_a-memmove.o)
                0x08007514                memmove
 .text.__malloc_lock
                0x08007546        0x2 d:/software/gcc-arm-none-eabi-7-2017-q4-major-win32/bin/../lib/gcc/arm-none-eabi/7.2.1/../../../../arm-none-eabi/lib/thumb/v7e-m/fpv4-sp/hard\libg_nano.a(lib_a-mlock.o)
                0x08007546                __malloc_lock
 .text.__malloc_unlock
                0x08007548        0x2 d:/software/gcc-arm-none-eabi-7-2017-q4-major-win32/bin/../lib/gcc/arm-none-eabi/7.2.1/../../../../arm-none-eabi/lib/thumb/v7e-m/fpv4-sp/hard\libg_nano.a(lib_a-mlock.o)
                0x08007548                __malloc_unlock
 .text._realloc_r
                0x0800754a       0x4c d:/software/gcc-arm-none-eabi-7-2017-q4-major-win32/bin/../lib/gcc/arm-none-eabi/7.2.1/../../../../arm-none-eabi/lib/thumb/v7e-m/fpv4-sp/hard\libg_nano.a(lib_a-nano-reallocr.o)
                0x0800754a                _realloc_r
 .text._malloc_usable_size_r
                0x08007596       0x10 d:/software/gcc-arm-none-eabi-7-2017-q4-major-win32/bin/../lib/gcc/arm-none-eabi/7.2.1/../../../../arm-none-eabi/lib/thumb/v7e-m/fpv4-sp/hard\libg_nano.a(lib_a-nano-msizer.o)
                0x08007596                _malloc_usable_size_r
 *fill*         0x080075a6        0x2 
 .text._close   0x080075a8       0x10 d:/software/gcc-arm-none-eabi-7-2017-q4-major-win32/bin/../lib/gcc/arm-none-eabi/7.2.1/../../../../arm-none-eabi/lib/thumb/v7e-m/fpv4-sp/hard\libnosys.a(close.o)
                0x080075a8                _close
 .text._fstat   0x080075b8       0x10 d:/software/gcc-arm-none-eabi-7-2017-q4-major-win32/bin/../lib/gcc/arm-none-eabi/7.2.1/../../../../arm-none-eabi/lib/thumb/v7e-m/fpv4-sp/hard\libnosys.a(fstat.o)
                0x080075b8                _fstat
 .text._isatty  0x080075c8       0x10 d:/software/gcc-arm-none-eabi-7-2017-q4-major-win32/bin/../lib/gcc/arm-none-eabi/7.2.1/../../../../arm-none-eabi/lib/thumb/v7e-m/fpv4-sp/hard\libnosys.a(isatty.o)
                0x080075c8                _isatty
 .text._lseek   0x080075d8       0x10 d:/software/gcc-arm-none-eabi-7-2017-q4-major-win32/bin/../lib/gcc/arm-none-eabi/7.2.1/../../../../arm-none-eabi/lib/thumb/v7e-m/fpv4-sp/hard\libnosys.a(lseek.o)
                0x080075d8                _lseek
 .text._read    0x080075e8       0x10 d:/software/gcc-arm-none-eabi-7-2017-q4-major-win32/bin/../lib/gcc/arm-none-eabi/7.2.1/../../../../arm-none-eabi/lib/thumb/v7e-m/fpv4-sp/hard\libnosys.a(read.o)
                0x080075e8                _read
 .text._sbrk    0x080075f8       0x1c d:/software/gcc-arm-none-eabi-7-2017-q4-major-win32/bin/../lib/gcc/arm-none-eabi/7.2.1/../../../../arm-none-eabi/lib/thumb/v7e-m/fpv4-sp/hard\libnosys.a(sbrk.o)
                0x080075f8                _sbrk
 *(.glue_7)
 .glue_7        0x08007614        0x0 linker stubs
 *(.glue_7t)
 .glue_7t       0x08007614        0x0 linker stubs
 *(.eh_frame)
 .eh_frame      0x08007614        0x0 d:/software/gcc-arm-none-eabi-7-2017-q4-major-win32/bin/../lib/gcc/arm-none-eabi/7.2.1/thumb/v7e-m/fpv4-sp/hard/crtbegin.o
 *(.init)
 .init          0x08007614        0x4 d:/software/gcc-arm-none-eabi-7-2017-q4-major-win32/bin/../lib/gcc/arm-none-eabi/7.2.1/thumb/v7e-m/fpv4-sp/hard/crti.o
                0x08007614                _init
 .init          0x08007618        0x8 d:/software/gcc-arm-none-eabi-7-2017-q4-major-win32/bin/../lib/gcc/arm-none-eabi/7.2.1/thumb/v7e-m/fpv4-sp/hard/crtn.o
 *(.fini)
 .fini          0x08007620        0x4 d:/software/gcc-arm-none-eabi-7-2017-q4-major-win32/bin/../lib/gcc/arm-none-eabi/7.2.1/thumb/v7e-m/fpv4-sp/hard/crti.o
                0x08007620                _fini
 .fini          0x08007624        0x8 d:/software/gcc-arm-none-eabi-7-2017-q4-major-win32/bin/../lib/gcc/arm-none-eabi/7.2.1/thumb/v7e-m/fpv4-sp/hard/crtn.o
                0x08007630                . = ALIGN (0x8)
 *fill*         0x0800762c        0x4 
                0x08007630                _etext = .

.vfp11_veneer   0x08007630        0x0
 .vfp11_veneer  0x08007630        0x0 linker stubs

.v4_bx          0x08007630        0x0
 .v4_bx         0x08007630        0x0 linker stubs

.iplt           0x08007630        0x0
 .iplt          0x08007630        0x0 d:/software/gcc-arm-none-eabi-7-2017-q4-major-win32/bin/../lib/gcc/arm-none-eabi/7.2.1/thumb/v7e-m/fpv4-sp/hard/crtfastmath.o

.rodata         0x08007630      0x1a0
                0x08007630                . = ALIGN (0x8)
 *(.rodata)
 .rodata        0x08007630       0x38 CMakeFiles/L20.dir/freertos.c.obj
 .rodata        0x08007668        0x8 CMakeFiles/L20.dir/sx1280/2G4.c.obj
 *(.rodata*)
 .rodata._global_impure_ptr
                0x08007670        0x4 d:/software/gcc-arm-none-eabi-7-2017-q4-major-win32/bin/../lib/gcc/arm-none-eabi/7.2.1/../../../../arm-none-eabi/lib/thumb/v7e-m/fpv4-sp/hard\libc_nano.a(lib_a-impure.o)
                0x08007670                _global_impure_ptr
 .rodata.HAL_GPIO_EXTI_Callback.str1.4
                0x08007674       0x12 CMakeFiles/L20.dir/bsp_uart.c.obj
 *fill*         0x08007686        0x2 
 .rodata.StartDefaultTask.str1.4
                0x08007688       0x3f CMakeFiles/L20.dir/freertos.c.obj
 *fill*         0x080076c7        0x1 
 .rodata.qma6981_task.str1.4
                0x080076c8        0xb CMakeFiles/L20.dir/freertos.c.obj
 *fill*         0x080076d3        0x1 
 .rodata.str1.4
                0x080076d4       0x14 CMakeFiles/L20.dir/freertos.c.obj
 .rodata.AHBPrescTable
                0x080076e8       0x10 CMakeFiles/L20.dir/system_stm32l4xx.c.obj
                0x080076e8                AHBPrescTable
 .rodata.APBPrescTable
                0x080076f8        0x8 CMakeFiles/L20.dir/system_stm32l4xx.c.obj
                0x080076f8                APBPrescTable
 .rodata.MSIRangeTable
                0x08007700       0x30 CMakeFiles/L20.dir/system_stm32l4xx.c.obj
                0x08007700                MSIRangeTable
 .rodata.vTaskStartScheduler.str1.4
                0x08007730        0x8 ../Middlewares/CMakeFiles/rtos.dir/Third_Party/FreeRTOS/Source/tasks.c.obj
                                  0x5 (size before relaxing)
 .rodata.__sf_fake_stderr
                0x08007738       0x20 d:/software/gcc-arm-none-eabi-7-2017-q4-major-win32/bin/../lib/gcc/arm-none-eabi/7.2.1/../../../../arm-none-eabi/lib/thumb/v7e-m/fpv4-sp/hard\libg_nano.a(lib_a-findfp.o)
                0x08007738                __sf_fake_stderr
 .rodata.__sf_fake_stdin
                0x08007758       0x20 d:/software/gcc-arm-none-eabi-7-2017-q4-major-win32/bin/../lib/gcc/arm-none-eabi/7.2.1/../../../../arm-none-eabi/lib/thumb/v7e-m/fpv4-sp/hard\libg_nano.a(lib_a-findfp.o)
                0x08007758                __sf_fake_stdin
 .rodata.__sf_fake_stdout
                0x08007778       0x20 d:/software/gcc-arm-none-eabi-7-2017-q4-major-win32/bin/../lib/gcc/arm-none-eabi/7.2.1/../../../../arm-none-eabi/lib/thumb/v7e-m/fpv4-sp/hard\libg_nano.a(lib_a-findfp.o)
                0x08007778                __sf_fake_stdout
 .rodata._svfprintf_r.str1.1
                0x08007798       0x11 d:/software/gcc-arm-none-eabi-7-2017-q4-major-win32/bin/../lib/gcc/arm-none-eabi/7.2.1/../../../../arm-none-eabi/lib/thumb/v7e-m/fpv4-sp/hard\libg_nano.a(lib_a-nano-svfprintf.o)
 .rodata._vfprintf_r.str1.1
                0x080077a9       0x11 d:/software/gcc-arm-none-eabi-7-2017-q4-major-win32/bin/../lib/gcc/arm-none-eabi/7.2.1/../../../../arm-none-eabi/lib/thumb/v7e-m/fpv4-sp/hard\libg_nano.a(lib_a-nano-vfprintf.o)
 .rodata._printf_i.str1.1
                0x080077a9       0x22 d:/software/gcc-arm-none-eabi-7-2017-q4-major-win32/bin/../lib/gcc/arm-none-eabi/7.2.1/../../../../arm-none-eabi/lib/thumb/v7e-m/fpv4-sp/hard\libg_nano.a(lib_a-nano-vfprintf_i.o)
                0x080077d0                . = ALIGN (0x8)
 *fill*         0x080077cb        0x5 

.ARM.extab      0x080077d0        0x0
                0x080077d0                . = ALIGN (0x8)
 *(.ARM.extab* .gnu.linkonce.armextab.*)
                0x080077d0                . = ALIGN (0x8)

.ARM            0x080077d0        0x8
                0x080077d0                . = ALIGN (0x8)
                0x080077d0                __exidx_start = .
 *(.ARM.exidx*)
 .ARM.exidx     0x080077d0        0x8 d:/software/gcc-arm-none-eabi-7-2017-q4-major-win32/bin/../lib/gcc/arm-none-eabi/7.2.1/thumb/v7e-m/fpv4-sp/hard\libgcc.a(_udivmoddi4.o)
                0x080077d8                __exidx_end = .
                0x080077d8                . = ALIGN (0x8)

.rel.dyn        0x080077d8        0x0
 .rel.iplt      0x080077d8        0x0 d:/software/gcc-arm-none-eabi-7-2017-q4-major-win32/bin/../lib/gcc/arm-none-eabi/7.2.1/thumb/v7e-m/fpv4-sp/hard/crtfastmath.o

.preinit_array  0x080077d8        0x0
                0x080077d8                . = ALIGN (0x8)
                0x080077d8                PROVIDE (__preinit_array_start, .)
 *(.preinit_array*)
                0x080077d8                PROVIDE (__preinit_array_end, .)
                0x080077d8                . = ALIGN (0x8)

.init_array     0x080077d8        0x8
                0x080077d8                . = ALIGN (0x8)
                0x080077d8                PROVIDE (__init_array_start, .)
 *(SORT_BY_NAME(.init_array.*))
 *(.init_array*)
 .init_array    0x080077d8        0x4 d:/software/gcc-arm-none-eabi-7-2017-q4-major-win32/bin/../lib/gcc/arm-none-eabi/7.2.1/thumb/v7e-m/fpv4-sp/hard/crtfastmath.o
 .init_array    0x080077dc        0x4 d:/software/gcc-arm-none-eabi-7-2017-q4-major-win32/bin/../lib/gcc/arm-none-eabi/7.2.1/thumb/v7e-m/fpv4-sp/hard/crtbegin.o
                0x080077e0                PROVIDE (__init_array_end, .)
                0x080077e0                . = ALIGN (0x8)

.fini_array     0x080077e0        0x8
                0x080077e0                . = ALIGN (0x8)
                [!provide]                PROVIDE (__fini_array_start, .)
 *(SORT_BY_NAME(.fini_array.*))
 *(.fini_array*)
 .fini_array    0x080077e0        0x4 d:/software/gcc-arm-none-eabi-7-2017-q4-major-win32/bin/../lib/gcc/arm-none-eabi/7.2.1/thumb/v7e-m/fpv4-sp/hard/crtbegin.o
                [!provide]                PROVIDE (__fini_array_end, .)
                0x080077e8                . = ALIGN (0x8)
 *fill*         0x080077e4        0x4 
                0x080077e8                _sidata = LOADADDR (.data)

.data           0x20000000       0x80 load address 0x080077e8
                0x20000000                . = ALIGN (0x8)
                0x20000000                _sdata = .
 *(.data)
 *(.data*)
 .data._impure_ptr
                0x20000000        0x4 d:/software/gcc-arm-none-eabi-7-2017-q4-major-win32/bin/../lib/gcc/arm-none-eabi/7.2.1/../../../../arm-none-eabi/lib/thumb/v7e-m/fpv4-sp/hard\libc_nano.a(lib_a-impure.o)
                0x20000000                _impure_ptr
 .data.impure_data
                0x20000004       0x60 d:/software/gcc-arm-none-eabi-7-2017-q4-major-win32/bin/../lib/gcc/arm-none-eabi/7.2.1/../../../../arm-none-eabi/lib/thumb/v7e-m/fpv4-sp/hard\libc_nano.a(lib_a-impure.o)
 .data.p_RS232RecvType3
                0x20000064        0x4 CMakeFiles/L20.dir/bsp_uart.c.obj
 .data.LORA2G4_TxIrqMask
                0x20000068        0x2 CMakeFiles/L20.dir/sx1280/2G4.c.obj
                0x20000068                LORA2G4_TxIrqMask
 *fill*         0x2000006a        0x2 
 .data.SystemCoreClock
                0x2000006c        0x4 CMakeFiles/L20.dir/system_stm32l4xx.c.obj
                0x2000006c                SystemCoreClock
 .data.uwTickFreq
                0x20000070        0x4 ../Drivers/CMakeFiles/driver.dir/STM32L4xx_HAL_Driver/Src/stm32l4xx_hal.c.obj
                0x20000070                uwTickFreq
 .data.uwTickPrio
                0x20000074        0x4 ../Drivers/CMakeFiles/driver.dir/STM32L4xx_HAL_Driver/Src/stm32l4xx_hal.c.obj
                0x20000074                uwTickPrio
 .data.uxCriticalNesting
                0x20000078        0x4 ../Middlewares/CMakeFiles/rtos.dir/Third_Party/FreeRTOS/Source/portable/GCC/ARM_CM4F/port.c.obj
                0x20000080                . = ALIGN (0x8)
 *fill*         0x2000007c        0x4 
                0x20000080                _edata = .

.igot.plt       0x20000080        0x0 load address 0x08007868
 .igot.plt      0x20000080        0x0 d:/software/gcc-arm-none-eabi-7-2017-q4-major-win32/bin/../lib/gcc/arm-none-eabi/7.2.1/thumb/v7e-m/fpv4-sp/hard/crtfastmath.o
                0x20000080                . = ALIGN (0x4)

.bss            0x20000080     0x4dcc load address 0x08007868
                0x20000080                _sbss = .
                0x20000080                __bss_start__ = _sbss
 *(.bss)
 .bss           0x20000080       0x1c d:/software/gcc-arm-none-eabi-7-2017-q4-major-win32/bin/../lib/gcc/arm-none-eabi/7.2.1/thumb/v7e-m/fpv4-sp/hard/crtbegin.o
 *(.bss*)
 .bss.p_bma2x2  0x2000009c        0x4 CMakeFiles/L20.dir/BMA2x2/bma2x2.c.obj
 .bss.RS232RecvType3
                0x200000a0     0x3b10 CMakeFiles/L20.dir/bsp_uart.c.obj
 .bss.shake_cnt
                0x20003bb0        0x1 CMakeFiles/L20.dir/bsp_uart.c.obj
 *fill*         0x20003bb1        0x1 
 .bss.tmp_cnt   0x20003bb2        0x2 CMakeFiles/L20.dir/bsp_uart.c.obj
                0x20003bb2                tmp_cnt
 .bss.xRS232SendQueue3
                0x20003bb4        0x4 CMakeFiles/L20.dir/bsp_uart.c.obj
                0x20003bb4                xRS232SendQueue3
 .bss.xIdleStack
                0x20003bb8      0x200 CMakeFiles/L20.dir/freertos.c.obj
 .bss.xIdleTaskTCBBuffer
                0x20003db8       0x54 CMakeFiles/L20.dir/freertos.c.obj
 .bss.halTxBuffer
                0x20003e0c       0xff CMakeFiles/L20.dir/sx1280/sx1280-hal.c.obj
 .bss.LoRaBandwidth
                0x20003f0b        0x1 CMakeFiles/L20.dir/sx1280/sx1280.c.obj
 .bss.OperatingMode
                0x20003f0c        0x1 CMakeFiles/L20.dir/sx1280/sx1280.c.obj
 .bss.PacketType
                0x20003f0d        0x1 CMakeFiles/L20.dir/sx1280/sx1280.c.obj
 *fill*         0x20003f0e        0x2 
 .bss.pxCurrentTCB
                0x20003f10        0x4 ../Middlewares/CMakeFiles/rtos.dir/Third_Party/FreeRTOS/Source/tasks.c.obj
                0x20003f10                pxCurrentTCB
 .bss.pxDelayedTaskList
                0x20003f14        0x4 ../Middlewares/CMakeFiles/rtos.dir/Third_Party/FreeRTOS/Source/tasks.c.obj
 .bss.pxOverflowDelayedTaskList
                0x20003f18        0x4 ../Middlewares/CMakeFiles/rtos.dir/Third_Party/FreeRTOS/Source/tasks.c.obj
 .bss.pxReadyTasksLists
                0x20003f1c       0x8c ../Middlewares/CMakeFiles/rtos.dir/Third_Party/FreeRTOS/Source/tasks.c.obj
 .bss.uxCurrentNumberOfTasks
                0x20003fa8        0x4 ../Middlewares/CMakeFiles/rtos.dir/Third_Party/FreeRTOS/Source/tasks.c.obj
 .bss.uxDeletedTasksWaitingCleanUp
                0x20003fac        0x4 ../Middlewares/CMakeFiles/rtos.dir/Third_Party/FreeRTOS/Source/tasks.c.obj
 .bss.uxPendedTicks
                0x20003fb0        0x4 ../Middlewares/CMakeFiles/rtos.dir/Third_Party/FreeRTOS/Source/tasks.c.obj
 .bss.uxSchedulerSuspended
                0x20003fb4        0x4 ../Middlewares/CMakeFiles/rtos.dir/Third_Party/FreeRTOS/Source/tasks.c.obj
 .bss.uxTaskNumber
                0x20003fb8        0x4 ../Middlewares/CMakeFiles/rtos.dir/Third_Party/FreeRTOS/Source/tasks.c.obj
 .bss.uxTopReadyPriority
                0x20003fbc        0x4 ../Middlewares/CMakeFiles/rtos.dir/Third_Party/FreeRTOS/Source/tasks.c.obj
 .bss.xDelayedTaskList1
                0x20003fc0       0x14 ../Middlewares/CMakeFiles/rtos.dir/Third_Party/FreeRTOS/Source/tasks.c.obj
 .bss.xDelayedTaskList2
                0x20003fd4       0x14 ../Middlewares/CMakeFiles/rtos.dir/Third_Party/FreeRTOS/Source/tasks.c.obj
 .bss.xNextTaskUnblockTime
                0x20003fe8        0x4 ../Middlewares/CMakeFiles/rtos.dir/Third_Party/FreeRTOS/Source/tasks.c.obj
 .bss.xNumOfOverflows
                0x20003fec        0x4 ../Middlewares/CMakeFiles/rtos.dir/Third_Party/FreeRTOS/Source/tasks.c.obj
 .bss.xPendingReadyList
                0x20003ff0       0x14 ../Middlewares/CMakeFiles/rtos.dir/Third_Party/FreeRTOS/Source/tasks.c.obj
 .bss.xSchedulerRunning
                0x20004004        0x4 ../Middlewares/CMakeFiles/rtos.dir/Third_Party/FreeRTOS/Source/tasks.c.obj
 .bss.xSuspendedTaskList
                0x20004008       0x14 ../Middlewares/CMakeFiles/rtos.dir/Third_Party/FreeRTOS/Source/tasks.c.obj
 .bss.xTasksWaitingTermination
                0x2000401c       0x14 ../Middlewares/CMakeFiles/rtos.dir/Third_Party/FreeRTOS/Source/tasks.c.obj
 .bss.xTickCount
                0x20004030        0x4 ../Middlewares/CMakeFiles/rtos.dir/Third_Party/FreeRTOS/Source/tasks.c.obj
 .bss.xYieldPending
                0x20004034        0x4 ../Middlewares/CMakeFiles/rtos.dir/Third_Party/FreeRTOS/Source/tasks.c.obj
 .bss.pxEnd     0x20004038        0x4 ../Middlewares/CMakeFiles/rtos.dir/Third_Party/FreeRTOS/Source/portable/MemMang/heap_4.c.obj
 .bss.ucHeap    0x2000403c      0xbb8 ../Middlewares/CMakeFiles/rtos.dir/Third_Party/FreeRTOS/Source/portable/MemMang/heap_4.c.obj
 .bss.xBlockAllocatedBit
                0x20004bf4        0x4 ../Middlewares/CMakeFiles/rtos.dir/Third_Party/FreeRTOS/Source/portable/MemMang/heap_4.c.obj
 .bss.xFreeBytesRemaining
                0x20004bf8        0x4 ../Middlewares/CMakeFiles/rtos.dir/Third_Party/FreeRTOS/Source/portable/MemMang/heap_4.c.obj
 .bss.xMinimumEverFreeBytesRemaining
                0x20004bfc        0x4 ../Middlewares/CMakeFiles/rtos.dir/Third_Party/FreeRTOS/Source/portable/MemMang/heap_4.c.obj
 .bss.xStart    0x20004c00        0x8 ../Middlewares/CMakeFiles/rtos.dir/Third_Party/FreeRTOS/Source/portable/MemMang/heap_4.c.obj
 .bss.ucMaxSysCallPriority
                0x20004c08        0x1 ../Middlewares/CMakeFiles/rtos.dir/Third_Party/FreeRTOS/Source/portable/GCC/ARM_CM4F/port.c.obj
 *fill*         0x20004c09        0x3 
 .bss.ulMaxPRIGROUPValue
                0x20004c0c        0x4 ../Middlewares/CMakeFiles/rtos.dir/Third_Party/FreeRTOS/Source/portable/GCC/ARM_CM4F/port.c.obj
 .bss.__malloc_free_list
                0x20004c10        0x4 d:/software/gcc-arm-none-eabi-7-2017-q4-major-win32/bin/../lib/gcc/arm-none-eabi/7.2.1/../../../../arm-none-eabi/lib/thumb/v7e-m/fpv4-sp/hard\libg_nano.a(lib_a-nano-mallocr.o)
                0x20004c10                __malloc_free_list
 .bss.__malloc_sbrk_start
                0x20004c14        0x4 d:/software/gcc-arm-none-eabi-7-2017-q4-major-win32/bin/../lib/gcc/arm-none-eabi/7.2.1/../../../../arm-none-eabi/lib/thumb/v7e-m/fpv4-sp/hard\libg_nano.a(lib_a-nano-mallocr.o)
                0x20004c14                __malloc_sbrk_start
 .bss.heap_end.5377
                0x20004c18        0x4 d:/software/gcc-arm-none-eabi-7-2017-q4-major-win32/bin/../lib/gcc/arm-none-eabi/7.2.1/../../../../arm-none-eabi/lib/thumb/v7e-m/fpv4-sp/hard\libnosys.a(sbrk.o)
 *(COMMON)
 COMMON         0x20004c1c       0x18 CMakeFiles/L20.dir/BMA2x2/bma2x2_support.c.obj
                0x20004c1c                bma2x2
 COMMON         0x20004c34        0xc CMakeFiles/L20.dir/freertos.c.obj
                0x20004c34                xLoraRecSemaphore
                0x20004c38                defaultTaskHandle
                0x20004c3c                qma6981Handle
 COMMON         0x20004c40       0x4c CMakeFiles/L20.dir/i2c.c.obj
                0x20004c40                hi2c2
 COMMON         0x20004c8c       0x64 CMakeFiles/L20.dir/spi.c.obj
                0x20004c8c                hspi2
 COMMON         0x20004cf0       0x42 CMakeFiles/L20.dir/sx1280/2G4.c.obj
                0x20004cf0                LORA2G4_modulationParams
                0x20004d00                LORA2G4_packetParams
                0x20004d18                LORA2G4_Buffer
                0x20004d2c                LORA2G4_packetStatus
 *fill*         0x20004d32        0x2 
 COMMON         0x20004d34      0x110 CMakeFiles/L20.dir/usart.c.obj
                0x20004d34                hdma_usart1_tx
                0x20004d7c                hdma_usart1_rx
                0x20004dc4                huart1
 COMMON         0x20004e44        0x4 ../Drivers/CMakeFiles/driver.dir/STM32L4xx_HAL_Driver/Src/stm32l4xx_hal.c.obj
                0x20004e44                uwTick
 COMMON         0x20004e48        0x4 d:/software/gcc-arm-none-eabi-7-2017-q4-major-win32/bin/../lib/gcc/arm-none-eabi/7.2.1/../../../../arm-none-eabi/lib/thumb/v7e-m/fpv4-sp/hard\libg_nano.a(lib_a-reent.o)
                0x20004e48                errno
                0x20004e4c                . = ALIGN (0x4)
                0x20004e4c                _ebss = .
                0x20004e4c                __bss_end__ = _ebss

._user_heap_stack
                0x20004e4c      0x604 load address 0x08007868
                0x20004e50                . = ALIGN (0x8)
 *fill*         0x20004e4c        0x4 
                0x20004e50                PROVIDE (end, .)
                [!provide]                PROVIDE (_end, .)
                0x20005050                . = (. + _Min_Heap_Size)
 *fill*         0x20004e50      0x200 
                0x20005450                . = (. + _Min_Stack_Size)
 *fill*         0x20005050      0x400 
                0x20005450                . = ALIGN (0x8)

/DISCARD/
 libc.a(*)
 libm.a(*)
 libgcc.a(*)

.ARM.attributes
                0x00000000       0x32
 *(.ARM.attributes)
 .ARM.attributes
                0x00000000       0x34 d:/software/gcc-arm-none-eabi-7-2017-q4-major-win32/bin/../lib/gcc/arm-none-eabi/7.2.1/thumb/v7e-m/fpv4-sp/hard/crtfastmath.o
 .ARM.attributes
                0x00000034       0x22 d:/software/gcc-arm-none-eabi-7-2017-q4-major-win32/bin/../lib/gcc/arm-none-eabi/7.2.1/thumb/v7e-m/fpv4-sp/hard/crti.o
 .ARM.attributes
                0x00000056       0x34 d:/software/gcc-arm-none-eabi-7-2017-q4-major-win32/bin/../lib/gcc/arm-none-eabi/7.2.1/thumb/v7e-m/fpv4-sp/hard/crtbegin.o
 .ARM.attributes
                0x0000008a       0x34 d:/software/gcc-arm-none-eabi-7-2017-q4-major-win32/bin/../lib/gcc/arm-none-eabi/7.2.1/../../../../arm-none-eabi/lib/thumb/v7e-m/fpv4-sp/hard\libc_nano.a(lib_a-impure.o)
 .ARM.attributes
                0x000000be       0x34 d:/software/gcc-arm-none-eabi-7-2017-q4-major-win32/bin/../lib/gcc/arm-none-eabi/7.2.1/../../../../arm-none-eabi/lib/thumb/v7e-m/fpv4-sp/hard\libc_nano.a(lib_a-init.o)
 .ARM.attributes
                0x000000f2       0x34 d:/software/gcc-arm-none-eabi-7-2017-q4-major-win32/bin/../lib/gcc/arm-none-eabi/7.2.1/../../../../arm-none-eabi/lib/thumb/v7e-m/fpv4-sp/hard\libc_nano.a(lib_a-memset.o)
 .ARM.attributes
                0x00000126       0x35 CMakeFiles/L20.dir/BMA2x2/bma2x2.c.obj
 .ARM.attributes
                0x0000015b       0x35 CMakeFiles/L20.dir/BMA2x2/bma2x2_hal.c.obj
 .ARM.attributes
                0x00000190       0x35 CMakeFiles/L20.dir/BMA2x2/bma2x2_support.c.obj
 .ARM.attributes
                0x000001c5       0x35 CMakeFiles/L20.dir/BMA2x2/delay.c.obj
 .ARM.attributes
                0x000001fa       0x35 CMakeFiles/L20.dir/bsp_uart.c.obj
 .ARM.attributes
                0x0000022f       0x35 CMakeFiles/L20.dir/dma.c.obj
 .ARM.attributes
                0x00000264       0x35 CMakeFiles/L20.dir/freertos.c.obj
 .ARM.attributes
                0x00000299       0x35 CMakeFiles/L20.dir/gpio.c.obj
 .ARM.attributes
                0x000002ce       0x35 CMakeFiles/L20.dir/i2c.c.obj
 .ARM.attributes
                0x00000303       0x35 CMakeFiles/L20.dir/main.c.obj
 .ARM.attributes
                0x00000338       0x35 CMakeFiles/L20.dir/spi.c.obj
 .ARM.attributes
                0x0000036d       0x35 CMakeFiles/L20.dir/stm32l4xx_hal_msp.c.obj
 .ARM.attributes
                0x000003a2       0x35 CMakeFiles/L20.dir/stm32l4xx_it.c.obj
 .ARM.attributes
                0x000003d7       0x35 CMakeFiles/L20.dir/sx1280/2G4.c.obj
 .ARM.attributes
                0x0000040c       0x35 CMakeFiles/L20.dir/sx1280/sx1280-hal.c.obj
 .ARM.attributes
                0x00000441       0x35 CMakeFiles/L20.dir/sx1280/sx1280.c.obj
 .ARM.attributes
                0x00000476       0x35 CMakeFiles/L20.dir/system_stm32l4xx.c.obj
 .ARM.attributes
                0x000004ab       0x35 CMakeFiles/L20.dir/usart.c.obj
 .ARM.attributes
                0x000004e0       0x35 ../Drivers/CMakeFiles/driver.dir/STM32L4xx_HAL_Driver/Src/stm32l4xx_hal_uart.c.obj
 .ARM.attributes
                0x00000515       0x35 ../Drivers/CMakeFiles/driver.dir/STM32L4xx_HAL_Driver/Src/stm32l4xx_hal_uart_ex.c.obj
 .ARM.attributes
                0x0000054a       0x35 ../Drivers/CMakeFiles/driver.dir/STM32L4xx_HAL_Driver/Src/stm32l4xx_hal.c.obj
 .ARM.attributes
                0x0000057f       0x35 ../Drivers/CMakeFiles/driver.dir/STM32L4xx_HAL_Driver/Src/stm32l4xx_hal_i2c.c.obj
 .ARM.attributes
                0x000005b4       0x35 ../Drivers/CMakeFiles/driver.dir/STM32L4xx_HAL_Driver/Src/stm32l4xx_hal_i2c_ex.c.obj
 .ARM.attributes
                0x000005e9       0x35 ../Drivers/CMakeFiles/driver.dir/STM32L4xx_HAL_Driver/Src/stm32l4xx_hal_rcc.c.obj
 .ARM.attributes
                0x0000061e       0x35 ../Drivers/CMakeFiles/driver.dir/STM32L4xx_HAL_Driver/Src/stm32l4xx_hal_rcc_ex.c.obj
 .ARM.attributes
                0x00000653       0x35 ../Drivers/CMakeFiles/driver.dir/STM32L4xx_HAL_Driver/Src/stm32l4xx_hal_gpio.c.obj
 .ARM.attributes
                0x00000688       0x35 ../Drivers/CMakeFiles/driver.dir/STM32L4xx_HAL_Driver/Src/stm32l4xx_hal_dma.c.obj
 .ARM.attributes
                0x000006bd       0x35 ../Drivers/CMakeFiles/driver.dir/STM32L4xx_HAL_Driver/Src/stm32l4xx_hal_pwr.c.obj
 .ARM.attributes
                0x000006f2       0x35 ../Drivers/CMakeFiles/driver.dir/STM32L4xx_HAL_Driver/Src/stm32l4xx_hal_pwr_ex.c.obj
 .ARM.attributes
                0x00000727       0x35 ../Drivers/CMakeFiles/driver.dir/STM32L4xx_HAL_Driver/Src/stm32l4xx_hal_cortex.c.obj
 .ARM.attributes
                0x0000075c       0x35 ../Drivers/CMakeFiles/driver.dir/STM32L4xx_HAL_Driver/Src/stm32l4xx_hal_spi.c.obj
 .ARM.attributes
                0x00000791       0x21 ../Drivers/CMakeFiles/driver.dir/__/startup_stm32l433xx.s.obj
 .ARM.attributes
                0x000007b2       0x35 ../Middlewares/CMakeFiles/rtos.dir/Third_Party/FreeRTOS/Source/list.c.obj
 .ARM.attributes
                0x000007e7       0x35 ../Middlewares/CMakeFiles/rtos.dir/Third_Party/FreeRTOS/Source/queue.c.obj
 .ARM.attributes
                0x0000081c       0x35 ../Middlewares/CMakeFiles/rtos.dir/Third_Party/FreeRTOS/Source/tasks.c.obj
 .ARM.attributes
                0x00000851       0x35 ../Middlewares/CMakeFiles/rtos.dir/Third_Party/FreeRTOS/Source/CMSIS_RTOS/cmsis_os.c.obj
 .ARM.attributes
                0x00000886       0x35 ../Middlewares/CMakeFiles/rtos.dir/Third_Party/FreeRTOS/Source/portable/MemMang/heap_4.c.obj
 .ARM.attributes
                0x000008bb       0x35 ../Middlewares/CMakeFiles/rtos.dir/Third_Party/FreeRTOS/Source/portable/GCC/ARM_CM4F/port.c.obj
 .ARM.attributes
                0x000008f0       0x22 d:/software/gcc-arm-none-eabi-7-2017-q4-major-win32/bin/../lib/gcc/arm-none-eabi/7.2.1/thumb/v7e-m/fpv4-sp/hard\libgcc.a(_arm_addsubdf3.o)
 .ARM.attributes
                0x00000912       0x22 d:/software/gcc-arm-none-eabi-7-2017-q4-major-win32/bin/../lib/gcc/arm-none-eabi/7.2.1/thumb/v7e-m/fpv4-sp/hard\libgcc.a(_arm_muldivdf3.o)
 .ARM.attributes
                0x00000934       0x22 d:/software/gcc-arm-none-eabi-7-2017-q4-major-win32/bin/../lib/gcc/arm-none-eabi/7.2.1/thumb/v7e-m/fpv4-sp/hard\libgcc.a(_arm_fixunsdfsi.o)
 .ARM.attributes
                0x00000956       0x22 d:/software/gcc-arm-none-eabi-7-2017-q4-major-win32/bin/../lib/gcc/arm-none-eabi/7.2.1/thumb/v7e-m/fpv4-sp/hard\libgcc.a(_arm_truncdfsf2.o)
 .ARM.attributes
                0x00000978       0x22 d:/software/gcc-arm-none-eabi-7-2017-q4-major-win32/bin/../lib/gcc/arm-none-eabi/7.2.1/thumb/v7e-m/fpv4-sp/hard\libgcc.a(_aeabi_uldivmod.o)
 .ARM.attributes
                0x0000099a       0x34 d:/software/gcc-arm-none-eabi-7-2017-q4-major-win32/bin/../lib/gcc/arm-none-eabi/7.2.1/thumb/v7e-m/fpv4-sp/hard\libgcc.a(_udivmoddi4.o)
 .ARM.attributes
                0x000009ce       0x22 d:/software/gcc-arm-none-eabi-7-2017-q4-major-win32/bin/../lib/gcc/arm-none-eabi/7.2.1/thumb/v7e-m/fpv4-sp/hard\libgcc.a(_dvmd_tls.o)
 .ARM.attributes
                0x000009f0       0x34 d:/software/gcc-arm-none-eabi-7-2017-q4-major-win32/bin/../lib/gcc/arm-none-eabi/7.2.1/../../../../arm-none-eabi/lib/thumb/v7e-m/fpv4-sp/hard\libg_nano.a(lib_a-memcpy-stub.o)
 .ARM.attributes
                0x00000a24       0x34 d:/software/gcc-arm-none-eabi-7-2017-q4-major-win32/bin/../lib/gcc/arm-none-eabi/7.2.1/../../../../arm-none-eabi/lib/thumb/v7e-m/fpv4-sp/hard\libg_nano.a(lib_a-printf.o)
 .ARM.attributes
                0x00000a58       0x34 d:/software/gcc-arm-none-eabi-7-2017-q4-major-win32/bin/../lib/gcc/arm-none-eabi/7.2.1/../../../../arm-none-eabi/lib/thumb/v7e-m/fpv4-sp/hard\libg_nano.a(lib_a-puts.o)
 .ARM.attributes
                0x00000a8c       0x34 d:/software/gcc-arm-none-eabi-7-2017-q4-major-win32/bin/../lib/gcc/arm-none-eabi/7.2.1/../../../../arm-none-eabi/lib/thumb/v7e-m/fpv4-sp/hard\libg_nano.a(lib_a-sprintf.o)
 .ARM.attributes
                0x00000ac0       0x34 d:/software/gcc-arm-none-eabi-7-2017-q4-major-win32/bin/../lib/gcc/arm-none-eabi/7.2.1/../../../../arm-none-eabi/lib/thumb/v7e-m/fpv4-sp/hard\libg_nano.a(lib_a-stdio.o)
 .ARM.attributes
                0x00000af4       0x1b d:/software/gcc-arm-none-eabi-7-2017-q4-major-win32/bin/../lib/gcc/arm-none-eabi/7.2.1/../../../../arm-none-eabi/lib/thumb/v7e-m/fpv4-sp/hard\libg_nano.a(lib_a-strlen.o)
 .ARM.attributes
                0x00000b0f       0x34 d:/software/gcc-arm-none-eabi-7-2017-q4-major-win32/bin/../lib/gcc/arm-none-eabi/7.2.1/../../../../arm-none-eabi/lib/thumb/v7e-m/fpv4-sp/hard\libg_nano.a(lib_a-wbuf.o)
 .ARM.attributes
                0x00000b43       0x34 d:/software/gcc-arm-none-eabi-7-2017-q4-major-win32/bin/../lib/gcc/arm-none-eabi/7.2.1/../../../../arm-none-eabi/lib/thumb/v7e-m/fpv4-sp/hard\libg_nano.a(lib_a-writer.o)
 .ARM.attributes
                0x00000b77       0x34 d:/software/gcc-arm-none-eabi-7-2017-q4-major-win32/bin/../lib/gcc/arm-none-eabi/7.2.1/../../../../arm-none-eabi/lib/thumb/v7e-m/fpv4-sp/hard\libg_nano.a(lib_a-wsetup.o)
 .ARM.attributes
                0x00000bab       0x34 d:/software/gcc-arm-none-eabi-7-2017-q4-major-win32/bin/../lib/gcc/arm-none-eabi/7.2.1/../../../../arm-none-eabi/lib/thumb/v7e-m/fpv4-sp/hard\libg_nano.a(lib_a-closer.o)
 .ARM.attributes
                0x00000bdf       0x34 d:/software/gcc-arm-none-eabi-7-2017-q4-major-win32/bin/../lib/gcc/arm-none-eabi/7.2.1/../../../../arm-none-eabi/lib/thumb/v7e-m/fpv4-sp/hard\libg_nano.a(lib_a-fflush.o)
 .ARM.attributes
                0x00000c13       0x34 d:/software/gcc-arm-none-eabi-7-2017-q4-major-win32/bin/../lib/gcc/arm-none-eabi/7.2.1/../../../../arm-none-eabi/lib/thumb/v7e-m/fpv4-sp/hard\libg_nano.a(lib_a-findfp.o)
 .ARM.attributes
                0x00000c47       0x34 d:/software/gcc-arm-none-eabi-7-2017-q4-major-win32/bin/../lib/gcc/arm-none-eabi/7.2.1/../../../../arm-none-eabi/lib/thumb/v7e-m/fpv4-sp/hard\libg_nano.a(lib_a-fwalk.o)
 .ARM.attributes
                0x00000c7b       0x34 d:/software/gcc-arm-none-eabi-7-2017-q4-major-win32/bin/../lib/gcc/arm-none-eabi/7.2.1/../../../../arm-none-eabi/lib/thumb/v7e-m/fpv4-sp/hard\libg_nano.a(lib_a-lseekr.o)
 .ARM.attributes
                0x00000caf       0x34 d:/software/gcc-arm-none-eabi-7-2017-q4-major-win32/bin/../lib/gcc/arm-none-eabi/7.2.1/../../../../arm-none-eabi/lib/thumb/v7e-m/fpv4-sp/hard\libg_nano.a(lib_a-makebuf.o)
 .ARM.attributes
                0x00000ce3       0x34 d:/software/gcc-arm-none-eabi-7-2017-q4-major-win32/bin/../lib/gcc/arm-none-eabi/7.2.1/../../../../arm-none-eabi/lib/thumb/v7e-m/fpv4-sp/hard\libg_nano.a(lib_a-nano-freer.o)
 .ARM.attributes
                0x00000d17       0x34 d:/software/gcc-arm-none-eabi-7-2017-q4-major-win32/bin/../lib/gcc/arm-none-eabi/7.2.1/../../../../arm-none-eabi/lib/thumb/v7e-m/fpv4-sp/hard\libg_nano.a(lib_a-nano-mallocr.o)
 .ARM.attributes