Archive member included to satisfy reference by file (symbol)

d:/software/gcc-arm-none-eabi-7-2017-q4-major-win32/bin/../lib/gcc/arm-none-eabi/7.2.1/thumb/v7e-m/fpv4-sp/hard\libgcc.a(_arm_addsubdf3.o)
                              CMakeFiles/L20.dir/freertos.c.obj (__aeabi_dsub)
d:/software/gcc-arm-none-eabi-7-2017-q4-major-win32/bin/../lib/gcc/arm-none-eabi/7.2.1/thumb/v7e-m/fpv4-sp/hard\libgcc.a(_arm_muldivdf3.o)
                              CMakeFiles/L20.dir/freertos.c.obj (__aeabi_dmul)
d:/software/gcc-arm-none-eabi-7-2017-q4-major-win32/bin/../lib/gcc/arm-none-eabi/7.2.1/thumb/v7e-m/fpv4-sp/hard\libgcc.a(_arm_fixunsdfsi.o)
                              CMakeFiles/L20.dir/sx1280/sx1280.c.obj (__aeabi_d2uiz)
d:/software/gcc-arm-none-eabi-7-2017-q4-major-win32/bin/../lib/gcc/arm-none-eabi/7.2.1/thumb/v7e-m/fpv4-sp/hard\libgcc.a(_arm_truncdfsf2.o)
                              CMakeFiles/L20.dir/freertos.c.obj (__aeabi_d2f)
d:/software/gcc-arm-none-eabi-7-2017-q4-major-win32/bin/../lib/gcc/arm-none-eabi/7.2.1/thumb/v7e-m/fpv4-sp/hard\libgcc.a(_aeabi_uldivmod.o)
                              ../Drivers/CMakeFiles/driver.dir/STM32L4xx_HAL_Driver/Src/stm32l4xx_hal_uart.c.obj (__aeabi_uldivmod)
d:/software/gcc-arm-none-eabi-7-2017-q4-major-win32/bin/../lib/gcc/arm-none-eabi/7.2.1/thumb/v7e-m/fpv4-sp/hard\libgcc.a(_udivmoddi4.o)
                              d:/software/gcc-arm-none-eabi-7-2017-q4-major-win32/bin/../lib/gcc/arm-none-eabi/7.2.1/thumb/v7e-m/fpv4-sp/hard\libgcc.a(_aeabi_uldivmod.o) (__udivmoddi4)
d:/software/gcc-arm-none-eabi-7-2017-q4-major-win32/bin/../lib/gcc/arm-none-eabi/7.2.1/thumb/v7e-m/fpv4-sp/hard\libgcc.a(_dvmd_tls.o)
                              d:/software/gcc-arm-none-eabi-7-2017-q4-major-win32/bin/../lib/gcc/arm-none-eabi/7.2.1/thumb/v7e-m/fpv4-sp/hard\libgcc.a(_aeabi_uldivmod.o) (__aeabi_ldiv0)
d:/software/gcc-arm-none-eabi-7-2017-q4-major-win32/bin/../lib/gcc/arm-none-eabi/7.2.1/../../../../arm-none-eabi/lib/thumb/v7e-m/fpv4-sp/hard\libg_nano.a(lib_a-exit.o)
                              d:/software/gcc-arm-none-eabi-7-2017-q4-major-win32/bin/../lib/gcc/arm-none-eabi/7.2.1/../../../../arm-none-eabi/lib/thumb/v7e-m/fpv4-sp/hard/crt0.o (exit)
d:/software/gcc-arm-none-eabi-7-2017-q4-major-win32/bin/../lib/gcc/arm-none-eabi/7.2.1/../../../../arm-none-eabi/lib/thumb/v7e-m/fpv4-sp/hard\libg_nano.a(lib_a-impure.o)
                              d:/software/gcc-arm-none-eabi-7-2017-q4-major-win32/bin/../lib/gcc/arm-none-eabi/7.2.1/../../../../arm-none-eabi/lib/thumb/v7e-m/fpv4-sp/hard\libg_nano.a(lib_a-exit.o) (_global_impure_ptr)
d:/software/gcc-arm-none-eabi-7-2017-q4-major-win32/bin/../lib/gcc/arm-none-eabi/7.2.1/../../../../arm-none-eabi/lib/thumb/v7e-m/fpv4-sp/hard\libg_nano.a(lib_a-init.o)
                              d:/software/gcc-arm-none-eabi-7-2017-q4-major-win32/bin/../lib/gcc/arm-none-eabi/7.2.1/../../../../arm-none-eabi/lib/thumb/v7e-m/fpv4-sp/hard/crt0.o (__libc_init_array)
d:/software/gcc-arm-none-eabi-7-2017-q4-major-win32/bin/../lib/gcc/arm-none-eabi/7.2.1/../../../../arm-none-eabi/lib/thumb/v7e-m/fpv4-sp/hard\libg_nano.a(lib_a-memcpy-stub.o)
                              CMakeFiles/L20.dir/sx1280/sx1280-hal.c.obj (memcpy)
d:/software/gcc-arm-none-eabi-7-2017-q4-major-win32/bin/../lib/gcc/arm-none-eabi/7.2.1/../../../../arm-none-eabi/lib/thumb/v7e-m/fpv4-sp/hard\libg_nano.a(lib_a-memset.o)
                              d:/software/gcc-arm-none-eabi-7-2017-q4-major-win32/bin/../lib/gcc/arm-none-eabi/7.2.1/../../../../arm-none-eabi/lib/thumb/v7e-m/fpv4-sp/hard/crt0.o (memset)
d:/software/gcc-arm-none-eabi-7-2017-q4-major-win32/bin/../lib/gcc/arm-none-eabi/7.2.1/../../../../arm-none-eabi/lib/thumb/v7e-m/fpv4-sp/hard\libg_nano.a(lib_a-printf.o)
                              CMakeFiles/L20.dir/QMA6981.c.obj (printf)
d:/software/gcc-arm-none-eabi-7-2017-q4-major-win32/bin/../lib/gcc/arm-none-eabi/7.2.1/../../../../arm-none-eabi/lib/thumb/v7e-m/fpv4-sp/hard\libg_nano.a(lib_a-snprintf.o)
                              CMakeFiles/L20.dir/at_cmd.c.obj (snprintf)
d:/software/gcc-arm-none-eabi-7-2017-q4-major-win32/bin/../lib/gcc/arm-none-eabi/7.2.1/../../../../arm-none-eabi/lib/thumb/v7e-m/fpv4-sp/hard\libg_nano.a(lib_a-sprintf.o)
                              CMakeFiles/L20.dir/freertos.c.obj (sprintf)
d:/software/gcc-arm-none-eabi-7-2017-q4-major-win32/bin/../lib/gcc/arm-none-eabi/7.2.1/../../../../arm-none-eabi/lib/thumb/v7e-m/fpv4-sp/hard\libg_nano.a(lib_a-sscanf.o)
                              CMakeFiles/L20.dir/sx1280/sx1280.c.obj (sscanf)
d:/software/gcc-arm-none-eabi-7-2017-q4-major-win32/bin/../lib/gcc/arm-none-eabi/7.2.1/../../../../arm-none-eabi/lib/thumb/v7e-m/fpv4-sp/hard\libg_nano.a(lib_a-stdio.o)
                              d:/software/gcc-arm-none-eabi-7-2017-q4-major-win32/bin/../lib/gcc/arm-none-eabi/7.2.1/../../../../arm-none-eabi/lib/thumb/v7e-m/fpv4-sp/hard\libg_nano.a(lib_a-sscanf.o) (__seofread)
[...]
Memory Configuration

Name             Origin             Length             Attributes
RAM              0x20000000         0x00010000         xrw
FLASH            0x08000000         0x00040000         xr
*default*        0x00000000         0xffffffff

Linker script and memory map

LOAD d:/software/gcc-arm-none-eabi-7-2017-q4-major-win32/bin/../lib/gcc/arm-none-eabi/7.2.1/thumb/v7e-m/fpv4-sp/hard/crtfastmath.o
LOAD d:/software/gcc-arm-none-eabi-7-2017-q4-major-win32/bin/../lib/gcc/arm-none-eabi/7.2.1/thumb/v7e-m/fpv4-sp/hard/crti.o
LOAD d:/software/gcc-arm-none-eabi-7-2017-q4-major-win32/bin/../lib/gcc/arm-none-eabi/7.2.1/thumb/v7e-m/fpv4-sp/hard/crtbegin.o
LOAD d:/software/gcc-arm-none-eabi-7-2017-q4-major-win32/bin/../lib/gcc/arm-none-eabi/7.2.1/../../../../arm-none-eabi/lib/thumb/v7e-m/fpv4-sp/hard/crt0.o
                0x08001655                SE_APP_SetSecParameter = 0x8001655
                0x0800167b                SE_APP_GetSecParameter = 0x800167b
LOAD CMakeFiles/L20.dir/QMA6981.c.obj
LOAD CMakeFiles/L20.dir/at_cmd.c.obj
LOAD CMakeFiles/L20.dir/bsp_uart.c.obj
LOAD CMakeFiles/L20.dir/dma.c.obj
LOAD CMakeFiles/L20.dir/freertos.c.obj
LOAD CMakeFiles/L20.dir/gpio.c.obj
LOAD CMakeFiles/L20.dir/i2c.c.obj
LOAD CMakeFiles/L20.dir/main.c.obj
LOAD CMakeFiles/L20.dir/qst_sw_i2c.c.obj
LOAD CMakeFiles/L20.dir/spi.c.obj
LOAD CMakeFiles/L20.dir/stm32l4xx_hal_msp.c.obj
LOAD CMakeFiles/L20.dir/stm32l4xx_it.c.obj
LOAD CMakeFiles/L20.dir/sx1280/2G4.c.obj
LOAD CMakeFiles/L20.dir/sx1280/sx1280-hal.c.obj
LOAD CMakeFiles/L20.dir/sx1280/sx1280.c.obj
LOAD CMakeFiles/L20.dir/sys.c.obj
LOAD CMakeFiles/L20.dir/system_stm32l4xx.c.obj
LOAD CMakeFiles/L20.dir/usart.c.obj
LOAD CMakeFiles/L20.dir/utilities.c.obj
LOAD ../Drivers/CMakeFiles/driver.dir/STM32L4xx_HAL_Driver/Src/stm32l4xx_hal_tim.c.obj
LOAD ../Drivers/CMakeFiles/driver.dir/STM32L4xx_HAL_Driver/Src/stm32l4xx_hal_tim_ex.c.obj
LOAD ../Drivers/CMakeFiles/driver.dir/STM32L4xx_HAL_Driver/Src/stm32l4xx_hal_uart.c.obj
LOAD ../Drivers/CMakeFiles/driver.dir/STM32L4xx_HAL_Driver/Src/stm32l4xx_hal_uart_ex.c.obj
LOAD ../Drivers/CMakeFiles/driver.dir/STM32L4xx_HAL_Driver/Src/stm32l4xx_hal.c.obj
LOAD ../Drivers/CMakeFiles/driver.dir/STM32L4xx_HAL_Driver/Src/stm32l4xx_hal_i2c.c.obj
LOAD ../Drivers/CMakeFiles/driver.dir/STM32L4xx_HAL_Driver/Src/stm32l4xx_hal_i2c_ex.c.obj
LOAD ../Drivers/CMakeFiles/driver.dir/STM32L4xx_HAL_Driver/Src/stm32l4xx_hal_rcc.c.obj
LOAD ../Drivers/CMakeFiles/driver.dir/STM32L4xx_HAL_Driver/Src/stm32l4xx_hal_rcc_ex.c.obj
LOAD ../Drivers/CMakeFiles/driver.dir/STM32L4xx_HAL_Driver/Src/stm32l4xx_hal_flash.c.obj
LOAD ../Drivers/CMakeFiles/driver.dir/STM32L4xx_HAL_Driver/Src/stm32l4xx_hal_flash_ex.c.obj
LOAD ../Drivers/CMakeFiles/driver.dir/STM32L4xx_HAL_Driver/Src/stm32l4xx_hal_flash_ramfunc.c.obj
LOAD ../Drivers/CMakeFiles/driver.dir/STM32L4xx_HAL_Driver/Src/stm32l4xx_hal_gpio.c.obj
LOAD ../Drivers/CMakeFiles/driver.dir/STM32L4xx_HAL_Driver/Src/stm32l4xx_hal_dma.c.obj
LOAD ../Drivers/CMakeFiles/driver.dir/STM32L4xx_HAL_Driver/Src/stm32l4xx_hal_dma_ex.c.obj
LOAD ../Drivers/CMakeFiles/driver.dir/STM32L4xx_HAL_Driver/Src/stm32l4xx_hal_pwr.c.obj
LOAD ../Drivers/CMakeFiles/driver.dir/STM32L4xx_HAL_Driver/Src/stm32l4xx_hal_pwr_ex.c.obj
LOAD ../Drivers/CMakeFiles/driver.dir/STM32L4xx_HAL_Driver/Src/stm32l4xx_hal_cortex.c.obj
LOAD ../Drivers/CMakeFiles/driver.dir/STM32L4xx_HAL_Driver/Src/stm32l4xx_hal_exti.c.obj
LOAD ../Drivers/CMakeFiles/driver.dir/STM32L4xx_HAL_Driver/Src/stm32l4xx_hal_spi.c.obj
LOAD ../Drivers/CMakeFiles/driver.dir/STM32L4xx_HAL_Driver/Src/stm32l4xx_hal_spi_ex.c.obj
LOAD ../Drivers/CMakeFiles/driver.dir/__/startup_stm32l433xx.s.obj
LOAD ../Middlewares/CMakeFiles/rtos.dir/Third_Party/FreeRTOS/Source/croutine.c.obj
LOAD ../Middlewares/CMakeFiles/rtos.dir/Third_Party/FreeRTOS/Source/event_groups.c.obj
LOAD ../Middlewares/CMakeFiles/rtos.dir/Third_Party/FreeRTOS/Source/list.c.obj
LOAD ../Middlewares/CMakeFiles/rtos.dir/Third_Party/FreeRTOS/Source/queue.c.obj
LOAD ../Middlewares/CMakeFiles/rtos.dir/Third_Party/FreeRTOS/Source/tasks.c.obj
LOAD ../Middlewares/CMakeFiles/rtos.dir/Third_Party/FreeRTOS/Source/timers.c.obj
LOAD ../Middlewares/CMakeFiles/rtos.dir/Third_Party/FreeRTOS/Source/CMSIS_RTOS/cmsis_os.c.obj
LOAD ../Middlewares/CMakeFiles/rtos.dir/Third_Party/FreeRTOS/Source/portable/MemMang/heap_4.c.obj
LOAD ../Middlewares/CMakeFiles/rtos.dir/Third_Party/FreeRTOS/Source/portable/GCC/ARM_CM4F/port.c.obj
START GROUP
LOAD d:/software/gcc-arm-none-eabi-7-2017-q4-major-win32/bin/../lib/gcc/arm-none-eabi/7.2.1/thumb/v7e-m/fpv4-sp/hard\libgcc.a
LOAD d:/software/gcc-arm-none-eabi-7-2017-q4-major-win32/bin/../lib/gcc/arm-none-eabi/7.2.1/../../../../arm-none-eabi/lib/thumb/v7e-m/fpv4-sp/hard\libg_nano.a
LOAD d:/software/gcc-arm-none-eabi-7-2017-q4-major-win32/bin/../lib/gcc/arm-none-eabi/7.2.1/../../../../arm-none-eabi/lib/thumb/v7e-m/fpv4-sp/hard\libc_nano.a
END GROUP
START GROUP
LOAD d:/software/gcc-arm-none-eabi-7-2017-q4-major-win32/bin/../lib/gcc/arm-none-eabi/7.2.1/thumb/v7e-m/fpv4-sp/hard\libgcc.a
LOAD d:/software/gcc-arm-none-eabi-7-2017-q4-major-win32/bin/../lib/gcc/arm-none-eabi/7.2.1/../../../../arm-none-eabi/lib/thumb/v7e-m/fpv4-sp/hard\libc_nano.a
LOAD d:/software/gcc-arm-none-eabi-7-2017-q4-major-win32/bin/../lib/gcc/arm-none-eabi/7.2.1/../../../../arm-none-eabi/lib/thumb/v7e-m/fpv4-sp/hard\libnosys.a
END GROUP
START GROUP
LOAD d:/software/gcc-arm-none-eabi-7-2017-q4-major-win32/bin/../lib/gcc/arm-none-eabi/7.2.1/thumb/v7e-m/fpv4-sp/hard\libgcc.a
LOAD d:/software/gcc-arm-none-eabi-7-2017-q4-major-win32/bin/../lib/gcc/arm-none-eabi/7.2.1/../../../../arm-none-eabi/lib/thumb/v7e-m/fpv4-sp/hard\libc_nano.a
LOAD d:/software/gcc-arm-none-eabi-7-2017-q4-major-win32/bin/../lib/gcc/arm-none-eabi/7.2.1/../../../../arm-none-eabi/lib/thumb/v7e-m/fpv4-sp/hard\libnosys.a
END GROUP
LOAD d:/software/gcc-arm-none-eabi-7-2017-q4-major-win32/bin/../lib/gcc/arm-none-eabi/7.2.1/thumb/v7e-m/fpv4-sp/hard/crtend.o
LOAD d:/software/gcc-arm-none-eabi-7-2017-q4-major-win32/bin/../lib/gcc/arm-none-eabi/7.2.1/thumb/v7e-m/fpv4-sp/hard/crtn.o
                0x20010000                _estack = 0x20010000
                0x00000200                _Min_Heap_Size = 0x200
                0x00000400                _Min_Stack_Size = 0x400

.isr_vector     0x08000000      0x190
                0x08000000                . = ALIGN (0x8)
 *(.isr_vector)
 .isr_vector    0x08000000      0x18c ../Drivers/CMakeFiles/driver.dir/__/startup_stm32l433xx.s.obj
                0x08000000                g_pfnVectors
                0x08000190                . = ALIGN (0x8)
 *fill*         0x0800018c        0x4 

.text           0x08000190     0x6ad0
                0x08000190                . = ALIGN (0x8)
 *(.text)
 .text          0x08000190       0x40 d:/software/gcc-arm-none-eabi-7-2017-q4-major-win32/bin/../lib/gcc/arm-none-eabi/7.2.1/thumb/v7e-m/fpv4-sp/hard/crtbegin.o
 .text          0x080001d0      0x378 d:/software/gcc-arm-none-eabi-7-2017-q4-major-win32/bin/../lib/gcc/arm-none-eabi/7.2.1/thumb/v7e-m/fpv4-sp/hard\libgcc.a(_arm_addsubdf3.o)
                0x080001d0                __aeabi_drsub
                0x080001d8                __aeabi_dsub
                0x080001d8                __subdf3
                0x080001dc                __aeabi_dadd
                0x080001dc                __adddf3
                0x08000454                __floatunsidf
                0x08000454                __aeabi_ui2d
                0x08000474                __floatsidf
                0x08000474                __aeabi_i2d
                0x08000498                __aeabi_f2d
                0x08000498                __extendsfdf2
                0x080004dc                __floatundidf
                0x080004dc                __aeabi_ul2d
                0x080004ec                __floatdidf
                0x080004ec                __aeabi_l2d
 .text          0x08000548      0x424 d:/software/gcc-arm-none-eabi-7-2017-q4-major-win32/bin/../lib/gcc/arm-none-eabi/7.2.1/thumb/v7e-m/fpv4-sp/hard\libgcc.a(_arm_muldivdf3.o)
                0x08000548                __aeabi_dmul
                0x08000548                __muldf3
                0x0800079c                __divdf3
                0x0800079c                __aeabi_ddiv
 .text          0x0800096c       0xa0 d:/software/gcc-arm-none-eabi-7-2017-q4-major-win32/bin/../lib/gcc/arm-none-eabi/7.2.1/thumb/v7e-m/fpv4-sp/hard\libgcc.a(_arm_truncdfsf2.o)
                0x0800096c                __truncdfsf2
                0x0800096c                __aeabi_d2f
 .text          0x08000a0c       0x30 d:/software/gcc-arm-none-eabi-7-2017-q4-major-win32/bin/../lib/gcc/arm-none-eabi/7.2.1/thumb/v7e-m/fpv4-sp/hard\libgcc.a(_aeabi_uldivmod.o)
                0x08000a0c                __aeabi_uldivmod
 .text          0x08000a3c      0x2cc d:/software/gcc-arm-none-eabi-7-2017-q4-major-win32/bin/../lib/gcc/arm-none-eabi/7.2.1/thumb/v7e-m/fpv4-sp/hard\libgcc.a(_udivmoddi4.o)
                0x08000a3c                __udivmoddi4
 .text          0x08000d08        0x4 d:/software/gcc-arm-none-eabi-7-2017-q4-major-win32/bin/../lib/gcc/arm-none-eabi/7.2.1/thumb/v7e-m/fpv4-sp/hard\libgcc.a(_dvmd_tls.o)
                0x08000d08                __aeabi_idiv0
                0x08000d08                __aeabi_ldiv0
 .text          0x08000d0c       0x14 d:/software/gcc-arm-none-eabi-7-2017-q4-major-win32/bin/../lib/gcc/arm-none-eabi/7.2.1/../../../../arm-none-eabi/lib/thumb/v7e-m/fpv4-sp/hard\libg_nano.a(lib_a-strcmp.o)
                0x08000d0c                strcmp
 .text          0x08000d20       0x10 d:/software/gcc-arm-none-eabi-7-2017-q4-major-win32/bin/../lib/gcc/arm-none-eabi/7.2.1/../../../../arm-none-eabi/lib/thumb/v7e-m/fpv4-sp/hard\libg_nano.a(lib_a-strlen.o)
                0x08000d20                strlen
 .text          0x08000d30       0xa0 d:/software/gcc-arm-none-eabi-7-2017-q4-major-win32/bin/../lib/gcc/arm-none-eabi/7.2.1/../../../../arm-none-eabi/lib/thumb/v7e-m/fpv4-sp/hard\libg_nano.a(lib_a-memchr.o)
                0x08000d30                memchr
 *(.text*)
 .text.startup  0x08000dd0       0x10 d:/software/gcc-arm-none-eabi-7-2017-q4-major-win32/bin/../lib/gcc/arm-none-eabi/7.2.1/thumb/v7e-m/fpv4-sp/hard/crtfastmath.o
 .text.QMA6981Write
                0x08000de0       0x48 CMakeFiles/L20.dir/QMA6981.c.obj
                0x08000de0                QMA6981Write
 .text.QMA6981Read
                0x08000e28       0x8c CMakeFiles/L20.dir/QMA6981.c.obj
                0x08000e28                QMA6981Read
 .text.QMA6981SetMode
                0x08000eb4        0xc CMakeFiles/L20.dir/QMA6981.c.obj
                0x08000eb4                QMA6981SetMode
 .text.QMA6981SoftReset
                0x08000ec0       0x1a CMakeFiles/L20.dir/QMA6981.c.obj
                0x08000ec0                QMA6981SoftReset
 .text.QMA6981_INT_Register_config
                0x08000eda       0xc8 CMakeFiles/L20.dir/QMA6981.c.obj
                0x08000eda                QMA6981_INT_Register_config
 *fill*         0x08000fa2        0x2 
 .text.QMA6981Init
                0x08000fa4       0x14 CMakeFiles/L20.dir/QMA6981.c.obj
                0x08000fa4                QMA6981Init
 .text.at_exec_ireboot
                0x08000fb8       0x38 CMakeFiles/L20.dir/at_cmd.c.obj
 .text.set_freq_move
                0x08000ff0        0xc CMakeFiles/L20.dir/at_cmd.c.obj
                0x08000ff0                set_freq_move
 .text.at_freq_cmove
                0x08000ffc       0x2c CMakeFiles/L20.dir/at_cmd.c.obj
 .text.para_cmd
                0x08001028       0x48 CMakeFiles/L20.dir/at_cmd.c.obj
                0x08001028                para_cmd
 .text.at_ctx_func
                0x08001070       0x14 CMakeFiles/L20.dir/at_cmd.c.obj
 .text.at_crx_func
                0x08001084       0x14 CMakeFiles/L20.dir/at_cmd.c.obj
 .text.at_ctxcw_func
                0x08001098       0x14 CMakeFiles/L20.dir/at_cmd.c.obj
 .text.lorawan_at_process
                0x080010ac      0x24c CMakeFiles/L20.dir/at_cmd.c.obj
                0x080010ac                lorawan_at_process
 .text.__io_putchar
                0x080012f8       0x24 CMakeFiles/L20.dir/bsp_uart.c.obj
                0x080012f8                __io_putchar
 .text._write   0x0800131c       0x1c CMakeFiles/L20.dir/bsp_uart.c.obj
                0x0800131c                _write
 .text.uart_init
                0x08001338       0x40 CMakeFiles/L20.dir/bsp_uart.c.obj
                0x08001338                uart_init
 .text.uart_queue_init
                0x08001378       0x18 CMakeFiles/L20.dir/bsp_uart.c.obj
                0x08001378                uart_queue_init
 .text.HAL_GPIO_EXTI_Callback
                0x08001390       0x34 CMakeFiles/L20.dir/bsp_uart.c.obj
                0x08001390                HAL_GPIO_EXTI_Callback
 .text.HAL_UART_TxCpltCallback
                0x080013c4        0xe CMakeFiles/L20.dir/bsp_uart.c.obj
                0x080013c4                HAL_UART_TxCpltCallback
 *fill*         0x080013d2        0x2 
 .text.UsartReceive_IDLE
                0x080013d4       0xc8 CMakeFiles/L20.dir/bsp_uart.c.obj
                0x080013d4                UsartReceive_IDLE
 .text.MX_DMA_Init
                0x0800149c       0x44 CMakeFiles/L20.dir/dma.c.obj
                0x0800149c                MX_DMA_Init
 .text.StartDefaultTask
                0x080014e0        0x8 CMakeFiles/L20.dir/freertos.c.obj
                0x080014e0                StartDefaultTask
 .text.qma6981_task
                0x080014e8       0xfc CMakeFiles/L20.dir/freertos.c.obj
                0x080014e8                qma6981_task
 .text.vApplicationGetIdleTaskMemory
                0x080015e4       0x18 CMakeFiles/L20.dir/freertos.c.obj
                0x080015e4                vApplicationGetIdleTaskMemory
 .text.MX_FREERTOS_Init
                0x080015fc       0x50 CMakeFiles/L20.dir/freertos.c.obj
                0x080015fc                MX_FREERTOS_Init
 .text.MX_GPIO_Init
                0x0800164c      0x120 CMakeFiles/L20.dir/gpio.c.obj
                0x0800164c                MX_GPIO_Init
 .text.MX_I2C2_Init
                0x0800176c       0x58 CMakeFiles/L20.dir/i2c.c.obj
                0x0800176c                MX_I2C2_Init
 .text.HAL_I2C_MspInit
                0x080017c4       0x70 CMakeFiles/L20.dir/i2c.c.obj
                0x080017c4                HAL_I2C_MspInit
 .text.SystemClock_Config
                0x08001834       0x9c CMakeFiles/L20.dir/main.c.obj
                0x08001834                SystemClock_Config
 .text.main     0x080018d0       0x30 CMakeFiles/L20.dir/main.c.obj
                0x080018d0                main
 .text.Error_Handler
                0x08001900        0x2 CMakeFiles/L20.dir/main.c.obj
                0x08001900                Error_Handler
 *fill*         0x08001902        0x2 
 .text.MX_SPI2_Init
                0x08001904       0x4c CMakeFiles/L20.dir/spi.c.obj
                0x08001904                MX_SPI2_Init
 .text.HAL_SPI_MspInit
                0x08001950       0x6c CMakeFiles/L20.dir/spi.c.obj
                0x08001950                HAL_SPI_MspInit
 .text.HAL_MspInit
                0x080019bc       0x40 CMakeFiles/L20.dir/stm32l4xx_hal_msp.c.obj
                0x080019bc                HAL_MspInit
 .text.NMI_Handler
                0x080019fc        0x2 CMakeFiles/L20.dir/stm32l4xx_it.c.obj
                0x080019fc                NMI_Handler
 .text.HardFault_Handler
                0x080019fe        0x2 CMakeFiles/L20.dir/stm32l4xx_it.c.obj
                0x080019fe                HardFault_Handler
 .text.MemManage_Handler
                0x08001a00        0x2 CMakeFiles/L20.dir/stm32l4xx_it.c.obj
                0x08001a00                MemManage_Handler
 .text.BusFault_Handler
                0x08001a02        0x2 CMakeFiles/L20.dir/stm32l4xx_it.c.obj
                0x08001a02                BusFault_Handler
 .text.UsageFault_Handler
                0x08001a04        0x2 CMakeFiles/L20.dir/stm32l4xx_it.c.obj
                0x08001a04                UsageFault_Handler
 .text.DebugMon_Handler
                0x08001a06        0x2 CMakeFiles/L20.dir/stm32l4xx_it.c.obj
                0x08001a06                DebugMon_Handler
 .text.SysTick_Handler
                0x08001a08       0x14 CMakeFiles/L20.dir/stm32l4xx_it.c.obj
                0x08001a08                SysTick_Handler
 .text.EXTI1_IRQHandler
                0x08001a1c        0xa CMakeFiles/L20.dir/stm32l4xx_it.c.obj
                0x08001a1c                EXTI1_IRQHandler
 .text.EXTI4_IRQHandler
                0x08001a26        0xa CMakeFiles/L20.dir/stm32l4xx_it.c.obj
                0x08001a26                EXTI4_IRQHandler
 .text.DMA1_Channel4_IRQHandler
                0x08001a30       0x10 CMakeFiles/L20.dir/stm32l4xx_it.c.obj
                0x08001a30                DMA1_Channel4_IRQHandler
 .text.DMA1_Channel5_IRQHandler
                0x08001a40       0x10 CMakeFiles/L20.dir/stm32l4xx_it.c.obj
                0x08001a40                DMA1_Channel5_IRQHandler
 .text.USART1_IRQHandler
                0x08001a50       0x18 CMakeFiles/L20.dir/stm32l4xx_it.c.obj
                0x08001a50                USART1_IRQHandler
 .text.SystemInit
                0x08001a68       0x48 CMakeFiles/L20.dir/system_stm32l4xx.c.obj
                0x08001a68                SystemInit
 .text.MX_USART1_UART_Init
                0x08001ab0       0x38 CMakeFiles/L20.dir/usart.c.obj
                0x08001ab0                MX_USART1_UART_Init
 .text.HAL_UART_MspInit
                0x08001ae8       0xe4 CMakeFiles/L20.dir/usart.c.obj
                0x08001ae8                HAL_UART_MspInit
 .text.UART_EndTxTransfer
                0x08001bcc       0x10 ../Drivers/CMakeFiles/driver.dir/STM32L4xx_HAL_Driver/Src/stm32l4xx_hal_uart.c.obj
 .text.UART_EndRxTransfer
                0x08001bdc       0x1e ../Drivers/CMakeFiles/driver.dir/STM32L4xx_HAL_Driver/Src/stm32l4xx_hal_uart.c.obj
 *fill*         0x08001bfa        0x2 
 .text.HAL_UART_Receive_DMA
                0x08001bfc       0xac ../Drivers/CMakeFiles/driver.dir/STM32L4xx_HAL_Driver/Src/stm32l4xx_hal_uart.c.obj
                0x08001bfc                HAL_UART_Receive_DMA
 .text.HAL_UART_DMAStop
                0x08001ca8       0x86 ../Drivers/CMakeFiles/driver.dir/STM32L4xx_HAL_Driver/Src/stm32l4xx_hal_uart.c.obj
                0x08001ca8                HAL_UART_DMAStop
 .text.UART_EndTransmit_IT
                0x08001d2e       0x1a ../Drivers/CMakeFiles/driver.dir/STM32L4xx_HAL_Driver/Src/stm32l4xx_hal_uart.c.obj
 .text.HAL_UART_RxCpltCallback
                0x08001d48        0x2 ../Drivers/CMakeFiles/driver.dir/STM32L4xx_HAL_Driver/Src/stm32l4xx_hal_uart.c.obj
                0x08001d48                HAL_UART_RxCpltCallback
 .text.UART_DMAReceiveCplt
                0x08001d4a       0x3e ../Drivers/CMakeFiles/driver.dir/STM32L4xx_HAL_Driver/Src/stm32l4xx_hal_uart.c.obj
 .text.HAL_UART_RxHalfCpltCallback
                0x08001d88        0x2 ../Drivers/CMakeFiles/driver.dir/STM32L4xx_HAL_Driver/Src/stm32l4xx_hal_uart.c.obj
                0x08001d88                HAL_UART_RxHalfCpltCallback
 .text.UART_DMARxHalfCplt
                0x08001d8a        0xa ../Drivers/CMakeFiles/driver.dir/STM32L4xx_HAL_Driver/Src/stm32l4xx_hal_uart.c.obj
 .text.HAL_UART_ErrorCallback
                0x08001d94        0x2 ../Drivers/CMakeFiles/driver.dir/STM32L4xx_HAL_Driver/Src/stm32l4xx_hal_uart.c.obj
                0x08001d94                HAL_UART_ErrorCallback
 .text.UART_DMAError
                0x08001d96       0x50 ../Drivers/CMakeFiles/driver.dir/STM32L4xx_HAL_Driver/Src/stm32l4xx_hal_uart.c.obj
 *fill*         0x08001de6        0x2 
 .text.HAL_UART_IRQHandler
                0x08001de8      0x15c ../Drivers/CMakeFiles/driver.dir/STM32L4xx_HAL_Driver/Src/stm32l4xx_hal_uart.c.obj
                0x08001de8                HAL_UART_IRQHandler
 .text.UART_DMAAbortOnError
                0x08001f44       0x14 ../Drivers/CMakeFiles/driver.dir/STM32L4xx_HAL_Driver/Src/stm32l4xx_hal_uart.c.obj
 .text.UART_SetConfig
                0x08001f58      0x3a8 ../Drivers/CMakeFiles/driver.dir/STM32L4xx_HAL_Driver/Src/stm32l4xx_hal_uart.c.obj
                0x08001f58                UART_SetConfig
 .text.UART_AdvFeatureConfig
                0x08002300       0xca ../Drivers/CMakeFiles/driver.dir/STM32L4xx_HAL_Driver/Src/stm32l4xx_hal_uart.c.obj
                0x08002300                UART_AdvFeatureConfig
 .text.UART_WaitOnFlagUntilTimeout
                0x080023ca       0x60 ../Drivers/CMakeFiles/driver.dir/STM32L4xx_HAL_Driver/Src/stm32l4xx_hal_uart.c.obj
                0x080023ca                UART_WaitOnFlagUntilTimeout
 .text.HAL_UART_Transmit
                0x0800242a       0xd8 ../Drivers/CMakeFiles/driver.dir/STM32L4xx_HAL_Driver/Src/stm32l4xx_hal_uart.c.obj
                0x0800242a                HAL_UART_Transmit
 .text.UART_CheckIdleState
                0x08002502       0x6c ../Drivers/CMakeFiles/driver.dir/STM32L4xx_HAL_Driver/Src/stm32l4xx_hal_uart.c.obj
                0x08002502                UART_CheckIdleState
 .text.HAL_UART_Init
                0x0800256e       0x62 ../Drivers/CMakeFiles/driver.dir/STM32L4xx_HAL_Driver/Src/stm32l4xx_hal_uart.c.obj
                0x0800256e                HAL_UART_Init
 .text.HAL_UARTEx_WakeupCallback
                0x080025d0        0x2 ../Drivers/CMakeFiles/driver.dir/STM32L4xx_HAL_Driver/Src/stm32l4xx_hal_uart_ex.c.obj
                0x080025d0                HAL_UARTEx_WakeupCallback
 *fill*         0x080025d2        0x2 
 .text.HAL_InitTick
                0x080025d4       0x50 ../Drivers/CMakeFiles/driver.dir/STM32L4xx_HAL_Driver/Src/stm32l4xx_hal.c.obj
                0x080025d4                HAL_InitTick
 .text.HAL_Init
                0x08002624       0x1e ../Drivers/CMakeFiles/driver.dir/STM32L4xx_HAL_Driver/Src/stm32l4xx_hal.c.obj
                0x08002624                HAL_Init
 *fill*         0x08002642        0x2 
 .text.HAL_IncTick
                0x08002644       0x18 ../Drivers/CMakeFiles/driver.dir/STM32L4xx_HAL_Driver/Src/stm32l4xx_hal.c.obj
                0x08002644                HAL_IncTick
 .text.HAL_GetTick
                0x0800265c        0xc ../Drivers/CMakeFiles/driver.dir/STM32L4xx_HAL_Driver/Src/stm32l4xx_hal.c.obj
                0x0800265c                HAL_GetTick
 .text.HAL_Delay
                0x08002668       0x28 ../Drivers/CMakeFiles/driver.dir/STM32L4xx_HAL_Driver/Src/stm32l4xx_hal.c.obj
                0x08002668                HAL_Delay
 .text.I2C_Flush_TXDR
                0x08002690       0x22 ../Drivers/CMakeFiles/driver.dir/STM32L4xx_HAL_Driver/Src/stm32l4xx_hal_i2c.c.obj
 .text.I2C_TransferConfig
                0x080026b2       0x36 ../Drivers/CMakeFiles/driver.dir/STM32L4xx_HAL_Driver/Src/stm32l4xx_hal_i2c.c.obj
 .text.I2C_IsAcknowledgeFailed
                0x080026e8       0x90 ../Drivers/CMakeFiles/driver.dir/STM32L4xx_HAL_Driver/Src/stm32l4xx_hal_i2c.c.obj
 .text.I2C_WaitOnTXISFlagUntilTimeout
                0x08002778       0x56 ../Drivers/CMakeFiles/driver.dir/STM32L4xx_HAL_Driver/Src/stm32l4xx_hal_i2c.c.obj
 .text.I2C_WaitOnFlagUntilTimeout
                0x080027ce       0x52 ../Drivers/CMakeFiles/driver.dir/STM32L4xx_HAL_Driver/Src/stm32l4xx_hal_i2c.c.obj
 .text.I2C_WaitOnSTOPFlagUntilTimeout
                0x08002820       0x50 ../Drivers/CMakeFiles/driver.dir/STM32L4xx_HAL_Driver/Src/stm32l4xx_hal_i2c.c.obj
 .text.I2C_WaitOnRXNEFlagUntilTimeout
                0x08002870       0x98 ../Drivers/CMakeFiles/driver.dir/STM32L4xx_HAL_Driver/Src/stm32l4xx_hal_i2c.c.obj
 .text.HAL_I2C_Init
                0x08002908       0xbc ../Drivers/CMakeFiles/driver.dir/STM32L4xx_HAL_Driver/Src/stm32l4xx_hal_i2c.c.obj
                0x08002908                HAL_I2C_Init
 .text.HAL_I2C_Master_Transmit
                0x080029c4      0x17c ../Drivers/CMakeFiles/driver.dir/STM32L4xx_HAL_Driver/Src/stm32l4xx_hal_i2c.c.obj
                0x080029c4                HAL_I2C_Master_Transmit
 .text.HAL_I2C_Master_Receive
                0x08002b40      0x17c ../Drivers/CMakeFiles/driver.dir/STM32L4xx_HAL_Driver/Src/stm32l4xx_hal_i2c.c.obj
                0x08002b40                HAL_I2C_Master_Receive
 .text.HAL_I2C_GetState
                0x08002cbc        0x6 ../Drivers/CMakeFiles/driver.dir/STM32L4xx_HAL_Driver/Src/stm32l4xx_hal_i2c.c.obj
                0x08002cbc                HAL_I2C_GetState
 .text.HAL_I2C_GetError
                0x08002cc2        0x4 ../Drivers/CMakeFiles/driver.dir/STM32L4xx_HAL_Driver/Src/stm32l4xx_hal_i2c.c.obj
                0x08002cc2                HAL_I2C_GetError
 .text.HAL_I2CEx_ConfigAnalogFilter
                0x08002cc6       0x5c ../Drivers/CMakeFiles/driver.dir/STM32L4xx_HAL_Driver/Src/stm32l4xx_hal_i2c_ex.c.obj
                0x08002cc6                HAL_I2CEx_ConfigAnalogFilter
 .text.HAL_I2CEx_ConfigDigitalFilter
                0x08002d22       0x58 ../Drivers/CMakeFiles/driver.dir/STM32L4xx_HAL_Driver/Src/stm32l4xx_hal_i2c_ex.c.obj
                0x08002d22                HAL_I2CEx_ConfigDigitalFilter
 *fill*         0x08002d7a        0x2 
 .text.RCC_SetFlashLatencyFromMSIRange
                0x08002d7c       0x90 ../Drivers/CMakeFiles/driver.dir/STM32L4xx_HAL_Driver/Src/stm32l4xx_hal_rcc.c.obj
 .text.HAL_RCC_GetSysClockFreq
                0x08002e0c       0xb4 ../Drivers/CMakeFiles/driver.dir/STM32L4xx_HAL_Driver/Src/stm32l4xx_hal_rcc.c.obj
                0x08002e0c                HAL_RCC_GetSysClockFreq
 .text.HAL_RCC_OscConfig
                0x08002ec0      0x63c ../Drivers/CMakeFiles/driver.dir/STM32L4xx_HAL_Driver/Src/stm32l4xx_hal_rcc.c.obj
                0x08002ec0                HAL_RCC_OscConfig
 .text.HAL_RCC_ClockConfig
                0x080034fc      0x158 ../Drivers/CMakeFiles/driver.dir/STM32L4xx_HAL_Driver/Src/stm32l4xx_hal_rcc.c.obj
                0x080034fc                HAL_RCC_ClockConfig
 .text.HAL_RCC_GetHCLKFreq
                0x08003654        0xc ../Drivers/CMakeFiles/driver.dir/STM32L4xx_HAL_Driver/Src/stm32l4xx_hal_rcc.c.obj
                0x08003654                HAL_RCC_GetHCLKFreq
 .text.HAL_RCC_GetPCLK1Freq
                0x08003660       0x24 ../Drivers/CMakeFiles/driver.dir/STM32L4xx_HAL_Driver/Src/stm32l4xx_hal_rcc.c.obj
                0x08003660                HAL_RCC_GetPCLK1Freq
 .text.HAL_RCC_GetPCLK2Freq
                0x08003684       0x24 ../Drivers/CMakeFiles/driver.dir/STM32L4xx_HAL_Driver/Src/stm32l4xx_hal_rcc.c.obj
                0x08003684                HAL_RCC_GetPCLK2Freq
 .text.RCCEx_PLLSAI1_Config
                0x080036a8      0x16c ../Drivers/CMakeFiles/driver.dir/STM32L4xx_HAL_Driver/Src/stm32l4xx_hal_rcc_ex.c.obj
 .text.HAL_RCCEx_PeriphCLKConfig
                0x08003814      0x360 ../Drivers/CMakeFiles/driver.dir/STM32L4xx_HAL_Driver/Src/stm32l4xx_hal_rcc_ex.c.obj
                0x08003814                HAL_RCCEx_PeriphCLKConfig
 .text.HAL_RCCEx_EnableMSIPLLMode
                0x08003b74       0x10 ../Drivers/CMakeFiles/driver.dir/STM32L4xx_HAL_Driver/Src/stm32l4xx_hal_rcc_ex.c.obj
                0x08003b74                HAL_RCCEx_EnableMSIPLLMode
 .text.HAL_GPIO_Init
                0x08003b84      0x194 ../Drivers/CMakeFiles/driver.dir/STM32L4xx_HAL_Driver/Src/stm32l4xx_hal_gpio.c.obj
                0x08003b84                HAL_GPIO_Init
 .text.HAL_GPIO_WritePin
                0x08003d18        0xa ../Drivers/CMakeFiles/driver.dir/STM32L4xx_HAL_Driver/Src/stm32l4xx_hal_gpio.c.obj
                0x08003d18                HAL_GPIO_WritePin
 *fill*         0x08003d22        0x2 
 .text.HAL_GPIO_EXTI_IRQHandler
                0x08003d24       0x1c ../Drivers/CMakeFiles/driver.dir/STM32L4xx_HAL_Driver/Src/stm32l4xx_hal_gpio.c.obj
                0x08003d24                HAL_GPIO_EXTI_IRQHandler
 .text.DMA_SetConfig
                0x08003d40       0x30 ../Drivers/CMakeFiles/driver.dir/STM32L4xx_HAL_Driver/Src/stm32l4xx_hal_dma.c.obj
 .text.HAL_DMA_Init
                0x08003d70       0xf8 ../Drivers/CMakeFiles/driver.dir/STM32L4xx_HAL_Driver/Src/stm32l4xx_hal_dma.c.obj
                0x08003d70                HAL_DMA_Init
 .text.HAL_DMA_Start_IT
                0x08003e68       0x76 ../Drivers/CMakeFiles/driver.dir/STM32L4xx_HAL_Driver/Src/stm32l4xx_hal_dma.c.obj
                0x08003e68                HAL_DMA_Start_IT
 .text.HAL_DMA_Abort
                0x08003ede       0x4a ../Drivers/CMakeFiles/driver.dir/STM32L4xx_HAL_Driver/Src/stm32l4xx_hal_dma.c.obj
                0x08003ede                HAL_DMA_Abort
 .text.HAL_DMA_Abort_IT
                0x08003f28       0x50 ../Drivers/CMakeFiles/driver.dir/STM32L4xx_HAL_Driver/Src/stm32l4xx_hal_dma.c.obj
                0x08003f28                HAL_DMA_Abort_IT
 .text.HAL_DMA_IRQHandler
                0x08003f78       0xc4 ../Drivers/CMakeFiles/driver.dir/STM32L4xx_HAL_Driver/Src/stm32l4xx_hal_dma.c.obj
                0x08003f78                HAL_DMA_IRQHandler
 .text.HAL_DMA_GetError
                0x0800403c        0x4 ../Drivers/CMakeFiles/driver.dir/STM32L4xx_HAL_Driver/Src/stm32l4xx_hal_dma.c.obj
                0x0800403c                HAL_DMA_GetError
 .text.HAL_PWR_EnableBkUpAccess
                0x08004040       0x10 ../Drivers/CMakeFiles/driver.dir/STM32L4xx_HAL_Driver/Src/stm32l4xx_hal_pwr.c.obj
                0x08004040                HAL_PWR_EnableBkUpAccess
 .text.HAL_PWREx_GetVoltageRange
                0x08004050       0x10 ../Drivers/CMakeFiles/driver.dir/STM32L4xx_HAL_Driver/Src/stm32l4xx_hal_pwr_ex.c.obj
                0x08004050                HAL_PWREx_GetVoltageRange
 .text.HAL_PWREx_ControlVoltageScaling
                0x08004060       0x90 ../Drivers/CMakeFiles/driver.dir/STM32L4xx_HAL_Driver/Src/stm32l4xx_hal_pwr_ex.c.obj
                0x08004060                HAL_PWREx_ControlVoltageScaling
 .text.HAL_NVIC_SetPriorityGrouping
                0x080040f0       0x24 ../Drivers/CMakeFiles/driver.dir/STM32L4xx_HAL_Driver/Src/stm32l4xx_hal_cortex.c.obj
                0x080040f0                HAL_NVIC_SetPriorityGrouping
 .text.HAL_NVIC_SetPriority
                0x08004114       0x68 ../Drivers/CMakeFiles/driver.dir/STM32L4xx_HAL_Driver/Src/stm32l4xx_hal_cortex.c.obj
                0x08004114                HAL_NVIC_SetPriority
 .text.HAL_NVIC_EnableIRQ
                0x0800417c       0x1c ../Drivers/CMakeFiles/driver.dir/STM32L4xx_HAL_Driver/Src/stm32l4xx_hal_cortex.c.obj
                0x0800417c                HAL_NVIC_EnableIRQ
 .text.HAL_SYSTICK_Config
                0x08004198       0x2c ../Drivers/CMakeFiles/driver.dir/STM32L4xx_HAL_Driver/Src/stm32l4xx_hal_cortex.c.obj
                0x08004198                HAL_SYSTICK_Config
 .text.HAL_SPI_Init
                0x080041c4       0xb0 ../Drivers/CMakeFiles/driver.dir/STM32L4xx_HAL_Driver/Src/stm32l4xx_hal_spi.c.obj
                0x080041c4                HAL_SPI_Init
 .text.Reset_Handler
                0x08004274       0x50 ../Drivers/CMakeFiles/driver.dir/__/startup_stm32l433xx.s.obj
                0x08004274                Reset_Handler
 .text.Default_Handler
                0x080042c4        0x2 ../Drivers/CMakeFiles/driver.dir/__/startup_stm32l433xx.s.obj
                0x080042c4                RTC_Alarm_IRQHandler
                0x080042c4                EXTI2_IRQHandler
                0x080042c4                TIM1_CC_IRQHandler
                0x080042c4                TSC_IRQHandler
                0x080042c4                TAMP_STAMP_IRQHandler
                0x080042c4                EXTI3_IRQHandler
                0x080042c4                LPTIM2_IRQHandler
                0x080042c4                I2C3_ER_IRQHandler
                0x080042c4                EXTI0_IRQHandler
                0x080042c4                I2C2_EV_IRQHandler
                0x080042c4                CAN1_RX0_IRQHandler
                0x080042c4                FPU_IRQHandler
                0x080042c4                TIM1_UP_TIM16_IRQHandler
                0x080042c4                SPI1_IRQHandler
                0x080042c4                TIM6_DAC_IRQHandler
                0x080042c4                DMA2_Channel2_IRQHandler
                0x080042c4                ADC1_IRQHandler
                0x080042c4                USART3_IRQHandler
                0x080042c4                DMA1_Channel7_IRQHandler
                0x080042c4                CAN1_RX1_IRQHandler
                0x080042c4                LCD_IRQHandler
                0x080042c4                DMA2_Channel1_IRQHandler
                0x080042c4                QUADSPI_IRQHandler
                0x080042c4                I2C1_EV_IRQHandler
                0x080042c4                DMA1_Channel6_IRQHandler
                0x080042c4                DMA2_Channel4_IRQHandler
                0x080042c4                RCC_IRQHandler
                0x080042c4                TIM1_TRG_COM_IRQHandler
                0x080042c4                DMA1_Channel1_IRQHandler
                0x080042c4                Default_Handler
                0x080042c4                DMA2_Channel7_IRQHandler
                0x080042c4                EXTI15_10_IRQHandler
                0x080042c4                TIM7_IRQHandler
                0x080042c4                SDMMC1_IRQHandler
                0x080042c4                I2C3_EV_IRQHandler
                0x080042c4                USB_IRQHandler
                0x080042c4                EXTI9_5_IRQHandler
                0x080042c4                RTC_WKUP_IRQHandler
                0x080042c4                PVD_PVM_IRQHandler
                0x080042c4                SPI2_IRQHandler
                0x080042c4                CAN1_TX_IRQHandler
                0x080042c4                DMA2_Channel5_IRQHandler
                0x080042c4                CRS_IRQHandler
                0x080042c4                RNG_IRQHandler
                0x080042c4                DMA1_Channel3_IRQHandler
                0x080042c4                COMP_IRQHandler
                0x080042c4                WWDG_IRQHandler
                0x080042c4                LPUART1_IRQHandler
                0x080042c4                DMA2_Channel6_IRQHandler
                0x080042c4                TIM2_IRQHandler
                0x080042c4                USART2_IRQHandler
                0x080042c4                I2C2_ER_IRQHandler
                0x080042c4                DMA1_Channel2_IRQHandler
                0x080042c4                CAN1_SCE_IRQHandler
                0x080042c4                FLASH_IRQHandler
                0x080042c4                SPI3_IRQHandler
                0x080042c4                I2C1_ER_IRQHandler
                0x080042c4                SWPMI1_IRQHandler
                0x080042c4                LPTIM1_IRQHandler
                0x080042c4                SAI1_IRQHandler
                0x080042c4                DMA2_Channel3_IRQHandler
                0x080042c4                TIM1_BRK_TIM15_IRQHandler
 .text.vListInitialise
                0x080042c6       0x16 ../Middlewares/CMakeFiles/rtos.dir/Third_Party/FreeRTOS/Source/list.c.obj
                0x080042c6                vListInitialise
 .text.vListInitialiseItem
                0x080042dc        0x6 ../Middlewares/CMakeFiles/rtos.dir/Third_Party/FreeRTOS/Source/list.c.obj
                0x080042dc                vListInitialiseItem
 .text.vListInsertEnd
                0x080042e2       0x18 ../Middlewares/CMakeFiles/rtos.dir/Third_Party/FreeRTOS/Source/list.c.obj
                0x080042e2                vListInsertEnd
 .text.vListInsert
                0x080042fa       0x34 ../Middlewares/CMakeFiles/rtos.dir/Third_Party/FreeRTOS/Source/list.c.obj
                0x080042fa                vListInsert
 .text.uxListRemove
                0x0800432e       0x28 ../Middlewares/CMakeFiles/rtos.dir/Third_Party/FreeRTOS/Source/list.c.obj
                0x0800432e                uxListRemove
 .text.prvIsQueueEmpty
                0x08004356       0x1a ../Middlewares/CMakeFiles/rtos.dir/Third_Party/FreeRTOS/Source/queue.c.obj
 .text.prvCopyDataToQueue
                0x08004370       0x76 ../Middlewares/CMakeFiles/rtos.dir/Third_Party/FreeRTOS/Source/queue.c.obj
 .text.prvCopyDataFromQueue
                0x080043e6       0x24 ../Middlewares/CMakeFiles/rtos.dir/Third_Party/FreeRTOS/Source/queue.c.obj
 .text.prvUnlockQueue
                0x0800440a       0x6e ../Middlewares/CMakeFiles/rtos.dir/Third_Party/FreeRTOS/Source/queue.c.obj
 .text.xQueueGenericReset
                0x08004478       0x84 ../Middlewares/CMakeFiles/rtos.dir/Third_Party/FreeRTOS/Source/queue.c.obj
                0x08004478                xQueueGenericReset
 .text.prvInitialiseNewQueue
                0x080044fc       0x1c ../Middlewares/CMakeFiles/rtos.dir/Third_Party/FreeRTOS/Source/queue.c.obj
 .text.xQueueGenericCreate
                0x08004518       0x4e ../Middlewares/CMakeFiles/rtos.dir/Third_Party/FreeRTOS/Source/queue.c.obj
                0x08004518                xQueueGenericCreate
 .text.xQueueGenericSendFromISR
                0x08004566       0xcc ../Middlewares/CMakeFiles/rtos.dir/Third_Party/FreeRTOS/Source/queue.c.obj
                0x08004566                xQueueGenericSendFromISR
 *fill*         0x08004632        0x2 
 .text.xQueueReceive
                0x08004634      0x158 ../Middlewares/CMakeFiles/rtos.dir/Third_Party/FreeRTOS/Source/queue.c.obj
                0x08004634                xQueueReceive
 .text.prvResetNextTaskUnblockTime
                0x0800478c       0x2c ../Middlewares/CMakeFiles/rtos.dir/Third_Party/FreeRTOS/Source/tasks.c.obj
 .text.prvInitialiseNewTask
                0x080047b8       0x80 ../Middlewares/CMakeFiles/rtos.dir/Third_Party/FreeRTOS/Source/tasks.c.obj
 .text.prvInitialiseTaskLists
                0x08004838       0x68 ../Middlewares/CMakeFiles/rtos.dir/Third_Party/FreeRTOS/Source/tasks.c.obj
 .text.prvAddNewTaskToReadyList
                0x080048a0       0xa8 ../Middlewares/CMakeFiles/rtos.dir/Third_Party/FreeRTOS/Source/tasks.c.obj
 .text.prvDeleteTCB
                0x08004948       0x38 ../Middlewares/CMakeFiles/rtos.dir/Third_Party/FreeRTOS/Source/tasks.c.obj
 .text.prvCheckTasksWaitingTermination
                0x08004980       0x4c ../Middlewares/CMakeFiles/rtos.dir/Third_Party/FreeRTOS/Source/tasks.c.obj
 .text.prvIdleTask
                0x080049cc       0x28 ../Middlewares/CMakeFiles/rtos.dir/Third_Party/FreeRTOS/Source/tasks.c.obj
 .text.prvAddCurrentTaskToDelayedList
                0x080049f4       0x98 ../Middlewares/CMakeFiles/rtos.dir/Third_Party/FreeRTOS/Source/tasks.c.obj
 .text.xTaskCreateStatic
                0x08004a8c       0x72 ../Middlewares/CMakeFiles/rtos.dir/Third_Party/FreeRTOS/Source/tasks.c.obj
                0x08004a8c                xTaskCreateStatic
 .text.xTaskCreate
                0x08004afe       0x66 ../Middlewares/CMakeFiles/rtos.dir/Third_Party/FreeRTOS/Source/tasks.c.obj
                0x08004afe                xTaskCreate
 .text.vTaskStartScheduler
                0x08004b64       0x6c ../Middlewares/CMakeFiles/rtos.dir/Third_Party/FreeRTOS/Source/tasks.c.obj
                0x08004b64                vTaskStartScheduler
 .text.vTaskSuspendAll
                0x08004bd0       0x10 ../Middlewares/CMakeFiles/rtos.dir/Third_Party/FreeRTOS/Source/tasks.c.obj
                0x08004bd0                vTaskSuspendAll
 .text.xTaskIncrementTick
                0x08004be0      0x118 ../Middlewares/CMakeFiles/rtos.dir/Third_Party/FreeRTOS/Source/tasks.c.obj
                0x08004be0                xTaskIncrementTick
 .text.xTaskResumeAll
                0x08004cf8       0xf4 ../Middlewares/CMakeFiles/rtos.dir/Third_Party/FreeRTOS/Source/tasks.c.obj
                0x08004cf8                xTaskResumeAll
 .text.vTaskDelay
                0x08004dec       0x4c ../Middlewares/CMakeFiles/rtos.dir/Third_Party/FreeRTOS/Source/tasks.c.obj
                0x08004dec                vTaskDelay
 .text.vTaskSwitchContext
                0x08004e38       0x98 ../Middlewares/CMakeFiles/rtos.dir/Third_Party/FreeRTOS/Source/tasks.c.obj
                0x08004e38                vTaskSwitchContext
 .text.vTaskPlaceOnEventList
                0x08004ed0       0x30 ../Middlewares/CMakeFiles/rtos.dir/Third_Party/FreeRTOS/Source/tasks.c.obj
                0x08004ed0                vTaskPlaceOnEventList
 .text.xTaskRemoveFromEventList
                0x08004f00       0x8c ../Middlewares/CMakeFiles/rtos.dir/Third_Party/FreeRTOS/Source/tasks.c.obj
                0x08004f00                xTaskRemoveFromEventList
 .text.vTaskInternalSetTimeOutState
                0x08004f8c       0x18 ../Middlewares/CMakeFiles/rtos.dir/Third_Party/FreeRTOS/Source/tasks.c.obj
                0x08004f8c                vTaskInternalSetTimeOutState
 .text.xTaskCheckForTimeOut
                0x08004fa4       0x80 ../Middlewares/CMakeFiles/rtos.dir/Third_Party/FreeRTOS/Source/tasks.c.obj
                0x08004fa4                xTaskCheckForTimeOut
 .text.vTaskMissedYield
                0x08005024        0xc ../Middlewares/CMakeFiles/rtos.dir/Third_Party/FreeRTOS/Source/tasks.c.obj
                0x08005024                vTaskMissedYield
 .text.xTaskGetSchedulerState
                0x08005030       0x20 ../Middlewares/CMakeFiles/rtos.dir/Third_Party/FreeRTOS/Source/tasks.c.obj
                0x08005030                xTaskGetSchedulerState
 .text.xTaskPriorityDisinherit
                0x08005050       0xb0 ../Middlewares/CMakeFiles/rtos.dir/Third_Party/FreeRTOS/Source/tasks.c.obj
                0x08005050                xTaskPriorityDisinherit
 .text.makeFreeRtosPriority
                0x08005100        0xc ../Middlewares/CMakeFiles/rtos.dir/Third_Party/FreeRTOS/Source/CMSIS_RTOS/cmsis_os.c.obj
 .text.osKernelStart
                0x0800510c        0xa ../Middlewares/CMakeFiles/rtos.dir/Third_Party/FreeRTOS/Source/CMSIS_RTOS/cmsis_os.c.obj
                0x0800510c                osKernelStart
 .text.osThreadCreate
                0x08005116       0x6c ../Middlewares/CMakeFiles/rtos.dir/Third_Party/FreeRTOS/Source/CMSIS_RTOS/cmsis_os.c.obj
                0x08005116                osThreadCreate
 .text.osDelay  0x08005182       0x12 ../Middlewares/CMakeFiles/rtos.dir/Third_Party/FreeRTOS/Source/CMSIS_RTOS/cmsis_os.c.obj
                0x08005182                osDelay
 .text.prvHeapInit
                0x08005194       0x68 ../Middlewares/CMakeFiles/rtos.dir/Third_Party/FreeRTOS/Source/portable/MemMang/heap_4.c.obj
 .text.prvInsertBlockIntoFreeList
                0x080051fc       0x58 ../Middlewares/CMakeFiles/rtos.dir/Third_Party/FreeRTOS/Source/portable/MemMang/heap_4.c.obj
 .text.pvPortMalloc
                0x08005254      0x108 ../Middlewares/CMakeFiles/rtos.dir/Third_Party/FreeRTOS/Source/portable/MemMang/heap_4.c.obj
                0x08005254                pvPortMalloc
 .text.vPortFree
                0x0800535c       0x70 ../Middlewares/CMakeFiles/rtos.dir/Third_Party/FreeRTOS/Source/portable/MemMang/heap_4.c.obj
                0x0800535c                vPortFree
 .text.prvTaskExitError
                0x080053cc       0x40 ../Middlewares/CMakeFiles/rtos.dir/Third_Party/FreeRTOS/Source/portable/GCC/ARM_CM4F/port.c.obj
 .text.prvPortStartFirstTask
                0x0800540c       0x28 ../Middlewares/CMakeFiles/rtos.dir/Third_Party/FreeRTOS/Source/portable/GCC/ARM_CM4F/port.c.obj
 .text.vPortEnableVFP
                0x08005434       0x14 ../Middlewares/CMakeFiles/rtos.dir/Third_Party/FreeRTOS/Source/portable/GCC/ARM_CM4F/port.c.obj
 .text.pxPortInitialiseStack
                0x08005448       0x2c ../Middlewares/CMakeFiles/rtos.dir/Third_Party/FreeRTOS/Source/portable/GCC/ARM_CM4F/port.c.obj
                0x08005448                pxPortInitialiseStack
 *fill*         0x08005474        0xc 
 .text.SVC_Handler
                0x08005480       0x24 ../Middlewares/CMakeFiles/rtos.dir/Third_Party/FreeRTOS/Source/portable/GCC/ARM_CM4F/port.c.obj
                0x08005480                SVC_Handler
 .text.vPortEnterCritical
                0x080054a4       0x44 ../Middlewares/CMakeFiles/rtos.dir/Third_Party/FreeRTOS/Source/portable/GCC/ARM_CM4F/port.c.obj
                0x080054a4                vPortEnterCritical
 .text.vPortExitCritical
                0x080054e8       0x2c ../Middlewares/CMakeFiles/rtos.dir/Third_Party/FreeRTOS/Source/portable/GCC/ARM_CM4F/port.c.obj
                0x080054e8                vPortExitCritical
 *fill*         0x08005514        0xc 
 .text.PendSV_Handler
                0x08005520       0x64 ../Middlewares/CMakeFiles/rtos.dir/Third_Party/FreeRTOS/Source/portable/GCC/ARM_CM4F/port.c.obj
                0x08005520                PendSV_Handler
 .text.xPortSysTickHandler
                0x08005584       0x2c ../Middlewares/CMakeFiles/rtos.dir/Third_Party/FreeRTOS/Source/portable/GCC/ARM_CM4F/port.c.obj
                0x08005584                xPortSysTickHandler
 .text.vPortSetupTimerInterrupt
                0x080055b0       0x38 ../Middlewares/CMakeFiles/rtos.dir/Third_Party/FreeRTOS/Source/portable/GCC/ARM_CM4F/port.c.obj
                0x080055b0                vPortSetupTimerInterrupt
 .text.xPortStartScheduler
                0x080055e8      0x110 ../Middlewares/CMakeFiles/rtos.dir/Third_Party/FreeRTOS/Source/portable/GCC/ARM_CM4F/port.c.obj
                0x080055e8                xPortStartScheduler
 .text.vPortValidateInterruptPriority
                0x080056f8       0x5c ../Middlewares/CMakeFiles/rtos.dir/Third_Party/FreeRTOS/Source/portable/GCC/ARM_CM4F/port.c.obj
                0x080056f8                vPortValidateInterruptPriority
 .text.__libc_init_array
                0x08005754       0x48 d:/software/gcc-arm-none-eabi-7-2017-q4-major-win32/bin/../lib/gcc/arm-none-eabi/7.2.1/../../../../arm-none-eabi/lib/thumb/v7e-m/fpv4-sp/hard\libg_nano.a(lib_a-init.o)
                0x08005754                __libc_init_array
 .text.memcpy   0x0800579c       0x16 d:/software/gcc-arm-none-eabi-7-2017-q4-major-win32/bin/../lib/gcc/arm-none-eabi/7.2.1/../../../../arm-none-eabi/lib/thumb/v7e-m/fpv4-sp/hard\libg_nano.a(lib_a-memcpy-stub.o)
                0x0800579c                memcpy
 .text.memset   0x080057b2       0x10 d:/software/gcc-arm-none-eabi-7-2017-q4-major-win32/bin/../lib/gcc/arm-none-eabi/7.2.1/../../../../arm-none-eabi/lib/thumb/v7e-m/fpv4-sp/hard\libg_nano.a(lib_a-memset.o)
                0x080057b2                memset
 *fill*         0x080057c2        0x2 
 .text.printf   0x080057c4       0x30 d:/software/gcc-arm-none-eabi-7-2017-q4-major-win32/bin/../lib/gcc/arm-none-eabi/7.2.1/../../../../arm-none-eabi/lib/thumb/v7e-m/fpv4-sp/hard\libg_nano.a(lib_a-printf.o)
                0x080057c4                iprintf
                0x080057c4                printf
 .text.snprintf
                0x080057f4       0x68 d:/software/gcc-arm-none-eabi-7-2017-q4-major-win32/bin/../lib/gcc/arm-none-eabi/7.2.1/../../../../arm-none-eabi/lib/thumb/v7e-m/fpv4-sp/hard\libg_nano.a(lib_a-snprintf.o)
                0x080057f4                sniprintf
                0x080057f4                snprintf
 .text.sprintf  0x0800585c       0x40 d:/software/gcc-arm-none-eabi-7-2017-q4-major-win32/bin/../lib/gcc/arm-none-eabi/7.2.1/../../../../arm-none-eabi/lib/thumb/v7e-m/fpv4-sp/hard\libg_nano.a(lib_a-sprintf.o)
                0x0800585c                siprintf
                0x0800585c                sprintf
 .text.__sread  0x0800589c       0x22 d:/software/gcc-arm-none-eabi-7-2017-q4-major-win32/bin/../lib/gcc/arm-none-eabi/7.2.1/../../../../arm-none-eabi/lib/thumb/v7e-m/fpv4-sp/hard\libg_nano.a(lib_a-stdio.o)
                0x0800589c                __sread
 .text.__swrite
                0x080058be       0x38 d:/software/gcc-arm-none-eabi-7-2017-q4-major-win32/bin/../lib/gcc/arm-none-eabi/7.2.1/../../../../arm-none-eabi/lib/thumb/v7e-m/fpv4-sp/hard\libg_nano.a(lib_a-stdio.o)
                0x080058be                __swrite
 .text.__sseek  0x080058f6       0x24 d:/software/gcc-arm-none-eabi-7-2017-q4-major-win32/bin/../lib/gcc/arm-none-eabi/7.2.1/../../../../arm-none-eabi/lib/thumb/v7e-m/fpv4-sp/hard\libg_nano.a(lib_a-stdio.o)
                0x080058f6                __sseek
 .text.__sclose
                0x0800591a        0x8 d:/software/gcc-arm-none-eabi-7-2017-q4-major-win32/bin/../lib/gcc/arm-none-eabi/7.2.1/../../../../arm-none-eabi/lib/thumb/v7e-m/fpv4-sp/hard\libg_nano.a(lib_a-stdio.o)
                0x0800591a                __sclose
 .text.strncmp  0x08005922       0x24 d:/software/gcc-arm-none-eabi-7-2017-q4-major-win32/bin/../lib/gcc/arm-none-eabi/7.2.1/../../../../arm-none-eabi/lib/thumb/v7e-m/fpv4-sp/hard\libg_nano.a(lib_a-strncmp.o)
                0x08005922                strncmp
 .text.strstr   0x08005946       0x34 d:/software/gcc-arm-none-eabi-7-2017-q4-major-win32/bin/../lib/gcc/arm-none-eabi/7.2.1/../../../../arm-none-eabi/lib/thumb/v7e-m/fpv4-sp/hard\libg_nano.a(lib_a-strstr.o)
                0x08005946                strstr
 *fill*         0x0800597a        0x2 
 .text.strtok   0x0800597c       0x54 d:/software/gcc-arm-none-eabi-7-2017-q4-major-win32/bin/../lib/gcc/arm-none-eabi/7.2.1/../../../../arm-none-eabi/lib/thumb/v7e-m/fpv4-sp/hard\libg_nano.a(lib_a-strtok.o)
                0x0800597c                strtok
 .text.__strtok_r
                0x080059d0       0x54 d:/software/gcc-arm-none-eabi-7-2017-q4-major-win32/bin/../lib/gcc/arm-none-eabi/7.2.1/../../../../arm-none-eabi/lib/thumb/v7e-m/fpv4-sp/hard\libg_nano.a(lib_a-strtok_r.o)
                0x080059d0                __strtok_r
 .text._strtol_l.isra.0
                0x08005a24       0xf6 d:/software/gcc-arm-none-eabi-7-2017-q4-major-win32/bin/../lib/gcc/arm-none-eabi/7.2.1/../../../../arm-none-eabi/lib/thumb/v7e-m/fpv4-sp/hard\libg_nano.a(lib_a-strtol.o)
 *fill*         0x08005b1a        0x2 
 .text.strtol   0x08005b1c       0x2c d:/software/gcc-arm-none-eabi-7-2017-q4-major-win32/bin/../lib/gcc/arm-none-eabi/7.2.1/../../../../arm-none-eabi/lib/thumb/v7e-m/fpv4-sp/hard\libg_nano.a(lib_a-strtol.o)
                0x08005b1c                strtol
 .text._write_r
                0x08005b48       0x24 d:/software/gcc-arm-none-eabi-7-2017-q4-major-win32/bin/../lib/gcc/arm-none-eabi/7.2.1/../../../../arm-none-eabi/lib/thumb/v7e-m/fpv4-sp/hard\libg_nano.a(lib_a-writer.o)
                0x08005b48                _write_r
 .text._close_r
                0x08005b6c       0x20 d:/software/gcc-arm-none-eabi-7-2017-q4-major-win32/bin/../lib/gcc/arm-none-eabi/7.2.1/../../../../arm-none-eabi/lib/thumb/v7e-m/fpv4-sp/hard\libg_nano.a(lib_a-closer.o)
                0x08005b6c                _close_r
 .text.std      0x08005b8c       0x48 d:/software/gcc-arm-none-eabi-7-2017-q4-major-win32/bin/../lib/gcc/arm-none-eabi/7.2.1/../../../../arm-none-eabi/lib/thumb/v7e-m/fpv4-sp/hard\libg_nano.a(lib_a-findfp.o)
 .text._cleanup_r
                0x08005bd4        0xc d:/software/gcc-arm-none-eabi-7-2017-q4-major-win32/bin/../lib/gcc/arm-none-eabi/7.2.1/../../../../arm-none-eabi/lib/thumb/v7e-m/fpv4-sp/hard\libg_nano.a(lib_a-findfp.o)
                0x08005bd4                _cleanup_r
 .text.__sfmoreglue
                0x08005be0       0x2c d:/software/gcc-arm-none-eabi-7-2017-q4-major-win32/bin/../lib/gcc/arm-none-eabi/7.2.1/../../../../arm-none-eabi/lib/thumb/v7e-m/fpv4-sp/hard\libg_nano.a(lib_a-findfp.o)
                0x08005be0                __sfmoreglue
 .text.__sinit  0x08005c0c       0x60 d:/software/gcc-arm-none-eabi-7-2017-q4-major-win32/bin/../lib/gcc/arm-none-eabi/7.2.1/../../../../arm-none-eabi/lib/thumb/v7e-m/fpv4-sp/hard\libg_nano.a(lib_a-findfp.o)
                0x08005c0c                __sinit
 .text.__sfp    0x08005c6c       0x78 d:/software/gcc-arm-none-eabi-7-2017-q4-major-win32/bin/../lib/gcc/arm-none-eabi/7.2.1/../../../../arm-none-eabi/lib/thumb/v7e-m/fpv4-sp/hard\libg_nano.a(lib_a-findfp.o)
                0x08005c6c                __sfp
 .text._fwalk_reent
                0x08005ce4       0x3c d:/software/gcc-arm-none-eabi-7-2017-q4-major-win32/bin/../lib/gcc/arm-none-eabi/7.2.1/../../../../arm-none-eabi/lib/thumb/v7e-m/fpv4-sp/hard\libg_nano.a(lib_a-fwalk.o)
                0x08005ce4                _fwalk_reent
 .text.__locale_ctype_ptr_l
                0x08005d20        0x6 d:/software/gcc-arm-none-eabi-7-2017-q4-major-win32/bin/../lib/gcc/arm-none-eabi/7.2.1/../../../../arm-none-eabi/lib/thumb/v7e-m/fpv4-sp/hard\libg_nano.a(lib_a-locale.o)
                0x08005d20                __locale_ctype_ptr_l
 *fill*         0x08005d26        0x2 
 .text._lseek_r
                0x08005d28       0x24 d:/software/gcc-arm-none-eabi-7-2017-q4-major-win32/bin/../lib/gcc/arm-none-eabi/7.2.1/../../../../arm-none-eabi/lib/thumb/v7e-m/fpv4-sp/hard\libg_nano.a(lib_a-lseekr.o)
                0x08005d28                _lseek_r
 .text.malloc   0x08005d4c       0x10 d:/software/gcc-arm-none-eabi-7-2017-q4-major-win32/bin/../lib/gcc/arm-none-eabi/7.2.1/../../../../arm-none-eabi/lib/thumb/v7e-m/fpv4-sp/hard\libg_nano.a(lib_a-malloc.o)
                0x08005d4c                malloc
 .text.__ascii_mbtowc
                0x08005d5c       0x24 d:/software/gcc-arm-none-eabi-7-2017-q4-major-win32/bin/../lib/gcc/arm-none-eabi/7.2.1/../../../../arm-none-eabi/lib/thumb/v7e-m/fpv4-sp/hard\libg_nano.a(lib_a-mbtowc_r.o)
                0x08005d5c                __ascii_mbtowc
 .text._free_r  0x08005d80       0x9c d:/software/gcc-arm-none-eabi-7-2017-q4-major-win32/bin/../lib/gcc/arm-none-eabi/7.2.1/../../../../arm-none-eabi/lib/thumb/v7e-m/fpv4-sp/hard\libg_nano.a(lib_a-nano-freer.o)
                0x08005d80                _free_r
 .text._malloc_r
                0x08005e1c       0xb4 d:/software/gcc-arm-none-eabi-7-2017-q4-major-win32/bin/../lib/gcc/arm-none-eabi/7.2.1/../../../../arm-none-eabi/lib/thumb/v7e-m/fpv4-sp/hard\libg_nano.a(lib_a-nano-mallocr.o)
                0x08005e1c                _malloc_r
 .text.__ssputs_r
                0x08005ed0       0xb4 d:/software/gcc-arm-none-eabi-7-2017-q4-major-win32/bin/../lib/gcc/arm-none-eabi/7.2.1/../../../../arm-none-eabi/lib/thumb/v7e-m/fpv4-sp/hard\libg_nano.a(lib_a-nano-svfprintf.o)
                0x08005ed0                __ssputs_r
 .text._svfprintf_r
                0x08005f84      0x1ec d:/software/gcc-arm-none-eabi-7-2017-q4-major-win32/bin/../lib/gcc/arm-none-eabi/7.2.1/../../../../arm-none-eabi/lib/thumb/v7e-m/fpv4-sp/hard\libg_nano.a(lib_a-nano-svfprintf.o)
                0x08005f84                _svfiprintf_r
                0x08005f84                _svfprintf_r
 .text.__sfputc_r
                0x08006170       0x2e d:/software/gcc-arm-none-eabi-7-2017-q4-major-win32/bin/../lib/gcc/arm-none-eabi/7.2.1/../../../../arm-none-eabi/lib/thumb/v7e-m/fpv4-sp/hard\libg_nano.a(lib_a-nano-vfprintf.o)
 .text.__sfputs_r
                0x0800619e       0x24 d:/software/gcc-arm-none-eabi-7-2017-q4-major-win32/bin/../lib/gcc/arm-none-eabi/7.2.1/../../../../arm-none-eabi/lib/thumb/v7e-m/fpv4-sp/hard\libg_nano.a(lib_a-nano-vfprintf.o)
                0x0800619e                __sfputs_r
 *fill*         0x080061c2        0x2 
 .text._vfprintf_r
                0x080061c4      0x228 d:/software/gcc-arm-none-eabi-7-2017-q4-major-win32/bin/../lib/gcc/arm-none-eabi/7.2.1/../../../../arm-none-eabi/lib/thumb/v7e-m/fpv4-sp/hard\libg_nano.a(lib_a-nano-vfprintf.o)
                0x080061c4                _vfprintf_r
                0x080061c4                _vfiprintf_r
 .text._printf_common
                0x080063ec       0xea d:/software/gcc-arm-none-eabi-7-2017-q4-major-win32/bin/../lib/gcc/arm-none-eabi/7.2.1/../../../../arm-none-eabi/lib/thumb/v7e-m/fpv4-sp/hard\libg_nano.a(lib_a-nano-vfprintf_i.o)
                0x080063ec                _printf_common
 *fill*         0x080064d6        0x2 
 .text._printf_i
                0x080064d8      0x224 d:/software/gcc-arm-none-eabi-7-2017-q4-major-win32/bin/../lib/gcc/arm-none-eabi/7.2.1/../../../../arm-none-eabi/lib/thumb/v7e-m/fpv4-sp/hard\libg_nano.a(lib_a-nano-vfprintf_i.o)
                0x080064d8                _printf_i
 .text._read_r  0x080066fc       0x24 d:/software/gcc-arm-none-eabi-7-2017-q4-major-win32/bin/../lib/gcc/arm-none-eabi/7.2.1/../../../../arm-none-eabi/lib/thumb/v7e-m/fpv4-sp/hard\libg_nano.a(lib_a-readr.o)
                0x080066fc                _read_r
 .text._sbrk_r  0x08006720       0x20 d:/software/gcc-arm-none-eabi-7-2017-q4-major-win32/bin/../lib/gcc/arm-none-eabi/7.2.1/../../../../arm-none-eabi/lib/thumb/v7e-m/fpv4-sp/hard\libg_nano.a(lib_a-sbrkr.o)
                0x08006720                _sbrk_r
 .text.__swbuf_r
                0x08006740       0xa4 d:/software/gcc-arm-none-eabi-7-2017-q4-major-win32/bin/../lib/gcc/arm-none-eabi/7.2.1/../../../../arm-none-eabi/lib/thumb/v7e-m/fpv4-sp/hard\libg_nano.a(lib_a-wbuf.o)
                0x08006740                __swbuf_r
 .text.__ascii_wctomb
                0x080067e4       0x1a d:/software/gcc-arm-none-eabi-7-2017-q4-major-win32/bin/../lib/gcc/arm-none-eabi/7.2.1/../../../../arm-none-eabi/lib/thumb/v7e-m/fpv4-sp/hard\libg_nano.a(lib_a-wctomb_r.o)
                0x080067e4                __ascii_wctomb
 *fill*         0x080067fe        0x2 
 .text.__swsetup_r
                0x08006800       0xdc d:/software/gcc-arm-none-eabi-7-2017-q4-major-win32/bin/../lib/gcc/arm-none-eabi/7.2.1/../../../../arm-none-eabi/lib/thumb/v7e-m/fpv4-sp/hard\libg_nano.a(lib_a-wsetup.o)
                0x08006800                __swsetup_r
 .text.__sflush_r
                0x080068dc      0x10c d:/software/gcc-arm-none-eabi-7-2017-q4-major-win32/bin/../lib/gcc/arm-none-eabi/7.2.1/../../../../arm-none-eabi/lib/thumb/v7e-m/fpv4-sp/hard\libg_nano.a(lib_a-fflush.o)
                0x080068dc                __sflush_r
 .text._fflush_r
                0x080069e8       0x54 d:/software/gcc-arm-none-eabi-7-2017-q4-major-win32/bin/../lib/gcc/arm-none-eabi/7.2.1/../../../../arm-none-eabi/lib/thumb/v7e-m/fpv4-sp/hard\libg_nano.a(lib_a-fflush.o)
                0x080069e8                _fflush_r
 .text.__swhatbuf_r
                0x08006a3c       0x48 d:/software/gcc-arm-none-eabi-7-2017-q4-major-win32/bin/../lib/gcc/arm-none-eabi/7.2.1/../../../../arm-none-eabi/lib/thumb/v7e-m/fpv4-sp/hard\libg_nano.a(lib_a-makebuf.o)
                0x08006a3c                __swhatbuf_r
 .text.__smakebuf_r
                0x08006a84       0x80 d:/software/gcc-arm-none-eabi-7-2017-q4-major-win32/bin/../lib/gcc/arm-none-eabi/7.2.1/../../../../arm-none-eabi/lib/thumb/v7e-m/fpv4-sp/hard\libg_nano.a(lib_a-makebuf.o)
                0x08006a84                __smakebuf_r
 .text.memmove  0x08006b04       0x32 d:/software/gcc-arm-none-eabi-7-2017-q4-major-win32/bin/../lib/gcc/arm-none-eabi/7.2.1/../../../../arm-none-eabi/lib/thumb/v7e-m/fpv4-sp/hard\libg_nano.a(lib_a-memmove.o)
                0x08006b04                memmove
 .text.__malloc_lock
                0x08006b36        0x2 d:/software/gcc-arm-none-eabi-7-2017-q4-major-win32/bin/../lib/gcc/arm-none-eabi/7.2.1/../../../../arm-none-eabi/lib/thumb/v7e-m/fpv4-sp/hard\libg_nano.a(lib_a-mlock.o)
                0x08006b36                __malloc_lock
 .text.__malloc_unlock
                0x08006b38        0x2 d:/software/gcc-arm-none-eabi-7-2017-q4-major-win32/bin/../lib/gcc/arm-none-eabi/7.2.1/../../../../arm-none-eabi/lib/thumb/v7e-m/fpv4-sp/hard\libg_nano.a(lib_a-mlock.o)
                0x08006b38                __malloc_unlock
 .text._realloc_r
                0x08006b3a       0x4c d:/software/gcc-arm-none-eabi-7-2017-q4-major-win32/bin/../lib/gcc/arm-none-eabi/7.2.1/../../../../arm-none-eabi/lib/thumb/v7e-m/fpv4-sp/hard\libg_nano.a(lib_a-nano-reallocr.o)
                0x08006b3a                _realloc_r
 *fill*         0x08006b86        0x2 
 .text._fstat_r
                0x08006b88       0x24 d:/software/gcc-arm-none-eabi-7-2017-q4-major-win32/bin/../lib/gcc/arm-none-eabi/7.2.1/../../../../arm-none-eabi/lib/thumb/v7e-m/fpv4-sp/hard\libg_nano.a(lib_a-fstatr.o)
                0x08006b88                _fstat_r
 .text._isatty_r
                0x08006bac       0x20 d:/software/gcc-arm-none-eabi-7-2017-q4-major-win32/bin/../lib/gcc/arm-none-eabi/7.2.1/../../../../arm-none-eabi/lib/thumb/v7e-m/fpv4-sp/hard\libg_nano.a(lib_a-isattyr.o)
                0x08006bac                _isatty_r
 .text._malloc_usable_size_r
                0x08006bcc       0x10 d:/software/gcc-arm-none-eabi-7-2017-q4-major-win32/bin/../lib/gcc/arm-none-eabi/7.2.1/../../../../arm-none-eabi/lib/thumb/v7e-m/fpv4-sp/hard\libg_nano.a(lib_a-nano-msizer.o)
                0x08006bcc                _malloc_usable_size_r
 .text._close   0x08006bdc       0x10 d:/software/gcc-arm-none-eabi-7-2017-q4-major-win32/bin/../lib/gcc/arm-none-eabi/7.2.1/../../../../arm-none-eabi/lib/thumb/v7e-m/fpv4-sp/hard\libnosys.a(close.o)
                0x08006bdc                _close
 .text._fstat   0x08006bec       0x10 d:/software/gcc-arm-none-eabi-7-2017-q4-major-win32/bin/../lib/gcc/arm-none-eabi/7.2.1/../../../../arm-none-eabi/lib/thumb/v7e-m/fpv4-sp/hard\libnosys.a(fstat.o)
                0x08006bec                _fstat
 .text._isatty  0x08006bfc       0x10 d:/software/gcc-arm-none-eabi-7-2017-q4-major-win32/bin/../lib/gcc/arm-none-eabi/7.2.1/../../../../arm-none-eabi/lib/thumb/v7e-m/fpv4-sp/hard\libnosys.a(isatty.o)
                0x08006bfc                _isatty
 .text._lseek   0x08006c0c       0x10 d:/software/gcc-arm-none-eabi-7-2017-q4-major-win32/bin/../lib/gcc/arm-none-eabi/7.2.1/../../../../arm-none-eabi/lib/thumb/v7e-m/fpv4-sp/hard\libnosys.a(lseek.o)
                0x08006c0c                _lseek
 .text._read    0x08006c1c       0x10 d:/software/gcc-arm-none-eabi-7-2017-q4-major-win32/bin/../lib/gcc/arm-none-eabi/7.2.1/../../../../arm-none-eabi/lib/thumb/v7e-m/fpv4-sp/hard\libnosys.a(read.o)
                0x08006c1c                _read
 .text._sbrk    0x08006c2c       0x1c d:/software/gcc-arm-none-eabi-7-2017-q4-major-win32/bin/../lib/gcc/arm-none-eabi/7.2.1/../../../../arm-none-eabi/lib/thumb/v7e-m/fpv4-sp/hard\libnosys.a(sbrk.o)
                0x08006c2c                _sbrk
 *(.glue_7)
 .glue_7        0x08006c48        0x0 linker stubs
 *(.glue_7t)
 .glue_7t       0x08006c48        0x0 linker stubs
 *(.eh_frame)
 .eh_frame      0x08006c48        0x0 d:/software/gcc-arm-none-eabi-7-2017-q4-major-win32/bin/../lib/gcc/arm-none-eabi/7.2.1/thumb/v7e-m/fpv4-sp/hard/crtbegin.o
 *(.init)
 .init          0x08006c48        0x4 d:/software/gcc-arm-none-eabi-7-2017-q4-major-win32/bin/../lib/gcc/arm-none-eabi/7.2.1/thumb/v7e-m/fpv4-sp/hard/crti.o
                0x08006c48                _init
 .init          0x08006c4c        0x8 d:/software/gcc-arm-none-eabi-7-2017-q4-major-win32/bin/../lib/gcc/arm-none-eabi/7.2.1/thumb/v7e-m/fpv4-sp/hard/crtn.o
 *(.fini)
 .fini          0x08006c54        0x4 d:/software/gcc-arm-none-eabi-7-2017-q4-major-win32/bin/../lib/gcc/arm-none-eabi/7.2.1/thumb/v7e-m/fpv4-sp/hard/crti.o
                0x08006c54                _fini
 .fini          0x08006c58        0x8 d:/software/gcc-arm-none-eabi-7-2017-q4-major-win32/bin/../lib/gcc/arm-none-eabi/7.2.1/thumb/v7e-m/fpv4-sp/hard/crtn.o
                0x08006c60                . = ALIGN (0x8)
                0x08006c60                _etext = .

.vfp11_veneer   0x08006c60        0x0
 .vfp11_veneer  0x08006c60        0x0 linker stubs

.v4_bx          0x08006c60        0x0
 .v4_bx         0x08006c60        0x0 linker stubs

.iplt           0x08006c60        0x0
 .iplt          0x08006c60        0x0 d:/software/gcc-arm-none-eabi-7-2017-q4-major-win32/bin/../lib/gcc/arm-none-eabi/7.2.1/thumb/v7e-m/fpv4-sp/hard/crtfastmath.o

.rodata         0x08006c60      0x390
                0x08006c60                . = ALIGN (0x8)
 *(.rodata)
 .rodata        0x08006c60       0x38 CMakeFiles/L20.dir/freertos.c.obj
 *(.rodata*)
 .rodata.QMA6981Init.str1.4
                0x08006c98       0x30 CMakeFiles/L20.dir/QMA6981.c.obj
 .rodata.at_freq_cmove.str1.4
                0x08006cc8        0x9 CMakeFiles/L20.dir/at_cmd.c.obj
 *fill*         0x08006cd1        0x3 
 .rodata.g_at_cmd_list
                0x08006cd4       0x64 CMakeFiles/L20.dir/at_cmd.c.obj
 .rodata.lorawan_at_process.str1.4
                0x08006d38       0x59 CMakeFiles/L20.dir/at_cmd.c.obj
                                 0x61 (size before relaxing)
 *fill*         0x08006d91        0x3 
 .rodata.str1.4
                0x08006d94       0x29 CMakeFiles/L20.dir/at_cmd.c.obj
 *fill*         0x08006dbd        0x3 
 .rodata.HAL_GPIO_EXTI_Callback.str1.4
                0x08006dc0       0x12 CMakeFiles/L20.dir/bsp_uart.c.obj
 *fill*         0x08006dd2        0x2 
 .rodata.qma6981_task.str1.4
                0x08006dd4        0xf CMakeFiles/L20.dir/freertos.c.obj
 *fill*         0x08006de3        0x1 
 .rodata.str1.4
                0x08006de4       0x14 CMakeFiles/L20.dir/freertos.c.obj
 .rodata.AHBPrescTable
                0x08006df8       0x10 CMakeFiles/L20.dir/system_stm32l4xx.c.obj
                0x08006df8                AHBPrescTable
 .rodata.APBPrescTable
                0x08006e08        0x8 CMakeFiles/L20.dir/system_stm32l4xx.c.obj
                0x08006e08                APBPrescTable
 .rodata.MSIRangeTable
                0x08006e10       0x30 CMakeFiles/L20.dir/system_stm32l4xx.c.obj
                0x08006e10                MSIRangeTable
 .rodata.vTaskStartScheduler.str1.4
                0x08006e40        0x8 ../Middlewares/CMakeFiles/rtos.dir/Third_Party/FreeRTOS/Source/tasks.c.obj
                                  0x5 (size before relaxing)
 .rodata._global_impure_ptr
                0x08006e48        0x4 d:/software/gcc-arm-none-eabi-7-2017-q4-major-win32/bin/../lib/gcc/arm-none-eabi/7.2.1/../../../../arm-none-eabi/lib/thumb/v7e-m/fpv4-sp/hard\libg_nano.a(lib_a-impure.o)
                0x08006e48                _global_impure_ptr
 .rodata.__sf_fake_stderr
                0x08006e4c       0x20 d:/software/gcc-arm-none-eabi-7-2017-q4-major-win32/bin/../lib/gcc/arm-none-eabi/7.2.1/../../../../arm-none-eabi/lib/thumb/v7e-m/fpv4-sp/hard\libg_nano.a(lib_a-findfp.o)
                0x08006e4c                __sf_fake_stderr
 .rodata.__sf_fake_stdin
                0x08006e6c       0x20 d:/software/gcc-arm-none-eabi-7-2017-q4-major-win32/bin/../lib/gcc/arm-none-eabi/7.2.1/../../../../arm-none-eabi/lib/thumb/v7e-m/fpv4-sp/hard\libg_nano.a(lib_a-findfp.o)
                0x08006e6c                __sf_fake_stdin
 .rodata.__sf_fake_stdout
                0x08006e8c       0x20 d:/software/gcc-arm-none-eabi-7-2017-q4-major-win32/bin/../lib/gcc/arm-none-eabi/7.2.1/../../../../arm-none-eabi/lib/thumb/v7e-m/fpv4-sp/hard\libg_nano.a(lib_a-findfp.o)
                0x08006e8c                __sf_fake_stdout
 .rodata._setlocale_r.str1.1
                0x08006eac        0x8 d:/software/gcc-arm-none-eabi-7-2017-q4-major-win32/bin/../lib/gcc/arm-none-eabi/7.2.1/../../../../arm-none-eabi/lib/thumb/v7e-m/fpv4-sp/hard\libg_nano.a(lib_a-locale.o)
                                  0x9 (size before relaxing)
 .rodata.str1.1
                0x08006eb4        0x2 d:/software/gcc-arm-none-eabi-7-2017-q4-major-win32/bin/../lib/gcc/arm-none-eabi/7.2.1/../../../../arm-none-eabi/lib/thumb/v7e-m/fpv4-sp/hard\libg_nano.a(lib_a-locale.o)
 .rodata._svfprintf_r.str1.1
                0x08006eb6       0x11 d:/software/gcc-arm-none-eabi-7-2017-q4-major-win32/bin/../lib/gcc/arm-none-eabi/7.2.1/../../../../arm-none-eabi/lib/thumb/v7e-m/fpv4-sp/hard\libg_nano.a(lib_a-nano-svfprintf.o)
 .rodata._vfprintf_r.str1.1
                0x08006ec7       0x11 d:/software/gcc-arm-none-eabi-7-2017-q4-major-win32/bin/../lib/gcc/arm-none-eabi/7.2.1/../../../../arm-none-eabi/lib/thumb/v7e-m/fpv4-sp/hard\libg_nano.a(lib_a-nano-vfprintf.o)
 .rodata._printf_i.str1.1
                0x08006ec7       0x22 d:/software/gcc-arm-none-eabi-7-2017-q4-major-win32/bin/../lib/gcc/arm-none-eabi/7.2.1/../../../../arm-none-eabi/lib/thumb/v7e-m/fpv4-sp/hard\libg_nano.a(lib_a-nano-vfprintf_i.o)
 .rodata._ctype_
                0x08006ee9      0x101 d:/software/gcc-arm-none-eabi-7-2017-q4-major-win32/bin/../lib/gcc/arm-none-eabi/7.2.1/../../../../arm-none-eabi/lib/thumb/v7e-m/fpv4-sp/hard\libg_nano.a(lib_a-ctype_.o)
                0x08006ee9                _ctype_
                0x08006ff0                . = ALIGN (0x8)
 *fill*         0x08006fea        0x6 

.ARM.extab      0x08006ff0        0x0
                0x08006ff0                . = ALIGN (0x8)
 *(.ARM.extab* .gnu.linkonce.armextab.*)
                0x08006ff0                . = ALIGN (0x8)

.ARM            0x08006ff0        0x8
                0x08006ff0                . = ALIGN (0x8)
                0x08006ff0                __exidx_start = .
 *(.ARM.exidx*)
 .ARM.exidx     0x08006ff0        0x8 d:/software/gcc-arm-none-eabi-7-2017-q4-major-win32/bin/../lib/gcc/arm-none-eabi/7.2.1/thumb/v7e-m/fpv4-sp/hard\libgcc.a(_udivmoddi4.o)
                0x08006ff8                __exidx_end = .
                0x08006ff8                . = ALIGN (0x8)

.rel.dyn        0x08006ff8        0x0
 .rel.iplt      0x08006ff8        0x0 d:/software/gcc-arm-none-eabi-7-2017-q4-major-win32/bin/../lib/gcc/arm-none-eabi/7.2.1/thumb/v7e-m/fpv4-sp/hard/crtfastmath.o

.preinit_array  0x08006ff8        0x0
                0x08006ff8                . = ALIGN (0x8)
                0x08006ff8                PROVIDE (__preinit_array_start, .)
 *(.preinit_array*)
                0x08006ff8                PROVIDE (__preinit_array_end, .)
                0x08006ff8                . = ALIGN (0x8)

.init_array     0x08006ff8        0x8
                0x08006ff8                . = ALIGN (0x8)
                0x08006ff8                PROVIDE (__init_array_start, .)
 *(SORT_BY_NAME(.init_array.*))
 *(.init_array*)
 .init_array    0x08006ff8        0x4 d:/software/gcc-arm-none-eabi-7-2017-q4-major-win32/bin/../lib/gcc/arm-none-eabi/7.2.1/thumb/v7e-m/fpv4-sp/hard/crtfastmath.o
 .init_array    0x08006ffc        0x4 d:/software/gcc-arm-none-eabi-7-2017-q4-major-win32/bin/../lib/gcc/arm-none-eabi/7.2.1/thumb/v7e-m/fpv4-sp/hard/crtbegin.o
                0x08007000                PROVIDE (__init_array_end, .)
                0x08007000                . = ALIGN (0x8)

.fini_array     0x08007000        0x8
                0x08007000                . = ALIGN (0x8)
                [!provide]                PROVIDE (__fini_array_start, .)
 *(SORT_BY_NAME(.fini_array.*))
 *(.fini_array*)
 .fini_array    0x08007000        0x4 d:/software/gcc-arm-none-eabi-7-2017-q4-major-win32/bin/../lib/gcc/arm-none-eabi/7.2.1/thumb/v7e-m/fpv4-sp/hard/crtbegin.o
                [!provide]                PROVIDE (__fini_array_end, .)
                0x08007008                . = ALIGN (0x8)
 *fill*         0x08007004        0x4 
                0x08007008                _sidata = LOADADDR (.data)

.data           0x20000000      0x1e8 load address 0x08007008
                0x20000000                . = ALIGN (0x8)
                0x20000000                _sdata = .
 *(.data)
 *(.data*)
 .data.FREQ_MOVE
                0x20000000        0x2 CMakeFiles/L20.dir/at_cmd.c.obj
 *fill*         0x20000002        0x2 
 .data.p_RS232RecvType3
                0x20000004        0x4 CMakeFiles/L20.dir/bsp_uart.c.obj
 .data.SystemCoreClock
                0x20000008        0x4 CMakeFiles/L20.dir/system_stm32l4xx.c.obj
                0x20000008                SystemCoreClock
 .data.uwTickFreq
                0x2000000c        0x4 ../Drivers/CMakeFiles/driver.dir/STM32L4xx_HAL_Driver/Src/stm32l4xx_hal.c.obj
                0x2000000c                uwTickFreq
 .data.uwTickPrio
                0x20000010        0x4 ../Drivers/CMakeFiles/driver.dir/STM32L4xx_HAL_Driver/Src/stm32l4xx_hal.c.obj
                0x20000010                uwTickPrio
 .data.uxCriticalNesting
                0x20000014        0x4 ../Middlewares/CMakeFiles/rtos.dir/Third_Party/FreeRTOS/Source/portable/GCC/ARM_CM4F/port.c.obj
 .data._impure_ptr
                0x20000018        0x4 d:/software/gcc-arm-none-eabi-7-2017-q4-major-win32/bin/../lib/gcc/arm-none-eabi/7.2.1/../../../../arm-none-eabi/lib/thumb/v7e-m/fpv4-sp/hard\libg_nano.a(lib_a-impure.o)
                0x20000018                _impure_ptr
 .data.impure_data
                0x2000001c       0x60 d:/software/gcc-arm-none-eabi-7-2017-q4-major-win32/bin/../lib/gcc/arm-none-eabi/7.2.1/../../../../arm-none-eabi/lib/thumb/v7e-m/fpv4-sp/hard\libg_nano.a(lib_a-impure.o)
 .data.__global_locale
                0x2000007c      0x16c d:/software/gcc-arm-none-eabi-7-2017-q4-major-win32/bin/../lib/gcc/arm-none-eabi/7.2.1/../../../../arm-none-eabi/lib/thumb/v7e-m/fpv4-sp/hard\libg_nano.a(lib_a-locale.o)
                0x2000007c                __global_locale
                0x200001e8                . = ALIGN (0x8)
                0x200001e8                _edata = .

.igot.plt       0x200001e8        0x0 load address 0x080071f0
 .igot.plt      0x200001e8        0x0 d:/software/gcc-arm-none-eabi-7-2017-q4-major-win32/bin/../lib/gcc/arm-none-eabi/7.2.1/thumb/v7e-m/fpv4-sp/hard/crtfastmath.o
                0x200001e8                . = ALIGN (0x4)

.bss            0x200001e8     0x4ce8 load address 0x080071f0
                0x200001e8                _sbss = .
                0x200001e8                __bss_start__ = _sbss
 *(.bss)
 .bss           0x200001e8       0x1c d:/software/gcc-arm-none-eabi-7-2017-q4-major-win32/bin/../lib/gcc/arm-none-eabi/7.2.1/thumb/v7e-m/fpv4-sp/hard/crtbegin.o
 *(.bss*)
 .bss.g_at_query_buf
                0x20000204       0x80 CMakeFiles/L20.dir/at_cmd.c.obj
 .bss.RS232RecvType3
                0x20000284     0x3b10 CMakeFiles/L20.dir/bsp_uart.c.obj
 .bss.shake_cnt
                0x20003d94        0x1 CMakeFiles/L20.dir/bsp_uart.c.obj
 *fill*         0x20003d95        0x1 
 .bss.tmp_cnt   0x20003d96        0x2 CMakeFiles/L20.dir/bsp_uart.c.obj
                0x20003d96                tmp_cnt
 .bss.xRS232SendQueue3
                0x20003d98        0x4 CMakeFiles/L20.dir/bsp_uart.c.obj
                0x20003d98                xRS232SendQueue3
 .bss.xIdleStack
                0x20003d9c      0x200 CMakeFiles/L20.dir/freertos.c.obj
 .bss.xIdleTaskTCBBuffer
                0x20003f9c       0x54 CMakeFiles/L20.dir/freertos.c.obj
 .bss.pxCurrentTCB
                0x20003ff0        0x4 ../Middlewares/CMakeFiles/rtos.dir/Third_Party/FreeRTOS/Source/tasks.c.obj
                0x20003ff0                pxCurrentTCB
 .bss.pxDelayedTaskList
                0x20003ff4        0x4 ../Middlewares/CMakeFiles/rtos.dir/Third_Party/FreeRTOS/Source/tasks.c.obj
 .bss.pxOverflowDelayedTaskList
                0x20003ff8        0x4 ../Middlewares/CMakeFiles/rtos.dir/Third_Party/FreeRTOS/Source/tasks.c.obj
 .bss.pxReadyTasksLists
                0x20003ffc       0x8c ../Middlewares/CMakeFiles/rtos.dir/Third_Party/FreeRTOS/Source/tasks.c.obj
 .bss.uxCurrentNumberOfTasks
                0x20004088        0x4 ../Middlewares/CMakeFiles/rtos.dir/Third_Party/FreeRTOS/Source/tasks.c.obj
 .bss.uxDeletedTasksWaitingCleanUp
                0x2000408c        0x4 ../Middlewares/CMakeFiles/rtos.dir/Third_Party/FreeRTOS/Source/tasks.c.obj
 .bss.uxPendedTicks
                0x20004090        0x4 ../Middlewares/CMakeFiles/rtos.dir/Third_Party/FreeRTOS/Source/tasks.c.obj
 .bss.uxSchedulerSuspended
                0x20004094        0x4 ../Middlewares/CMakeFiles/rtos.dir/Third_Party/FreeRTOS/Source/tasks.c.obj
 .bss.uxTaskNumber
                0x20004098        0x4 ../Middlewares/CMakeFiles/rtos.dir/Third_Party/FreeRTOS/Source/tasks.c.obj
 .bss.uxTopReadyPriority
                0x2000409c        0x4 ../Middlewares/CMakeFiles/rtos.dir/Third_Party/FreeRTOS/Source/tasks.c.obj
 .bss.xDelayedTaskList1
                0x200040a0       0x14 ../Middlewares/CMakeFiles/rtos.dir/Third_Party/FreeRTOS/Source/tasks.c.obj
 .bss.xDelayedTaskList2
                0x200040b4       0x14 ../Middlewares/CMakeFiles/rtos.dir/Third_Party/FreeRTOS/Source/tasks.c.obj
 .bss.xNextTaskUnblockTime
                0x200040c8        0x4 ../Middlewares/CMakeFiles/rtos.dir/Third_Party/FreeRTOS/Source/tasks.c.obj
 .bss.xNumOfOverflows
                0x200040cc        0x4 ../Middlewares/CMakeFiles/rtos.dir/Third_Party/FreeRTOS/Source/tasks.c.obj
 .bss.xPendingReadyList
                0x200040d0       0x14 ../Middlewares/CMakeFiles/rtos.dir/Third_Party/FreeRTOS/Source/tasks.c.obj
 .bss.xSchedulerRunning
                0x200040e4        0x4 ../Middlewares/CMakeFiles/rtos.dir/Third_Party/FreeRTOS/Source/tasks.c.obj
 .bss.xSuspendedTaskList
                0x200040e8       0x14 ../Middlewares/CMakeFiles/rtos.dir/Third_Party/FreeRTOS/Source/tasks.c.obj
 .bss.xTasksWaitingTermination
                0x200040fc       0x14 ../Middlewares/CMakeFiles/rtos.dir/Third_Party/FreeRTOS/Source/tasks.c.obj
 .bss.xTickCount
                0x20004110        0x4 ../Middlewares/CMakeFiles/rtos.dir/Third_Party/FreeRTOS/Source/tasks.c.obj
 .bss.xYieldPending
                0x20004114        0x4 ../Middlewares/CMakeFiles/rtos.dir/Third_Party/FreeRTOS/Source/tasks.c.obj
 .bss.pxEnd     0x20004118        0x4 ../Middlewares/CMakeFiles/rtos.dir/Third_Party/FreeRTOS/Source/portable/MemMang/heap_4.c.obj
 .bss.ucHeap    0x2000411c      0xbb8 ../Middlewares/CMakeFiles/rtos.dir/Third_Party/FreeRTOS/Source/portable/MemMang/heap_4.c.obj
 .bss.xBlockAllocatedBit
                0x20004cd4        0x4 ../Middlewares/CMakeFiles/rtos.dir/Third_Party/FreeRTOS/Source/portable/MemMang/heap_4.c.obj
 .bss.xFreeBytesRemaining
                0x20004cd8        0x4 ../Middlewares/CMakeFiles/rtos.dir/Third_Party/FreeRTOS/Source/portable/MemMang/heap_4.c.obj
 .bss.xMinimumEverFreeBytesRemaining
                0x20004cdc        0x4 ../Middlewares/CMakeFiles/rtos.dir/Third_Party/FreeRTOS/Source/portable/MemMang/heap_4.c.obj
 .bss.xStart    0x20004ce0        0x8 ../Middlewares/CMakeFiles/rtos.dir/Third_Party/FreeRTOS/Source/portable/MemMang/heap_4.c.obj
 .bss.ucMaxSysCallPriority
                0x20004ce8        0x1 ../Middlewares/CMakeFiles/rtos.dir/Third_Party/FreeRTOS/Source/portable/GCC/ARM_CM4F/port.c.obj
 *fill*         0x20004ce9        0x3 
 .bss.ulMaxPRIGROUPValue
                0x20004cec        0x4 ../Middlewares/CMakeFiles/rtos.dir/Third_Party/FreeRTOS/Source/portable/GCC/ARM_CM4F/port.c.obj
 .bss.__malloc_free_list
                0x20004cf0        0x4 d:/software/gcc-arm-none-eabi-7-2017-q4-major-win32/bin/../lib/gcc/arm-none-eabi/7.2.1/../../../../arm-none-eabi/lib/thumb/v7e-m/fpv4-sp/hard\libg_nano.a(lib_a-nano-mallocr.o)
                0x20004cf0                __malloc_free_list
 .bss.__malloc_sbrk_start
                0x20004cf4        0x4 d:/software/gcc-arm-none-eabi-7-2017-q4-major-win32/bin/../lib/gcc/arm-none-eabi/7.2.1/../../../../arm-none-eabi/lib/thumb/v7e-m/fpv4-sp/hard\libg_nano.a(lib_a-nano-mallocr.o)
                0x20004cf4                __malloc_sbrk_start
 .bss.heap_end.5377
                0x20004cf8        0x4 d:/software/gcc-arm-none-eabi-7-2017-q4-major-win32/bin/../lib/gcc/arm-none-eabi/7.2.1/../../../../arm-none-eabi/lib/thumb/v7e-m/fpv4-sp/hard\libnosys.a(sbrk.o)
 *(COMMON)
 COMMON         0x20004cfc        0xc CMakeFiles/L20.dir/freertos.c.obj
                0x20004cfc                defaultTaskHandle
                0x20004d00                tmp_vaule
                0x20004d04                qma6981Handle
 COMMON         0x20004d08       0x4c CMakeFiles/L20.dir/i2c.c.obj
                0x20004d08                hi2c2
 COMMON         0x20004d54       0x64 CMakeFiles/L20.dir/spi.c.obj
                0x20004d54                hspi2
 COMMON         0x20004db8      0x110 CMakeFiles/L20.dir/usart.c.obj
                0x20004db8                hdma_usart1_tx
                0x20004e00                hdma_usart1_rx
                0x20004e48                huart1
 COMMON         0x20004ec8        0x4 ../Drivers/CMakeFiles/driver.dir/STM32L4xx_HAL_Driver/Src/stm32l4xx_hal.c.obj
                0x20004ec8                uwTick
 COMMON         0x20004ecc        0x4 d:/software/gcc-arm-none-eabi-7-2017-q4-major-win32/bin/../lib/gcc/arm-none-eabi/7.2.1/../../../../arm-none-eabi/lib/thumb/v7e-m/fpv4-sp/hard\libg_nano.a(lib_a-reent.o)
                0x20004ecc                errno
                0x20004ed0                . = ALIGN (0x4)
                0x20004ed0                _ebss = .
                0x20004ed0                __bss_end__ = _ebss

._user_heap_stack
                0x20004ed0      0x600 load address 0x080071f0
                0x20004ed0                . = ALIGN (0x8)
                0x20004ed0                PROVIDE (end, .)
                [!provide]                PROVIDE (_end, .)
                0x200050d0                . = (. + _Min_Heap_Size)
 *fill*         0x20004ed0      0x200 
                0x200054d0                . = (. + _Min_Stack_Size)
 *fill*         0x200050d0      0x400 
                0x200054d0                . = ALIGN (0x8)

/DISCARD/
 libc.a(*)
 libm.a(*)
 libgcc.a(*)

.ARM.attributes
                0x00000000       0x32
 *(.ARM.attributes)
 .ARM.attributes
                0x00000000       0x34 d:/software/gcc-arm-none-eabi-7-2017-q4-major-win32/bin/../lib/gcc/arm-none-eabi/7.2.1/thumb/v7e-m/fpv4-sp/hard/crtfastmath.o
 .ARM.attributes
                0x00000034       0x22 d:/software/gcc-arm-none-eabi-7-2017-q4-major-win32/bin/../lib/gcc/arm-none-eabi/7.2.1/thumb/v7e-m/fpv4-sp/hard/crti.o
 .ARM.attributes
                0x00000056       0x34 d:/software/gcc-arm-none-eabi-7-2017-q4-major-win32/bin/../lib/gcc/arm-none-eabi/7.2.1/thumb/v7e-m/fpv4-sp/hard/crtbegin.o
 .ARM.attributes
                0x0000008a       0x35 CMakeFiles/L20.dir/QMA6981.c.obj
 .ARM.attributes
                0x000000bf       0x35 CMakeFiles/L20.dir/at_cmd.c.obj
 .ARM.attributes
                0x000000f4       0x35 CMakeFiles/L20.dir/bsp_uart.c.obj
 .ARM.attributes
                0x00000129       0x35 CMakeFiles/L20.dir/dma.c.obj
 .ARM.attributes
                0x0000015e       0x35 CMakeFiles/L20.dir/freertos.c.obj
 .ARM.attributes
                0x00000193       0x35 CMakeFiles/L20.dir/gpio.c.obj
 .ARM.attributes
                0x000001c8       0x35 CMakeFiles/L20.dir/i2c.c.obj
 .ARM.attributes
                0x000001fd       0x35 CMakeFiles/L20.dir/main.c.obj
 .ARM.attributes
                0x00000232       0x35 CMakeFiles/L20.dir/spi.c.obj
 .ARM.attributes
                0x00000267       0x35 CMakeFiles/L20.dir/stm32l4xx_hal_msp.c.obj
 .ARM.attributes
                0x0000029c       0x35 CMakeFiles/L20.dir/stm32l4xx_it.c.obj
 .ARM.attributes
                0x000002d1       0x35 CMakeFiles/L20.dir/system_stm32l4xx.c.obj
 .ARM.attributes
                0x00000306       0x35 CMakeFiles/L20.dir/usart.c.obj
 .ARM.attributes
                0x0000033b       0x35 ../Drivers/CMakeFiles/driver.dir/STM32L4xx_HAL_Driver/Src/stm32l4xx_hal_uart.c.obj
 .ARM.attributes
                0x00000370       0x35 ../Drivers/CMakeFiles/driver.dir/STM32L4xx_HAL_Driver/Src/stm32l4xx_hal_uart_ex.c.obj
 .ARM.attributes
                0x000003a5       0x35 ../Drivers/CMakeFiles/driver.dir/STM32L4xx_HAL_Driver/Src/stm32l4xx_hal.c.obj
 .ARM.attributes
                0x000003da       0x35 ../Drivers/CMakeFiles/driver.dir/STM32L4xx_HAL_Driver/Src/stm32l4xx_hal_i2c.c.obj
 .ARM.attributes
                0x0000040f       0x35 ../Drivers/CMakeFiles/driver.dir/STM32L4xx_HAL_Driver/Src/stm32l4xx_hal_i2c_ex.c.obj
 .ARM.attributes
                0x00000444       0x35 ../Drivers/CMakeFiles/driver.dir/STM32L4xx_HAL_Driver/Src/stm32l4xx_hal_rcc.c.obj
 .ARM.attributes
                0x00000479       0x35 ../Drivers/CMakeFiles/driver.dir/STM32L4xx_HAL_Driver/Src/stm32l4xx_hal_rcc_ex.c.obj
 .ARM.attributes
                0x000004ae       0x35 ../Drivers/CMakeFiles/driver.dir/STM32L4xx_HAL_Driver/Src/stm32l4xx_hal_gpio.c.obj
 .ARM.attributes
                0x000004e3       0x35 ../Drivers/CMakeFiles/driver.dir/STM32L4xx_HAL_Driver/Src/stm32l4xx_hal_dma.c.obj
 .ARM.attributes
                0x00000518       0x35 ../Drivers/CMakeFiles/driver.dir/STM32L4xx_HAL_Driver/Src/stm32l4xx_hal_pwr.c.obj
 .ARM.attributes
                0x0000054d       0x35 ../Drivers/CMakeFiles/driver.dir/STM32L4xx_HAL_Driver/Src/stm32l4xx_hal_pwr_ex.c.obj
 .ARM.attributes
                0x00000582       0x35 ../Drivers/CMakeFiles/driver.dir/STM32L4xx_HAL_Driver/Src/stm32l4xx_hal_cortex.c.obj
 .ARM.attributes
                0x000005b7       0x35 ../Drivers/CMakeFiles/driver.dir/STM32L4xx_HAL_Driver/Src/stm32l4xx_hal_spi.c.obj
 .ARM.attributes
                0x000005ec       0x21 ../Drivers/CMakeFiles/driver.dir/__/startup_stm32l433xx.s.obj
 .ARM.attributes
                0x0000060d       0x35 ../Middlewares/CMakeFiles/rtos.dir/Third_Party/FreeRTOS/Source/list.c.obj
 .ARM.attributes
                0x00000642       0x35 ../Middlewares/CMakeFiles/rtos.dir/Third_Party/FreeRTOS/Source/queue.c.obj
 .ARM.attributes
                0x00000677       0x35 ../Middlewares/CMakeFiles/rtos.dir/Third_Party/FreeRTOS/Source/tasks.c.obj
 .ARM.attributes
                0x000006ac       0x35 ../Middlewares/CMakeFiles/rtos.dir/Third_Party/FreeRTOS/Source/CMSIS_RTOS/cmsis_os.c.obj
 .ARM.attributes
                0x000006e1       0x35 ../Middlewares/CMakeFiles/rtos.dir/Third_Party/FreeRTOS/Source/portable/MemMang/heap_4.c.obj
 .ARM.attributes
                0x00000716       0x35 ../Middlewares/CMakeFiles/rtos.dir/Third_Party/FreeRTOS/Source/portable/GCC/ARM_CM4F/port.c.obj
 .ARM.attributes
                0x0000074b       0x22 d:/software/gcc-arm-none-eabi-7-2017-q4-major-win32/bin/../lib/gcc/arm-none-eabi/7.2.1/thumb/v7e-m/fpv4-sp/hard\libgcc.a(_arm_addsubdf3.o)
 .ARM.attributes
                0x0000076d       0x22 d:/software/gcc-arm-none-eabi-7-2017-q4-major-win32/bin/../lib/gcc/arm-none-eabi/7.2.1/thumb/v7e-m/fpv4-sp/hard\libgcc.a(_arm_muldivdf3.o)
 .ARM.attributes
                0x0000078f       0x22 d:/software/gcc-arm-none-eabi-7-2017-q4-major-win32/bin/../lib/gcc/arm-none-eabi/7.2.1/thumb/v7e-m/fpv4-sp/hard\libgcc.a(_arm_truncdfsf2.o)
 .ARM.attributes
                0x000007b1       0x22 d:/software/gcc-arm-none-eabi-7-2017-q4-major-win32/bin/../lib/gcc/arm-none-eabi/7.2.1/thumb/v7e-m/fpv4-sp/hard\libgcc.a(_aeabi_uldivmod.o)
 .ARM.attributes
                0x000007d3       0x34 d:/software/gcc-arm-none-eabi-7-2017-q4-major-win32/bin/../lib/gcc/arm-none-eabi/7.2.1/thumb/v7e-m/fpv4-sp/hard\libgcc.a(_udivmoddi4.o)
 .ARM.attributes
                0x00000807       0x22 d:/software/gcc-arm-none-eabi-7-2017-q4-major-win32/bin/../lib/gcc/arm-none-eabi/7.2.1/thumb/v7e-m/fpv4-sp/hard\libgcc.a(_dvmd_tls.o)
 .ARM.attributes
                0x00000829       0x34 d:/software/gcc-arm-none-eabi-7-2017-q4-major-win32/bin/../lib/gcc/arm-none-eabi/7.2.1/../../../../arm-none-eabi/lib/thumb/v7e-m/fpv4-sp/hard\libg_nano.a(lib_a-impure.o)
 .ARM.attributes
                0x0000085d       0x34 d:/software/gcc-arm-none-eabi-7-2017-q4-major-win32/bin/../lib/gcc/arm-none-eabi/7.2.1/../../../../arm-none-eabi/lib/thumb/v7e-m/fpv4-sp/hard\libg_nano.a(lib_a-init.o)
 .ARM.attributes
                0x00000891       0x34 d:/software/gcc-arm-none-eabi-7-2017-q4-major-win32/bin/../lib/gcc/arm-none-eabi/7.2.1/../../../../arm-none-eabi/lib/thumb/v7e-m/fpv4-sp/hard\libg_nano.a(lib_a-memcpy-stub.o)
 .ARM.attributes
                0x000008c5       0x34 d:/software/gcc-arm-none-eabi-7-2017-q4-major-win32/bin/../lib/gcc/arm-none-eabi/7.2.1/../../../../arm-none-eabi/lib/thumb/v7e-m/fpv4-sp/hard\libg_nano.a(lib_a-memset.o)
 .ARM.attributes
                0x000008f9       0x34 d:/software/gcc-arm-none-eabi-7-2017-q4-major-win32/bin/../lib/gcc/arm-none-eabi/7.2.1/../../../../arm-none-eabi/lib/thumb/v7e-m/fpv4-sp/hard\libg_nano.a(lib_a-printf.o)
 .ARM.attributes
                0x0000092d       0x34 d:/software/gcc-arm-none-eabi-7-2017-q4-major-win32/bin/../lib/gcc/arm-none-eabi/7.2.1/../../../../arm-none-eabi/lib/thumb/v7e-m/fpv4-sp/hard\libg_nano.a(lib_a-snprintf.o)
 .ARM.attributes
                0x00000961       0x34 d:/software/gcc-arm-none-eabi-7-2017-q4-major-win32/bin/../lib/gcc/arm-none-eabi/7.2.1/../../../../arm-none-eabi/lib/thumb/v7e-m/fpv4-sp/hard\libg_nano.a(lib_a-sprintf.o)
 .ARM.attributes
                0x00000995       0x34 d:/software/gcc-arm-none-eabi-7-2017-q4-major-win32/bin/../lib/gcc/arm-none-eabi/7.2.1/../../../../arm-none-eabi/lib/thumb/v7e-m/fpv4-sp/hard\libg_nano.a(lib_a-stdio.o)
 .ARM.attributes
                0x000009c9       0x20 d:/software/gcc-arm-none-eabi-7-2017-q4-major-win32/bin/../lib/gcc/arm-none-eabi/7.2.1/../../../../arm-none-eabi/lib/thumb/v7e-m/fpv4-sp/hard\libg_nano.a(lib_a-strcmp.o)
 .ARM.attributes
                0x000009e9       0x1b d:/software/gcc-arm-none-eabi-7-2017-q4-major-win32/bin/../lib/gcc/arm-none-eabi/7.2.1/../../../../arm-none-eabi/lib/thumb/v7e-m/fpv4-sp/hard\libg_nano.a(lib_a-strlen.o)
 .ARM.attributes
                0x00000a04       0x34 d:/software/gcc-arm-none-eabi-7-2017-q4-major-win32/bin/../lib/gcc/arm-none-eabi/7.2.1/../../../../arm-none-eabi/lib/thumb/v7e-m/fpv4-sp/hard\libg_nano.a(lib_a-strncmp.o)
 .ARM.attributes
                0x00000a38       0x34 d:/software/gcc-arm-none-eabi-7-2017-q4-major-win32/bin/../lib/gcc/arm-none-eabi/7.2.1/../../../../arm-none-eabi/lib/thumb/v7e-m/fpv4-sp/hard\libg_nano.a(lib_a-strstr.o)
 .ARM.attributes
                0x00000a6c       0x34 d:/software/gcc-arm-none-eabi-7-2017-q4-major-win32/bin/../lib/gcc/arm-none-eabi/7.2.1/../../../../arm-none-eabi/lib/thumb/v7e-m/fpv4-sp/hard\libg_nano.a(lib_a-strtok.o)
 .ARM.attributes
                0x00000aa0       0x34 d:/software/gcc-arm-none-eabi-7-2017-q4-major-win32/bin/../lib/gcc/arm-none-eabi/7.2.1/../../../../arm-none-eabi/lib/thumb/v7e-m/fpv4-sp/hard\libg_nano.a(lib_a-strtok_r.o)
 .ARM.attributes
                0x00000ad4       0x34 d:/software/gcc-arm-none-eabi-7-2017-q4-major-win32/bin/../lib/gcc/arm-none-eabi/7.2.1/../../../../arm-none-eabi/lib/thumb/v7e-m/fpv4-sp/hard\libg_nano.a(lib_a-strtol.o)
 .ARM.attributes
                0x00000b08       0x34 d:/software/gcc-arm-none-eabi-7-2017-q4-major-win32/bin/../lib/gcc/arm-none-eabi/7.2.1/../../../../arm-none-eabi/lib/thumb/v7e-m/fpv4-sp/hard\libg_nano.a(lib_a-writer.o)
 .ARM.attributes
                0x00000b3c       0x34 d:/software/gcc-arm-none-eabi-7-2017-q4-major-win32/bin/../lib/gcc/arm-none-eabi/7.2.1/../../../../arm-none-eabi/lib/thumb/v7e-m/fpv4-sp/hard\libg_nano.a(lib_a-closer.o)
 .ARM.attributes
                0x00000b70       0x34 d:/software/gcc-arm-none-eabi-7-2017-q4-major-win32/bin/../lib/gcc/arm-none-eabi/7.2.1/../../../../arm-none-eabi/lib/thumb/v7e-m/fpv4-sp/hard\libg_nano.a(lib_a-findfp.o)
 .ARM.attributes
                0x00000ba4       0x34 d:/software/gcc-arm-none-eabi-7-2017-q4-major-win32/bin/../lib/gcc/arm-none-eabi/7.2.1/../../../../arm-none-eabi/lib/thumb/v7e-m/fpv4-sp/hard\libg_nano.a(lib_a-fwalk.o)
 .ARM.attributes
                0x00000bd8       0x34 d:/software/gcc-arm-none-eabi-7-2017-q4-major-win32/bin/../lib/gcc/arm-none-eabi/7.2.1/../../../../arm-none-eabi/lib/thumb/v7e-m/fpv4-sp/hard\libg_nano.a(lib_a-locale.o)
 .ARM.attributes
                0x00000c0c       0x34 d:/software/gcc-arm-none-eabi-7-2017-q4-major-win32/bin/../lib/gcc/arm-none-eabi/7.2.1/../../../../arm-none-eabi/lib/thumb/v7e-m/fpv4-sp/hard\libg_nano.a(lib_a-lseekr.o)
 .ARM.attributes
                0x00000c40       0x34 d:/software/gcc-arm-none-eabi-7-2017-q4-major-win32/bin/../lib/gcc/arm-none-eabi/7.2.1/../../../../arm-none-eabi/lib/thumb/v7e-m/fpv4-sp/hard\libg_nano.a(lib_a-malloc.o)
 .ARM.attributes
                0x00000c74       0x34 d:/software/gcc-arm-none-eabi-7-2017-q4-major-win32/bin/../lib/gcc/arm-none-eabi/7.2.1/../../../../arm-none-eabi/lib/thumb/v7e-m/fpv4-sp/hard\libg_nano.a(lib_a-mbtowc_r.o)
 .ARM.attributes
                0x00000ca8       0x34 d:/software/gcc-arm-none-eabi-7-2017-q4-major-win32/bin/../lib/gcc/arm-none-eabi/7.2.1/../../../../arm-none-eabi/lib/thumb/v7e-m/fpv4-sp/hard\libg_nano.a(lib_a-nano-freer.o)
 .ARM.attributes
                0x00000cdc       0x34 d:/software/gcc-arm-none-eabi-7-2017-q4-major-win32/bin/../lib/gcc/arm-none-eabi/7.2.1/../../../../arm-none-eabi/lib/thumb/v7e-m/fpv4-sp/hard\libg_nano.a(lib_a-nano-mallocr.o)
 .ARM.attributes
                0x00000d10       0x34 d:/software/gcc-arm-none-eabi-7-2017-q4-major-win32/bin/../lib/gcc/arm-none-eabi/7.2.1/../../../../arm-none-eabi/lib/thumb/v7e-m/fpv4-sp/hard\libg_nano.a(lib_a-nano-svfprintf.o)
 .ARM.attributes
                0x00000d44       0x34 d:/software/gcc-arm-none-eabi-7-2017-q4-major-win32/bin/../lib/gcc/arm-none-eabi/7.2.1/../../../../arm-none-eabi/lib/thumb/v7e-m/fpv4-sp/hard\libg_nano.a(lib_a-nano-vfprintf.o)
 .ARM.attributes
                0x00000d78       0x34 d:/software/gcc-arm-none-eabi-7-2017-q4-major-win32/bin/../lib/gcc/arm-none-eabi/7.2.1/../../../../arm-none-eabi/lib/thumb/v7e-m/fpv4-sp/hard\libg_nano.a(lib_a-nano-vfprintf_i.o)
 .ARM.attributes
                0x00000dac       0x34 d:/software/gcc-arm-none-eabi-7-2017-q4-major-win32/bin/../lib/gcc/arm-none-eabi/7.2.1/../../../../arm-none-eabi/lib/thumb/v7e-m/fpv4-sp/hard\libg_nano.a(lib_a-readr.o)
 .ARM.attributes
                0x00000de0       0x34 d:/software/gcc-arm-none-eabi-7-2017-q4-major-win32/bin/../lib/gcc/arm-none-eabi/7.2.1/../../../../arm-none-eabi/lib/thumb/v7e-m/fpv4-sp/hard\libg_nano.a(lib_a-reent.o)
 .ARM.attributes
                0x00000e14       0x34 d:/software/gcc-arm-none-eabi-7-2017-q4-major-win32/bin/../lib/gcc/arm-none-eabi/7.2.1/../../../../arm-none-eabi/lib/thumb/v7e-m/fpv4-sp/hard\libg_nano.a(lib_a-sbrkr.o)
 .ARM.attributes
                0x00000e48       0x34 d:/software/gcc-arm-none-eabi-7-2017-q4-major-win32/bin/../lib/gcc/arm-none-eabi/7.2.1/../../../../arm-none-eabi/lib/thumb/v7e-m/fpv4-sp/hard\libg_nano.a(lib_a-wbuf.o)
 .ARM.attributes
                0x00000e7c       0x34 d:/software/gcc-arm-none-eabi-7-2017-q4-major-win32/bin/../lib/gcc/arm-none-eabi/7.2.1/../../../../arm-none-eabi/lib/thumb/v7e-m/fpv4-sp/hard\libg_nano.a(lib_a-wctomb_r.o)
 .ARM.attributes
                0x00000eb0       0x34 d:/software/gcc-arm-none-eabi-7-2017-q4-major-win32/bin/../lib/gcc/arm-none-eabi/7.2.1/../../../../arm-none-eabi/lib/thumb/v7e-m/fpv4-sp/hard\libg_nano.a(lib_a-wsetup.o)
 .ARM.attributes
                0x00000ee4       0x34 d:/software/gcc-arm-none-eabi-7-2017-q4-major-win32/bin/../lib/gcc/arm-none-eabi/7.2.1/../../../../arm-none-eabi/lib/thumb/v7e-m/fpv4-sp/hard\libg_nano.a(lib_a-ctype_.o)
 .ARM.attributes
                0x00000f18       0x34 d:/software/gcc-arm-none-eabi-7-2017-q4-major-win32/bin/../lib/gcc/arm-none-eabi/7.2.1/../../../../arm-none-eabi/lib/thumb/v7e-m/fpv4-sp/hard\libg_nano.a(lib_a-fflush.o)
 .ARM.attributes